smartctl 7.4 2023-08-01 r5530 [FreeBSD 14.1-STABLE amd64] (local build)
Copyright (C) 2002-23, Bruce Allen, Christian Franke, www.smartmontools.org

=== START OF INFORMATION SECTION ===
Model Family:     JMicron/Maxiotek based SSDs
Device Model:     TS32GSSD340K
Serial Number:    491282...
LU WWN Device Id: 5 000000 000000000
Firmware Version: SVN118B
User Capacity:    32.017.047.552 bytes [32,0 GB]
Sector Size:      512 bytes logical/physical
Rotation Rate:    Solid State Device
Form Factor:      2.5 inches
TRIM Command:     Available
Device is:        In smartctl database 7.3/5610
ATA Version is:   ACS-2 (minor revision not indicated)
SATA Version is:  SATA 3.1, 6.0 Gb/s (current: 3.0 Gb/s)
Local Time is:    Tue Sep  3 17:40:12 2024 CEST
SMART support is: Available - device has SMART capability.
SMART support is: Enabled
AAM feature is:   Unavailable
APM level is:     254 (maximum performance)
Rd look-ahead is: Enabled
Write cache is:   Enabled
DSN feature is:   Unavailable
ATA Security is:  Disabled, frozen [SEC2]
Wt Cache Reorder: Enabled

=== START OF READ SMART DATA SECTION ===
SMART overall-health self-assessment test result: PASSED

General SMART Values:
Offline data collection status:  (0x02)	Offline data collection activity
					was completed without error.
					Auto Offline Data Collection: Disabled.
Self-test execution status:      (   0)	The previous self-test routine completed
					without error or no self-test has ever 
					been run.
Total time to complete Offline 
data collection: 		(   32) seconds.
Offline data collection
capabilities: 			 (0x5b) SMART execute Offline immediate.
					Auto Offline data collection on/off support.
					Suspend Offline collection upon new
					command.
					Offline surface scan supported.
					Self-test supported.
					No Conveyance Self-test supported.
					Selective Self-test supported.
SMART capabilities:            (0x0003)	Saves SMART data before entering
					power-saving mode.
					Supports SMART auto save timer.
Error logging capability:        (0x01)	Error logging supported.
					General Purpose Logging supported.
Short self-test routine 
recommended polling time: 	 (   1) minutes.
Extended self-test routine
recommended polling time: 	 (   1) minutes.
SCT capabilities: 	       (0x0039)	SCT Status supported.
					SCT Error Recovery Control supported.
					SCT Feature Control supported.
					SCT Data Table supported.

SMART Attributes Data Structure revision number: 16
Vendor Specific SMART Attributes with Thresholds:
ID# ATTRIBUTE_NAME          FLAGS    VALUE WORST THRESH FAIL RAW_VALUE
  1 Raw_Read_Error_Rate     -O-R--   100   100   000    -    0
  2 Throughput_Performance  P-S---   100   100   050    -    0
  3 Unknown_JMF_Attribute   POS---   100   100   050    -    0
  5 Reallocated_Sector_Ct   PO--C-   100   100   050    -    0
  7 Unknown_JMF_Attribute   PO-R--   100   100   050    -    0
  8 Unknown_JMF_Attribute   P-S---   100   100   050    -    0
  9 Power_On_Hours          -O--C-   100   100   000    -    37129
 10 Unknown_JMF_Attribute   PO--C-   100   100   050    -    0
 12 Power_Cycle_Count       -O--C-   100   100   000    -    123
167 Unknown_JMF_Attribute   -O---K   100   100   000    -    0
169 Unknown_JMF_Attribute   PO--C-   100   100   010    -    0
170 Bad_Block_Count         PO--C-   100   100   010    -    0 0 0
173 Erase_Count             -O--C-   174   174   000    -    60 128 1
175 Bad_Cluster_Table_Count PO--C-   100   100   010    -    0
180 Unknown_JMF_Attribute   PO--CK   100   100   020    -    138
187 Unknown_JMF_Attribute   PO--CK   100   100   000    -    1000
192 Unexpect_Power_Loss_Ct  -O--C-   100   100   000    -    15
194 Temperature_Celsius     -O---K   074   074   030    -    26 (Min/Max 25/29)
197 Current_Pending_Sector  -O--C-   100   100   000    -    0
231 Unknown_JMF_Attribute   PO--CK   094   094   005    -    6
233 Unknown_JMF_Attribute   -O--CK   100   100   000    -    3992672384
234 Unknown_JMF_Attribute   -O--CK   100   100   000    -    2460492480
240 Unknown_JMF_Attribute   PO--C-   100   100   050    -    0
241 Total_LBAs_Written      -O--CK   100   100   000    -    15293366557
242 Total_LBAs_Read         -O--CK   100   100   000    -    823440970
                            ||||||_ K auto-keep
                            |||||__ C event count
                            ||||___ R error rate
                            |||____ S speed/performance
                            ||_____ O updated online
                            |______ P prefailure warning

General Purpose Log Directory Version 1
SMART           Log Directory Version 1 [multi-sector log support]
Address    Access  R/W   Size  Description
0x00       GPL,SL  R/O      1  Log Directory
0x01           SL  R/O      1  Summary SMART error log
0x02           SL  R/O     51  Comprehensive SMART error log
0x03       GPL     R/O     64  Ext. Comprehensive SMART error log
0x04       GPL,SL  R/O      8  Device Statistics log
0x06           SL  R/O      1  SMART self-test log
0x07       GPL     R/O      1  Extended self-test log
0x09           SL  R/W      1  Selective self-test log
0x10       GPL     R/O      1  NCQ Command Error log
0x11       GPL     R/O      1  SATA Phy Event Counters log
0x30       GPL,SL  R/O      9  IDENTIFY DEVICE data log
0x80-0x9f  GPL,SL  R/W     16  Host vendor specific log
0xe0       GPL,SL  R/W      1  SCT Command/Status
0xe1       GPL,SL  R/W      1  SCT Data Transfer

SMART Extended Comprehensive Error Log Version: 1 (64 sectors)
No Errors Logged

SMART Error Log Version: 1
No Errors Logged

SMART Extended Self-test Log Version: 1 (1 sectors)
Num  Test_Description    Status                  Remaining  LifeTime(hours)  LBA_of_first_error
# 1  Short offline       Completed without error       00%     37113         -
# 2  Short offline       Completed without error       00%     37089         -
# 3  Short offline       Completed without error       00%     37065         -
# 4  Short offline       Completed without error       00%     37047         -
# 5  Short offline       Completed without error       00%     37023         -
# 6  Short offline       Completed without error       00%     36999         -
# 7  Short offline       Completed without error       00%     36975         -
# 8  Short offline       Completed without error       00%     36951         -
# 9  Short offline       Completed without error       00%     36927         -
#10  Short offline       Completed without error       00%     36903         -
#11  Short offline       Completed without error       00%     36879         -
#12  Short offline       Completed without error       00%     36855         -
#13  Short offline       Completed without error       00%     36831         -
#14  Short offline       Completed without error       00%     36807         -
#15  Short offline       Completed without error       00%     36783         -
#16  Short offline       Completed without error       00%     36759         -
#17  Short offline       Completed without error       00%     36736         -
#18  Short offline       Completed without error       00%     36712         -
#19  Short offline       Completed without error       00%     36688         -

SMART Self-test log structure revision number 1
Num  Test_Description    Status                  Remaining  LifeTime(hours)  LBA_of_first_error
# 1  Short offline       Completed without error       00%     37113         -
# 2  Short offline       Completed without error       00%     37089         -
# 3  Short offline       Completed without error       00%     37065         -
# 4  Short offline       Completed without error       00%     37047         -
# 5  Short offline       Completed without error       00%     37023         -
# 6  Short offline       Completed without error       00%     36999         -
# 7  Short offline       Completed without error       00%     36975         -
# 8  Short offline       Completed without error       00%     36951         -
# 9  Short offline       Completed without error       00%     36927         -
#10  Short offline       Completed without error       00%     36903         -
#11  Short offline       Completed without error       00%     36879         -
#12  Short offline       Completed without error       00%     36855         -
#13  Short offline       Completed without error       00%     36831         -
#14  Short offline       Completed without error       00%     36807         -
#15  Short offline       Completed without error       00%     36783         -
#16  Short offline       Completed without error       00%     36759         -
#17  Short offline       Completed without error       00%     36736         -
#18  Short offline       Completed without error       00%     36712         -
#19  Short offline       Completed without error       00%     36688         -
#20  Extended offline    Completed without error       00%     36684         -
#21  Short offline       Completed without error       00%     36664         -

SMART Selective self-test log data structure revision number 1
 SPAN  MIN_LBA  MAX_LBA  CURRENT_TEST_STATUS
    1        0        0  Not_testing
    2        0        0  Not_testing
    3        0        0  Not_testing
    4        0        0  Not_testing
    5        0        0  Not_testing
Selective self-test flags (0x0):
  After scanning selected spans, do NOT read-scan remainder of disk.
If Selective self-test is pending on power-up, resume after 0 minute delay.

SCT Status Version:                  3
SCT Version (vendor specific):       1 (0x0001)
Device State:                        Active (0)
Current Temperature:                     0 Celsius
Power Cycle Min/Max Temperature:     --/ 0 Celsius
Lifetime    Min/Max Temperature:     --/ 0 Celsius

SCT Temperature History Version:     2
Temperature Sampling Period:         1 minute
Temperature Logging Interval:        1 minute
Min/Max recommended Temperature:     -127/127 Celsius
Min/Max Temperature Limit:           -127/127 Celsius
Temperature History Size (Index):    478 (336)

Index    Estimated Time   Temperature Celsius
 337    2024-09-03 09:43    25  ******
 338    2024-09-03 09:44    26  *******
 339    2024-09-03 09:45    25  ******
 ...    ..(  7 skipped).    ..  ******
 347    2024-09-03 09:53    25  ******
 348    2024-09-03 09:54    26  *******
 349    2024-09-03 09:55    26  *******
 350    2024-09-03 09:56    27  ********
 351    2024-09-03 09:57    28  *********
 352    2024-09-03 09:58    28  *********
 353    2024-09-03 09:59    29  **********
 354    2024-09-03 10:00    29  **********
 355    2024-09-03 10:01    28  *********
 ...    ..(  2 skipped).    ..  *********
 358    2024-09-03 10:04    28  *********
 359    2024-09-03 10:05    27  ********
 ...    ..(  6 skipped).    ..  ********
 366    2024-09-03 10:12    27  ********
 367    2024-09-03 10:13    28  *********
 ...    ..( 54 skipped).    ..  *********
 422    2024-09-03 11:08    28  *********
 423    2024-09-03 11:09    27  ********
 ...    ..(  3 skipped).    ..  ********
 427    2024-09-03 11:13    27  ********
 428    2024-09-03 11:14    26  *******
 ...    ..( 18 skipped).    ..  *******
 447    2024-09-03 11:33    26  *******
 448    2024-09-03 11:34    27  ********
 ...    ..( 10 skipped).    ..  ********
 459    2024-09-03 11:45    27  ********
 460    2024-09-03 11:46    26  *******
 461    2024-09-03 11:47    27  ********
 462    2024-09-03 11:48    26  *******
 ...    ..( 96 skipped).    ..  *******
  81    2024-09-03 13:25    26  *******
  82    2024-09-03 13:26    27  ********
  83    2024-09-03 13:27    27  ********
  84    2024-09-03 13:28    26  *******
  85    2024-09-03 13:29    27  ********
 ...    ..(  3 skipped).    ..  ********
  89    2024-09-03 13:33    27  ********
  90    2024-09-03 13:34    26  *******
 ...    ..(  3 skipped).    ..  *******
  94    2024-09-03 13:38    26  *******
  95    2024-09-03 13:39    27  ********
  96    2024-09-03 13:40    26  *******
 ...    ..(  3 skipped).    ..  *******
 100    2024-09-03 13:44    26  *******
 101    2024-09-03 13:45    27  ********
 102    2024-09-03 13:46    26  *******
 ...    ..( 81 skipped).    ..  *******
 184    2024-09-03 15:08    26  *******
 185    2024-09-03 15:09    25  ******
 186    2024-09-03 15:10    26  *******
 ...    ..( 13 skipped).    ..  *******
 200    2024-09-03 15:24    26  *******
 201    2024-09-03 15:25    25  ******
 202    2024-09-03 15:26    26  *******
 203    2024-09-03 15:27    25  ******
 204    2024-09-03 15:28    26  *******
 ...    ..(  3 skipped).    ..  *******
 208    2024-09-03 15:32    26  *******
 209    2024-09-03 15:33    25  ******
 210    2024-09-03 15:34    26  *******
 211    2024-09-03 15:35    26  *******
 212    2024-09-03 15:36    25  ******
 213    2024-09-03 15:37    26  *******
 214    2024-09-03 15:38    26  *******
 215    2024-09-03 15:39    25  ******
 216    2024-09-03 15:40    26  *******
 ...    ..(  3 skipped).    ..  *******
 220    2024-09-03 15:44    26  *******
 221    2024-09-03 15:45    25  ******
 222    2024-09-03 15:46    26  *******
 ...    ..(  5 skipped).    ..  *******
 228    2024-09-03 15:52    26  *******
 229    2024-09-03 15:53    25  ******
 230    2024-09-03 15:54    26  *******
 231    2024-09-03 15:55    26  *******
 232    2024-09-03 15:56    26  *******
 233    2024-09-03 15:57    25  ******
 234    2024-09-03 15:58    26  *******
 ...    ..(101 skipped).    ..  *******
 336    2024-09-03 17:40    26  *******

SCT Error Recovery Control:
           Read:     70 (7,0 seconds)
          Write:     70 (7,0 seconds)

Device Statistics (GP Log 0x04)
Page  Offset Size        Value Flags Description
0x01  =====  =               =  ===  == General Statistics (rev 2) ==
0x01  0x008  4             123  ---  Lifetime Power-On Resets
0x01  0x018  6     15293366557  ---  Logical Sectors Written
0x01  0x020  6       264642719  ---  Number of Write Commands
0x01  0x028  6       823440970  ---  Logical Sectors Read
0x01  0x030  6        25931437  ---  Number of Read Commands
0x01  0x038  6    133664400000  ---  Date and Time TimeStamp
0x07  =====  =               =  ===  == Solid State Device Statistics (rev 1) ==
0x07  0x008  1               5  N--  Percentage Used Endurance Indicator
                                |||_ C monitored condition met
                                ||__ D supports DSN
                                |___ N normalized value

Pending Defects log (GP Log 0x0c) not supported

SATA Phy Event Counters (GP Log 0x11)
ID      Size     Value  Description
0x0001  2            0  Command failed due to ICRC error
0x0003  2            0  R_ERR response for device-to-host data FIS
0x0004  2            0  R_ERR response for host-to-device data FIS
0x0006  2            0  R_ERR response for device-to-host non-data FIS
0x0007  2            0  R_ERR response for host-to-device non-data FIS
0x0008  2            0  Device-to-host non-data FIS retries
0x0009  4            0  Transition from drive PhyRdy to drive PhyNRdy
0x000a  4          834  Device-to-host register FISes sent due to a COMRESET
0x000f  2            0  R_ERR response for host-to-device data FIS, CRC
0x0010  2            0  R_ERR response for host-to-device data FIS, non-CRC
0x0012  2            0  R_ERR response for host-to-device non-data FIS, CRC
0x0013  2            0  R_ERR response for host-to-device non-data FIS, non-CRC

