smartctl 7.4 2023-08-01 r5530 [FreeBSD 14.1-STABLE amd64] (local build)
Copyright (C) 2002-23, Bruce Allen, Christian Franke, www.smartmontools.org

=== START OF INFORMATION SECTION ===
Model Family:     JMicron/Maxiotek based SSDs
Device Model:     TS32GSSD340K
Serial Number:    491282...
LU WWN Device Id: 5 000000 000000000
Firmware Version: SVN118B
User Capacity:    32.017.047.552 bytes [32,0 GB]
Sector Size:      512 bytes logical/physical
Rotation Rate:    Solid State Device
Form Factor:      2.5 inches
TRIM Command:     Available
Device is:        In smartctl database 7.3/5610
ATA Version is:   ACS-2 (minor revision not indicated)
SATA Version is:  SATA 3.1, 6.0 Gb/s (current: 1.5 Gb/s)
Local Time is:    Tue Sep  3 17:40:25 2024 CEST
SMART support is: Available - device has SMART capability.
SMART support is: Enabled
AAM feature is:   Unavailable
APM level is:     254 (maximum performance)
Rd look-ahead is: Enabled
Write cache is:   Enabled
DSN feature is:   Unavailable
ATA Security is:  Disabled, NOT FROZEN [SEC1]
Wt Cache Reorder: Enabled

=== START OF READ SMART DATA SECTION ===
SMART overall-health self-assessment test result: PASSED

General SMART Values:
Offline data collection status:  (0x02)	Offline data collection activity
					was completed without error.
					Auto Offline Data Collection: Disabled.
Self-test execution status:      (   0)	The previous self-test routine completed
					without error or no self-test has ever 
					been run.
Total time to complete Offline 
data collection: 		(   32) seconds.
Offline data collection
capabilities: 			 (0x5b) SMART execute Offline immediate.
					Auto Offline data collection on/off support.
					Suspend Offline collection upon new
					command.
					Offline surface scan supported.
					Self-test supported.
					No Conveyance Self-test supported.
					Selective Self-test supported.
SMART capabilities:            (0x0003)	Saves SMART data before entering
					power-saving mode.
					Supports SMART auto save timer.
Error logging capability:        (0x01)	Error logging supported.
					General Purpose Logging supported.
Short self-test routine 
recommended polling time: 	 (   1) minutes.
Extended self-test routine
recommended polling time: 	 (   1) minutes.
SCT capabilities: 	       (0x0039)	SCT Status supported.
					SCT Error Recovery Control supported.
					SCT Feature Control supported.
					SCT Data Table supported.

SMART Attributes Data Structure revision number: 16
Vendor Specific SMART Attributes with Thresholds:
ID# ATTRIBUTE_NAME          FLAGS    VALUE WORST THRESH FAIL RAW_VALUE
  1 Raw_Read_Error_Rate     -O-R--   100   100   000    -    0
  2 Throughput_Performance  P-S---   100   100   050    -    0
  3 Unknown_JMF_Attribute   POS---   100   100   050    -    0
  5 Reallocated_Sector_Ct   PO--C-   100   100   050    -    0
  7 Unknown_JMF_Attribute   PO-R--   100   100   050    -    0
  8 Unknown_JMF_Attribute   P-S---   100   100   050    -    0
  9 Power_On_Hours          -O--C-   100   100   000    -    31334
 10 Unknown_JMF_Attribute   PO--C-   100   100   050    -    0
 12 Power_Cycle_Count       -O--C-   100   100   000    -    28
167 Unknown_JMF_Attribute   -O---K   100   100   000    -    0
169 Unknown_JMF_Attribute   PO--C-   100   100   010    -    131072
170 Bad_Block_Count         PO--C-   100   100   010    -    0 0 0
173 Erase_Count             -O--C-   199   199   000    -    1 2 1
175 Bad_Cluster_Table_Count PO--C-   100   100   010    -    0
180 Unknown_JMF_Attribute   PO--CK   100   100   020    -    136
187 Unknown_JMF_Attribute   PO--CK   100   100   000    -    1000
192 Unexpect_Power_Loss_Ct  -O--C-   100   100   000    -    7
194 Temperature_Celsius     -O---K   073   073   030    -    27 (Min/Max 26/29)
197 Current_Pending_Sector  -O--C-   100   100   000    -    0
231 Unknown_JMF_Attribute   PO--CK   100   100   005    -    0
233 Unknown_JMF_Attribute   -O--CK   100   100   000    -    62723968
234 Unknown_JMF_Attribute   -O--CK   100   100   000    -    3185728
240 Unknown_JMF_Attribute   PO--C-   100   100   050    -    0
241 Total_LBAs_Written      -O--CK   100   100   000    -    21622006
242 Total_LBAs_Read         -O--CK   100   100   000    -    2100972
                            ||||||_ K auto-keep
                            |||||__ C event count
                            ||||___ R error rate
                            |||____ S speed/performance
                            ||_____ O updated online
                            |______ P prefailure warning

General Purpose Log Directory Version 1
SMART           Log Directory Version 1 [multi-sector log support]
Address    Access  R/W   Size  Description
0x00       GPL,SL  R/O      1  Log Directory
0x01           SL  R/O      1  Summary SMART error log
0x02           SL  R/O     51  Comprehensive SMART error log
0x03       GPL     R/O     64  Ext. Comprehensive SMART error log
0x04       GPL,SL  R/O      8  Device Statistics log
0x06           SL  R/O      1  SMART self-test log
0x07       GPL     R/O      1  Extended self-test log
0x09           SL  R/W      1  Selective self-test log
0x10       GPL     R/O      1  NCQ Command Error log
0x11       GPL     R/O      1  SATA Phy Event Counters log
0x30       GPL,SL  R/O      9  IDENTIFY DEVICE data log
0x80-0x9f  GPL,SL  R/W     16  Host vendor specific log
0xe0       GPL,SL  R/W      1  SCT Command/Status
0xe1       GPL,SL  R/W      1  SCT Data Transfer

SMART Extended Comprehensive Error Log Version: 1 (64 sectors)
No Errors Logged

SMART Error Log Version: 1
No Errors Logged

SMART Extended Self-test Log Version: 1 (1 sectors)
Num  Test_Description    Status                  Remaining  LifeTime(hours)  LBA_of_first_error
# 1  Short offline       Completed without error       00%     31318         -
# 2  Short offline       Completed without error       00%     31294         -
# 3  Short offline       Completed without error       00%     31270         -
# 4  Short offline       Completed without error       00%     31252         -
# 5  Short offline       Completed without error       00%     31228         -
# 6  Short offline       Completed without error       00%     31204         -
# 7  Short offline       Completed without error       00%     31180         -
# 8  Short offline       Completed without error       00%     31156         -
# 9  Short offline       Completed without error       00%     31132         -
#10  Short offline       Completed without error       00%     31108         -
#11  Short offline       Completed without error       00%     31084         -
#12  Short offline       Completed without error       00%     31060         -
#13  Short offline       Completed without error       00%     31036         -
#14  Short offline       Completed without error       00%     31012         -

SMART Self-test log structure revision number 1
Num  Test_Description    Status                  Remaining  LifeTime(hours)  LBA_of_first_error
# 1  Short offline       Completed without error       00%     31318         -
# 2  Short offline       Completed without error       00%     31294         -
# 3  Short offline       Completed without error       00%     31270         -
# 4  Short offline       Completed without error       00%     31252         -
# 5  Short offline       Completed without error       00%     31228         -
# 6  Short offline       Completed without error       00%     31204         -
# 7  Short offline       Completed without error       00%     31180         -
# 8  Short offline       Completed without error       00%     31156         -
# 9  Short offline       Completed without error       00%     31132         -
#10  Short offline       Completed without error       00%     31108         -
#11  Short offline       Completed without error       00%     31084         -
#12  Short offline       Completed without error       00%     31060         -
#13  Short offline       Completed without error       00%     31036         -
#14  Short offline       Completed without error       00%     31012         -

SMART Selective self-test log data structure revision number 1
 SPAN  MIN_LBA  MAX_LBA  CURRENT_TEST_STATUS
    1        0        0  Not_testing
    2        0        0  Not_testing
    3        0        0  Not_testing
    4        0        0  Not_testing
    5        0        0  Not_testing
Selective self-test flags (0x0):
  After scanning selected spans, do NOT read-scan remainder of disk.
If Selective self-test is pending on power-up, resume after 0 minute delay.

SCT Status Version:                  3
SCT Version (vendor specific):       1 (0x0001)
Device State:                        Active (0)
Current Temperature:                     0 Celsius
Power Cycle Min/Max Temperature:     --/ 0 Celsius
Lifetime    Min/Max Temperature:     --/ 0 Celsius

SCT Temperature History Version:     2
Temperature Sampling Period:         1 minute
Temperature Logging Interval:        1 minute
Min/Max recommended Temperature:     -127/127 Celsius
Min/Max Temperature Limit:           -127/127 Celsius
Temperature History Size (Index):    478 (352)

Index    Estimated Time   Temperature Celsius
 353    2024-09-03 09:43     ?  -
 ...    ..(130 skipped).    ..  -
   6    2024-09-03 11:54     ?  -
   7    2024-09-03 11:55    30  ***********
   8    2024-09-03 11:56    30  ***********
   9    2024-09-03 11:57    29  **********
  10    2024-09-03 11:58    28  *********
 ...    ..(  2 skipped).    ..  *********
  13    2024-09-03 12:01    28  *********
  14    2024-09-03 12:02    27  ********
  15    2024-09-03 12:03    28  *********
 ...    ..(  2 skipped).    ..  *********
  18    2024-09-03 12:06    28  *********
  19    2024-09-03 12:07    27  ********
  20    2024-09-03 12:08    27  ********
  21    2024-09-03 12:09     ?  -
  22    2024-09-03 12:10    26  *******
  23    2024-09-03 12:11    26  *******
  24    2024-09-03 12:12    27  ********
 ...    ..(  9 skipped).    ..  ********
  34    2024-09-03 12:22    27  ********
  35    2024-09-03 12:23    28  *********
  36    2024-09-03 12:24    27  ********
  37    2024-09-03 12:25    27  ********
  38    2024-09-03 12:26    26  *******
  39    2024-09-03 12:27    27  ********
  40    2024-09-03 12:28    26  *******
  41    2024-09-03 12:29    27  ********
  42    2024-09-03 12:30    25  ******
  43    2024-09-03 12:31    25  ******
  44    2024-09-03 12:32    26  *******
  45    2024-09-03 12:33    25  ******
  46    2024-09-03 12:34    27  ********
  47    2024-09-03 12:35    25  ******
  48    2024-09-03 12:36    25  ******
  49    2024-09-03 12:37    25  ******
  50    2024-09-03 12:38     ?  -
 ...    ..(  3 skipped).    ..  -
  54    2024-09-03 12:42     ?  -
  55    2024-09-03 12:43    26  *******
  56    2024-09-03 12:44    26  *******
  57    2024-09-03 12:45    26  *******
  58    2024-09-03 12:46    25  ******
  59    2024-09-03 12:47    25  ******
  60    2024-09-03 12:48    27  ********
  61    2024-09-03 12:49    26  *******
  62    2024-09-03 12:50    26  *******
  63    2024-09-03 12:51    26  *******
  64    2024-09-03 12:52    27  ********
  65    2024-09-03 12:53     ?  -
  66    2024-09-03 12:54    26  *******
  67    2024-09-03 12:55    27  ********
  68    2024-09-03 12:56    26  *******
 ...    ..(  2 skipped).    ..  *******
  71    2024-09-03 12:59    26  *******
  72    2024-09-03 13:00    27  ********
  73    2024-09-03 13:01    26  *******
  74    2024-09-03 13:02    27  ********
 ...    ..(  6 skipped).    ..  ********
  81    2024-09-03 13:09    27  ********
  82    2024-09-03 13:10    26  *******
 ...    ..(  5 skipped).    ..  *******
  88    2024-09-03 13:16    26  *******
  89    2024-09-03 13:17    27  ********
 ...    ..(  4 skipped).    ..  ********
  94    2024-09-03 13:22    27  ********
  95    2024-09-03 13:23    26  *******
  96    2024-09-03 13:24    27  ********
  97    2024-09-03 13:25    25  ******
  98    2024-09-03 13:26    25  ******
  99    2024-09-03 13:27    26  *******
 ...    ..(  5 skipped).    ..  *******
 105    2024-09-03 13:33    26  *******
 106    2024-09-03 13:34    27  ********
 ...    ..(  5 skipped).    ..  ********
 112    2024-09-03 13:40    27  ********
 113    2024-09-03 13:41    26  *******
 ...    ..(  3 skipped).    ..  *******
 117    2024-09-03 13:45    26  *******
 118    2024-09-03 13:46    27  ********
 119    2024-09-03 13:47    26  *******
 120    2024-09-03 13:48    26  *******
 121    2024-09-03 13:49    27  ********
 ...    ..(  4 skipped).    ..  ********
 126    2024-09-03 13:54    27  ********
 127    2024-09-03 13:55    28  *********
 128    2024-09-03 13:56    27  ********
 ...    ..( 13 skipped).    ..  ********
 142    2024-09-03 14:10    27  ********
 143    2024-09-03 14:11    28  *********
 144    2024-09-03 14:12    27  ********
 145    2024-09-03 14:13    26  *******
 146    2024-09-03 14:14    26  *******
 147    2024-09-03 14:15    27  ********
 148    2024-09-03 14:16    28  *********
 149    2024-09-03 14:17    27  ********
 ...    ..(  3 skipped).    ..  ********
 153    2024-09-03 14:21    27  ********
 154    2024-09-03 14:22    28  *********
 ...    ..(  4 skipped).    ..  *********
 159    2024-09-03 14:27    28  *********
 160    2024-09-03 14:28    27  ********
 ...    ..(  3 skipped).    ..  ********
 164    2024-09-03 14:32    27  ********
 165    2024-09-03 14:33    28  *********
 166    2024-09-03 14:34    27  ********
 167    2024-09-03 14:35    28  *********
 ...    ..(  7 skipped).    ..  *********
 175    2024-09-03 14:43    28  *********
 176    2024-09-03 14:44    26  *******
 177    2024-09-03 14:45    27  ********
 ...    ..(  2 skipped).    ..  ********
 180    2024-09-03 14:48    27  ********
 181    2024-09-03 14:49    28  *********
 182    2024-09-03 14:50    27  ********
 183    2024-09-03 14:51    27  ********
 184    2024-09-03 14:52    28  *********
 ...    ..(  4 skipped).    ..  *********
 189    2024-09-03 14:57    28  *********
 190    2024-09-03 14:58    29  **********
 191    2024-09-03 14:59    28  *********
 192    2024-09-03 15:00    28  *********
 193    2024-09-03 15:01     ?  -
 ...    ..(  3 skipped).    ..  -
 197    2024-09-03 15:05     ?  -
 198    2024-09-03 15:06    28  *********
 199    2024-09-03 15:07    27  ********
 200    2024-09-03 15:08    27  ********
 201    2024-09-03 15:09     ?  -
 202    2024-09-03 15:10     ?  -
 203    2024-09-03 15:11    27  ********
 204    2024-09-03 15:12     ?  -
 ...    ..(  2 skipped).    ..  -
 207    2024-09-03 15:15     ?  -
 208    2024-09-03 15:16    26  *******
 209    2024-09-03 15:17     ?  -
 210    2024-09-03 15:18    26  *******
 211    2024-09-03 15:19    25  ******
 212    2024-09-03 15:20    26  *******
 ...    ..(  7 skipped).    ..  *******
 220    2024-09-03 15:28    26  *******
 221    2024-09-03 15:29    27  ********
 ...    ..(  5 skipped).    ..  ********
 227    2024-09-03 15:35    27  ********
 228    2024-09-03 15:36    26  *******
 ...    ..(  5 skipped).    ..  *******
 234    2024-09-03 15:42    26  *******
 235    2024-09-03 15:43    27  ********
 ...    ..(  6 skipped).    ..  ********
 242    2024-09-03 15:50    27  ********
 243    2024-09-03 15:51    26  *******
 ...    ..( 11 skipped).    ..  *******
 255    2024-09-03 16:03    26  *******
 256    2024-09-03 16:04    27  ********
 257    2024-09-03 16:05    27  ********
 258    2024-09-03 16:06    25  ******
 259    2024-09-03 16:07    25  ******
 260    2024-09-03 16:08    26  *******
 ...    ..(  8 skipped).    ..  *******
 269    2024-09-03 16:17    26  *******
 270    2024-09-03 16:18    27  ********
 ...    ..(  2 skipped).    ..  ********
 273    2024-09-03 16:21    27  ********
 274    2024-09-03 16:22    26  *******
 275    2024-09-03 16:23    26  *******
 276    2024-09-03 16:24    26  *******
 277    2024-09-03 16:25    27  ********
 278    2024-09-03 16:26    26  *******
 ...    ..(  2 skipped).    ..  *******
 281    2024-09-03 16:29    26  *******
 282    2024-09-03 16:30    27  ********
 ...    ..(  2 skipped).    ..  ********
 285    2024-09-03 16:33    27  ********
 286    2024-09-03 16:34    28  *********
 287    2024-09-03 16:35    28  *********
 288    2024-09-03 16:36    28  *********
 289    2024-09-03 16:37    29  **********
 290    2024-09-03 16:38    30  ***********
 291    2024-09-03 16:39    31  ************
 292    2024-09-03 16:40    29  **********
 293    2024-09-03 16:41    30  ***********
 294    2024-09-03 16:42    31  ************
 295    2024-09-03 16:43    31  ************
 296    2024-09-03 16:44    32  *************
 297    2024-09-03 16:45    31  ************
 298    2024-09-03 16:46    31  ************
 299    2024-09-03 16:47    30  ***********
 300    2024-09-03 16:48    31  ************
 301    2024-09-03 16:49    30  ***********
 302    2024-09-03 16:50    29  **********
 303    2024-09-03 16:51    28  *********
 304    2024-09-03 16:52     ?  -
 305    2024-09-03 16:53    30  ***********
 306    2024-09-03 16:54    30  ***********
 307    2024-09-03 16:55    31  ************
 308    2024-09-03 16:56    29  **********
 309    2024-09-03 16:57    29  **********
 310    2024-09-03 16:58    30  ***********
 311    2024-09-03 16:59    29  **********
 312    2024-09-03 17:00    29  **********
 313    2024-09-03 17:01    30  ***********
 314    2024-09-03 17:02    31  ************
 315    2024-09-03 17:03    29  **********
 316    2024-09-03 17:04    29  **********
 317    2024-09-03 17:05    31  ************
 318    2024-09-03 17:06    29  **********
 319    2024-09-03 17:07    29  **********
 320    2024-09-03 17:08    30  ***********
 321    2024-09-03 17:09    29  **********
 322    2024-09-03 17:10    29  **********
 323    2024-09-03 17:11    29  **********
 324    2024-09-03 17:12    31  ************
 325    2024-09-03 17:13    29  **********
 326    2024-09-03 17:14    29  **********
 327    2024-09-03 17:15    27  ********
 328    2024-09-03 17:16    29  **********
 329    2024-09-03 17:17    27  ********
 ...    ..(  2 skipped).    ..  ********
 332    2024-09-03 17:20    27  ********
 333    2024-09-03 17:21    28  *********
 334    2024-09-03 17:22    29  **********
 335    2024-09-03 17:23    27  ********
 336    2024-09-03 17:24    27  ********
 337    2024-09-03 17:25    28  *********
 338    2024-09-03 17:26    29  **********
 339    2024-09-03 17:27     ?  -
 340    2024-09-03 17:28    28  *********
 341    2024-09-03 17:29    28  *********
 342    2024-09-03 17:30    28  *********
 343    2024-09-03 17:31    27  ********
 ...    ..(  2 skipped).    ..  ********
 346    2024-09-03 17:34    27  ********
 347    2024-09-03 17:35    29  **********
 348    2024-09-03 17:36    29  **********
 349    2024-09-03 17:37    28  *********
 350    2024-09-03 17:38    28  *********
 351    2024-09-03 17:39    27  ********
 352    2024-09-03 17:40    27  ********

SCT Error Recovery Control:
           Read:     70 (7,0 seconds)
          Write:     70 (7,0 seconds)

Device Statistics (GP Log 0x04)
Page  Offset Size        Value Flags Description
0x01  =====  =               =  ===  == General Statistics (rev 2) ==
0x01  0x008  4              28  ---  Lifetime Power-On Resets
0x01  0x018  6        21622006  ---  Logical Sectors Written
0x01  0x020  6          239143  ---  Number of Write Commands
0x01  0x028  6         2100972  ---  Logical Sectors Read
0x01  0x030  6           41140  ---  Number of Read Commands
0x01  0x038  6    112802400000  ---  Date and Time TimeStamp
0x07  =====  =               =  ===  == Solid State Device Statistics (rev 1) ==
0x07  0x008  1               0  N--  Percentage Used Endurance Indicator
                                |||_ C monitored condition met
                                ||__ D supports DSN
                                |___ N normalized value

Pending Defects log (GP Log 0x0c) not supported

SATA Phy Event Counters (GP Log 0x11)
ID      Size     Value  Description
0x0001  2            0  Command failed due to ICRC error
0x0003  2            0  R_ERR response for device-to-host data FIS
0x0004  2            0  R_ERR response for host-to-device data FIS
0x0006  2            0  R_ERR response for device-to-host non-data FIS
0x0007  2            0  R_ERR response for host-to-device non-data FIS
0x0008  2            0  Device-to-host non-data FIS retries
0x0009  4            0  Transition from drive PhyRdy to drive PhyNRdy
0x000a  4          229  Device-to-host register FISes sent due to a COMRESET
0x000f  2            0  R_ERR response for host-to-device data FIS, CRC
0x0010  2            0  R_ERR response for host-to-device data FIS, non-CRC
0x0012  2            0  R_ERR response for host-to-device non-data FIS, CRC
0x0013  2            0  R_ERR response for host-to-device non-data FIS, non-CRC

