smartctl 7.4 2023-08-01 r5530 [FreeBSD 14.1-STABLE amd64] (local build)
Copyright (C) 2002-23, Bruce Allen, Christian Franke, www.smartmontools.org

=== START OF INFORMATION SECTION ===
Model Family:     JMicron/Maxiotek based SSDs
Device Model:     TS32GSSD340K
Serial Number:    491282....
LU WWN Device Id: 5 000000 000000000
Firmware Version: SVN118B
User Capacity:    32.017.047.552 bytes [32,0 GB]
Sector Size:      512 bytes logical/physical
Rotation Rate:    Solid State Device
Form Factor:      2.5 inches
TRIM Command:     Available
Device is:        In smartctl database 7.3/5610
ATA Version is:   ACS-2 (minor revision not indicated)
SATA Version is:  SATA 3.1, 6.0 Gb/s (current: 3.0 Gb/s)
Local Time is:    Tue Sep  3 17:36:00 2024 CEST
SMART support is: Available - device has SMART capability.
SMART support is: Enabled
AAM feature is:   Unavailable
APM level is:     254 (maximum performance)
Rd look-ahead is: Enabled
Write cache is:   Enabled
DSN feature is:   Unavailable
ATA Security is:  Disabled, frozen [SEC2]
Wt Cache Reorder: Enabled

=== START OF READ SMART DATA SECTION ===
SMART overall-health self-assessment test result: PASSED

General SMART Values:
Offline data collection status:  (0x02)	Offline data collection activity
					was completed without error.
					Auto Offline Data Collection: Disabled.
Self-test execution status:      (   0)	The previous self-test routine completed
					without error or no self-test has ever 
					been run.
Total time to complete Offline 
data collection: 		(   32) seconds.
Offline data collection
capabilities: 			 (0x5b) SMART execute Offline immediate.
					Auto Offline data collection on/off support.
					Suspend Offline collection upon new
					command.
					Offline surface scan supported.
					Self-test supported.
					No Conveyance Self-test supported.
					Selective Self-test supported.
SMART capabilities:            (0x0003)	Saves SMART data before entering
					power-saving mode.
					Supports SMART auto save timer.
Error logging capability:        (0x01)	Error logging supported.
					General Purpose Logging supported.
Short self-test routine 
recommended polling time: 	 (   1) minutes.
Extended self-test routine
recommended polling time: 	 (   1) minutes.
SCT capabilities: 	       (0x0039)	SCT Status supported.
					SCT Error Recovery Control supported.
					SCT Feature Control supported.
					SCT Data Table supported.

SMART Attributes Data Structure revision number: 16
Vendor Specific SMART Attributes with Thresholds:
ID# ATTRIBUTE_NAME          FLAGS    VALUE WORST THRESH FAIL RAW_VALUE
  1 Raw_Read_Error_Rate     -O-R--   100   100   000    -    0
  2 Throughput_Performance  P-S---   100   100   050    -    0
  3 Unknown_JMF_Attribute   POS---   100   100   050    -    0
  5 Reallocated_Sector_Ct   PO--C-   100   100   050    -    0
  7 Unknown_JMF_Attribute   PO-R--   100   100   050    -    0
  8 Unknown_JMF_Attribute   P-S---   100   100   050    -    0
  9 Power_On_Hours          -O--C-   100   100   000    -    24656
 10 Unknown_JMF_Attribute   PO--C-   100   100   050    -    0
 12 Power_Cycle_Count       -O--C-   100   100   000    -    55
167 Unknown_JMF_Attribute   -O---K   100   100   000    -    0
169 Unknown_JMF_Attribute   PO--C-   100   100   010    -    196608
170 Bad_Block_Count         PO--C-   100   100   010    -    0 0 0
173 Erase_Count             -O--C-   193   193   000    -    20 31 1
175 Bad_Cluster_Table_Count PO--C-   100   100   010    -    0
180 Unknown_JMF_Attribute   PO--CK   100   100   020    -    135
187 Unknown_JMF_Attribute   PO--CK   100   100   000    -    1000
192 Unexpect_Power_Loss_Ct  -O--C-   100   100   000    -    5
194 Temperature_Celsius     -O---K   074   074   030    -    26 (Min/Max 26/30)
197 Current_Pending_Sector  -O--C-   100   100   000    -    0
231 Unknown_JMF_Attribute   PO--CK   098   098   005    -    2
233 Unknown_JMF_Attribute   -O--CK   100   100   000    -    1309815168
234 Unknown_JMF_Attribute   -O--CK   100   100   000    -    91430400
240 Unknown_JMF_Attribute   PO--C-   100   100   050    -    0
241 Total_LBAs_Written      -O--CK   100   100   000    -    274386561
242 Total_LBAs_Read         -O--CK   100   100   000    -    47230732
                            ||||||_ K auto-keep
                            |||||__ C event count
                            ||||___ R error rate
                            |||____ S speed/performance
                            ||_____ O updated online
                            |______ P prefailure warning

General Purpose Log Directory Version 1
SMART           Log Directory Version 1 [multi-sector log support]
Address    Access  R/W   Size  Description
0x00       GPL,SL  R/O      1  Log Directory
0x01           SL  R/O      1  Summary SMART error log
0x02           SL  R/O     51  Comprehensive SMART error log
0x03       GPL     R/O     64  Ext. Comprehensive SMART error log
0x04       GPL,SL  R/O      8  Device Statistics log
0x06           SL  R/O      1  SMART self-test log
0x07       GPL     R/O      1  Extended self-test log
0x09           SL  R/W      1  Selective self-test log
0x10       GPL     R/O      1  NCQ Command Error log
0x11       GPL     R/O      1  SATA Phy Event Counters log
0x30       GPL,SL  R/O      9  IDENTIFY DEVICE data log
0x80-0x9f  GPL,SL  R/W     16  Host vendor specific log
0xe0       GPL,SL  R/W      1  SCT Command/Status
0xe1       GPL,SL  R/W      1  SCT Data Transfer

SMART Extended Comprehensive Error Log Version: 1 (64 sectors)
No Errors Logged

SMART Error Log Version: 1
No Errors Logged

SMART Extended Self-test Log Version: 1 (1 sectors)
Num  Test_Description    Status                  Remaining  LifeTime(hours)  LBA_of_first_error
# 1  Short offline       Completed without error       00%     24640         -
# 2  Short offline       Completed without error       00%     24624         -
# 3  Short offline       Completed without error       00%     24618         -
# 4  Short offline       Completed without error       00%     24594         -
# 5  Short offline       Completed without error       00%     24570         -
# 6  Short offline       Completed without error       00%     24546         -
# 7  Short offline       Completed without error       00%     24522         -
# 8  Short offline       Completed without error       00%     24498         -
# 9  Short offline       Completed without error       00%     24474         -
#10  Short offline       Completed without error       00%     24450         -
#11  Short offline       Completed without error       00%     24426         -
#12  Short offline       Completed without error       00%     24402         -
#13  Short offline       Completed without error       00%     24378         -
#14  Short offline       Completed without error       00%     24354         -
#15  Short offline       Completed without error       00%     24331         -
#16  Short offline       Completed without error       00%     24307         -
#17  Short offline       Completed without error       00%     24283         -
#18  Short offline       Completed without error       00%     24259         -
#19  Extended offline    Completed without error       00%     24255         -

SMART Self-test log structure revision number 1
Num  Test_Description    Status                  Remaining  LifeTime(hours)  LBA_of_first_error
# 1  Short offline       Completed without error       00%     24640         -
# 2  Short offline       Completed without error       00%     24624         -
# 3  Short offline       Completed without error       00%     24618         -
# 4  Short offline       Completed without error       00%     24594         -
# 5  Short offline       Completed without error       00%     24570         -
# 6  Short offline       Completed without error       00%     24546         -
# 7  Short offline       Completed without error       00%     24522         -
# 8  Short offline       Completed without error       00%     24498         -
# 9  Short offline       Completed without error       00%     24474         -
#10  Short offline       Completed without error       00%     24450         -
#11  Short offline       Completed without error       00%     24426         -
#12  Short offline       Completed without error       00%     24402         -
#13  Short offline       Completed without error       00%     24378         -
#14  Short offline       Completed without error       00%     24354         -
#15  Short offline       Completed without error       00%     24331         -
#16  Short offline       Completed without error       00%     24307         -
#17  Short offline       Completed without error       00%     24283         -
#18  Short offline       Completed without error       00%     24259         -
#19  Extended offline    Completed without error       00%     24255         -
#20  Short offline       Completed without error       00%     24235         -
#21  Short offline       Completed without error       00%     24211         -

SMART Selective self-test log data structure revision number 1
 SPAN  MIN_LBA  MAX_LBA  CURRENT_TEST_STATUS
    1        0        0  Not_testing
    2        0        0  Not_testing
    3        0        0  Not_testing
    4        0        0  Not_testing
    5        0        0  Not_testing
Selective self-test flags (0x0):
  After scanning selected spans, do NOT read-scan remainder of disk.
If Selective self-test is pending on power-up, resume after 0 minute delay.

SCT Status Version:                  3
SCT Version (vendor specific):       1 (0x0001)
Device State:                        Active (0)
Current Temperature:                     0 Celsius
Power Cycle Min/Max Temperature:     --/ 0 Celsius
Lifetime    Min/Max Temperature:     --/ 0 Celsius

SCT Temperature History Version:     2
Temperature Sampling Period:         1 minute
Temperature Logging Interval:        1 minute
Min/Max recommended Temperature:     -127/127 Celsius
Min/Max Temperature Limit:           -127/127 Celsius
Temperature History Size (Index):    478 (366)

Index    Estimated Time   Temperature Celsius
 367    2024-09-03 09:39    30  ***********
 ...    ..( 20 skipped).    ..  ***********
 388    2024-09-03 10:00    30  ***********
 389    2024-09-03 10:01    29  **********
 390    2024-09-03 10:02    29  **********
 391    2024-09-03 10:03    31  ************
 392    2024-09-03 10:04    29  **********
 ...    ..( 17 skipped).    ..  **********
 410    2024-09-03 10:22    29  **********
 411    2024-09-03 10:23    30  ***********
 412    2024-09-03 10:24    31  ************
 413    2024-09-03 10:25    30  ***********
 ...    ..( 74 skipped).    ..  ***********
  10    2024-09-03 11:40    30  ***********
  11    2024-09-03 11:41    31  ************
  12    2024-09-03 11:42    31  ************
  13    2024-09-03 11:43    31  ************
  14    2024-09-03 11:44    30  ***********
 ...    ..( 22 skipped).    ..  ***********
  37    2024-09-03 12:07    30  ***********
  38    2024-09-03 12:08    31  ************
  39    2024-09-03 12:09    30  ***********
  40    2024-09-03 12:10     ?  -
  41    2024-09-03 12:11     ?  -
  42    2024-09-03 12:12     ?  -
  43    2024-09-03 12:13    28  *********
  44    2024-09-03 12:14    28  *********
  45    2024-09-03 12:15    28  *********
  46    2024-09-03 12:16    27  ********
  47    2024-09-03 12:17    27  ********
  48    2024-09-03 12:18    28  *********
  49    2024-09-03 12:19    27  ********
 ...    ..(  3 skipped).    ..  ********
  53    2024-09-03 12:23    27  ********
  54    2024-09-03 12:24     ?  -
  55    2024-09-03 12:25    29  **********
 ...    ..( 27 skipped).    ..  **********
  83    2024-09-03 12:53    29  **********
  84    2024-09-03 12:54    28  *********
  85    2024-09-03 12:55    27  ********
 ...    ..(  2 skipped).    ..  ********
  88    2024-09-03 12:58    27  ********
  89    2024-09-03 12:59    26  *******
 ...    ..( 47 skipped).    ..  *******
 137    2024-09-03 13:47    26  *******
 138    2024-09-03 13:48    27  ********
 139    2024-09-03 13:49    26  *******
 ...    ..( 12 skipped).    ..  *******
 152    2024-09-03 14:02    26  *******
 153    2024-09-03 14:03    27  ********
 154    2024-09-03 14:04    26  *******
 155    2024-09-03 14:05    27  ********
 156    2024-09-03 14:06    26  *******
 157    2024-09-03 14:07    26  *******
 158    2024-09-03 14:08    27  ********
 159    2024-09-03 14:09    27  ********
 160    2024-09-03 14:10    27  ********
 161    2024-09-03 14:11    26  *******
 ...    ..( 29 skipped).    ..  *******
 191    2024-09-03 14:41    26  *******
 192    2024-09-03 14:42    27  ********
 193    2024-09-03 14:43    26  *******
 ...    ..(171 skipped).    ..  *******
 365    2024-09-03 17:35    26  *******
 366    2024-09-03 17:36    27  ********

SCT Error Recovery Control:
           Read:     70 (7,0 seconds)
          Write:     70 (7,0 seconds)

Device Statistics (GP Log 0x04)
Page  Offset Size        Value Flags Description
0x01  =====  =               =  ===  == General Statistics (rev 2) ==
0x01  0x008  4              55  ---  Lifetime Power-On Resets
0x01  0x018  6       274386561  ---  Logical Sectors Written
0x01  0x020  6        11048295  ---  Number of Write Commands
0x01  0x028  6        47230732  ---  Logical Sectors Read
0x01  0x030  6          997605  ---  Number of Read Commands
0x01  0x038  6     88761600000  ---  Date and Time TimeStamp
0x07  =====  =               =  ===  == Solid State Device Statistics (rev 1) ==
0x07  0x008  1               1  N--  Percentage Used Endurance Indicator
                                |||_ C monitored condition met
                                ||__ D supports DSN
                                |___ N normalized value

Pending Defects log (GP Log 0x0c) not supported

SATA Phy Event Counters (GP Log 0x11)
ID      Size     Value  Description
0x0001  2            0  Command failed due to ICRC error
0x0003  2            0  R_ERR response for device-to-host data FIS
0x0004  2            0  R_ERR response for host-to-device data FIS
0x0006  2            0  R_ERR response for device-to-host non-data FIS
0x0007  2            0  R_ERR response for host-to-device non-data FIS
0x0008  2            0  Device-to-host non-data FIS retries
0x0009  4            0  Transition from drive PhyRdy to drive PhyNRdy
0x000a  4          455  Device-to-host register FISes sent due to a COMRESET
0x000f  2            0  R_ERR response for host-to-device data FIS, CRC
0x0010  2            0  R_ERR response for host-to-device data FIS, non-CRC
0x0012  2            0  R_ERR response for host-to-device non-data FIS, CRC
0x0013  2            0  R_ERR response for host-to-device non-data FIS, non-CRC

