smartctl 6.6 2017-11-05 r4594 [x86_64-linux-4.15.0-39-generic] (local build)
Copyright (C) 2002-17, Bruce Allen, Christian Franke, www.smartmontools.org

=== START OF INFORMATION SECTION ===
Device Model:     Micron 1100 SATA 256GB
Serial Number:    18301DB34F37
LU WWN Device Id: 5 00a075 11db34f37
Firmware Version: M0DL022
User Capacity:    256,060,514,304 bytes [256 GB]
Sector Sizes:     512 bytes logical, 4096 bytes physical
Rotation Rate:    Solid State Device
Form Factor:      M.2
Device is:        Not in smartctl database [for details use: -P showall]
ATA Version is:   ACS-3 T13/2161-D revision 5
SATA Version is:  SATA 3.2, 6.0 Gb/s (current: 6.0 Gb/s)
Local Time is:    Thu Nov 15 11:03:10 2018 EET
SMART support is: Available - device has SMART capability.
SMART support is: Enabled
AAM feature is:   Unavailable
APM feature is:   Unavailable
Rd look-ahead is: Enabled
Write cache is:   Enabled
DSN feature is:   Unavailable
ATA Security is:  Disabled, frozen [SEC2]
Wt Cache Reorder: Enabled

=== START OF READ SMART DATA SECTION ===
SMART overall-health self-assessment test result: PASSED
See vendor-specific Attribute list for marginal Attributes.

General SMART Values:
Offline data collection status:  (0x00)	Offline data collection activity
					was never started.
					Auto Offline Data Collection: Disabled.
Self-test execution status:      (   0)	The previous self-test routine completed
					without error or no self-test has ever 
					been run.
Total time to complete Offline 
data collection: 		(  678) seconds.
Offline data collection
capabilities: 			 (0x7b) SMART execute Offline immediate.
					Auto Offline data collection on/off support.
					Suspend Offline collection upon new
					command.
					Offline surface scan supported.
					Self-test supported.
					Conveyance Self-test supported.
					Selective Self-test supported.
SMART capabilities:            (0x0003)	Saves SMART data before entering
					power-saving mode.
					Supports SMART auto save timer.
Error logging capability:        (0x01)	Error logging supported.
					General Purpose Logging supported.
Short self-test routine 
recommended polling time: 	 (   2) minutes.
Extended self-test routine
recommended polling time: 	 (   4) minutes.
Conveyance self-test routine
recommended polling time: 	 (   3) minutes.
SCT capabilities: 	       (0x0035)	SCT Status supported.
					SCT Feature Control supported.
					SCT Data Table supported.

SMART Attributes Data Structure revision number: 16
Vendor Specific SMART Attributes with Thresholds:
ID# ATTRIBUTE_NAME          FLAGS    VALUE WORST THRESH FAIL RAW_VALUE
  5 Reallocated_Sector_Ct   PO--CK   100   100   010    -    0
  9 Power_On_Hours          -O--CK   100   100   000    -    12
 12 Power_Cycle_Count       PO--CK   100   100   001    -    66
181 Program_Fail_Cnt_Total  PO--CK   100   100   001    -    0
182 Erase_Fail_Count_Total  PO--CK   100   100   001    -    0
177 Wear_Leveling_Count     PO--CK   100   100   010    -    3
187 Reported_Uncorrect      PO--CK   100   100   001    -    0
194 Temperature_Celsius     -O---K   062   037   000    -    38 (Min/Max 15/63)
199 UDMA_CRC_Error_Count    -O--CK   100   100   000    -    0
238 Unknown_Attribute       ----CK   100   100   000    -    0
175 Program_Fail_Count_Chip PO--CK   100   100   000    -    0
176 Erase_Fail_Count_Chip   PO--CK   100   100   000    -    0
178 Used_Rsvd_Blk_Cnt_Chip  PO--CK   100   100   000    -    0
180 Unused_Rsvd_Blk_Cnt_Tot PO--CK   000   000   000    -    2048
195 Hardware_ECC_Recovered  POSR-K   100   000   050    Past 0
241 Total_LBAs_Written      PO--CK   100   100   000    -    664271471
242 Total_LBAs_Read         PO--CK   100   100   000    -    432648208
179 Used_Rsvd_Blk_Cnt_Tot   PO--CK   100   100   000    -    0
                            ||||||_ K auto-keep
                            |||||__ C event count
                            ||||___ R error rate
                            |||____ S speed/performance
                            ||_____ O updated online
                            |______ P prefailure warning

General Purpose Log Directory Version 1
SMART           Log Directory Version 1 [multi-sector log support]
Address    Access  R/W   Size  Description
0x00       GPL,SL  R/O      1  Log Directory
0x01           SL  R/O      1  Summary SMART error log
0x02           SL  R/O     51  Comprehensive SMART error log
0x03       GPL     R/O  16383  Ext. Comprehensive SMART error log
0x04       GPL,SL  R/O      8  Device Statistics log
0x06           SL  R/O      1  SMART self-test log
0x07       GPL     R/O      1  Extended self-test log
0x09           SL  R/W      1  Selective self-test log
0x10       GPL     R/O      1  NCQ Command Error log
0x11       GPL     R/O      1  SATA Phy Event Counters log
0x13       GPL     R/O      1  SATA NCQ Send and Receive log
0x24       GPL     R/O   8000  Current Device Internal Status Data log
0x25       GPL     R/O   8000  Saved Device Internal Status Data log
0x30       GPL,SL  R/O      9  IDENTIFY DEVICE data log
0x80-0x9f  GPL,SL  R/W     16  Host vendor specific log
0xa0       GPL     VS   35328  Device vendor specific log
0xa1       GPL,SL  VS       3  Device vendor specific log
0xa2       GPL,SL  VS       1  Device vendor specific log
0xa3       GPL     VS   13824  Device vendor specific log
0xa4       GPL     VS     354  Device vendor specific log
0xa4       SL      VS      98  Device vendor specific log
0xa5       GPL     VS    8000  Device vendor specific log
0xa5       SL      VS      64  Device vendor specific log
0xa6       GPL     VS    8000  Device vendor specific log
0xa6       SL      VS      64  Device vendor specific log
0xa7-0xdf  GPL,SL  VS       1  Device vendor specific log
0xe0       GPL,SL  R/W      1  SCT Command/Status
0xe1       GPL,SL  R/W      1  SCT Data Transfer

SMART Extended Comprehensive Error Log Version: 1 (16383 sectors)
No Errors Logged

SMART Extended Self-test Log Version: 1 (1 sectors)
Num  Test_Description    Status                  Remaining  LifeTime(hours)  LBA_of_first_error
# 1  Short offline       Completed without error       00%        10         -
# 2  Short offline       Self-test routine in progress 90%         9         -
# 3  Short offline       Self-test routine in progress 90%         9         -
# 4  Short offline       Aborted by host               00%         5         -
# 5  Short offline       Completed without error       00%         4         -

SMART Selective self-test log data structure revision number 1
 SPAN  MIN_LBA  MAX_LBA  CURRENT_TEST_STATUS
    1        0        0  Not_testing
    2        0        0  Not_testing
    3        0        0  Not_testing
    4        0        0  Not_testing
    5        0        0  Not_testing
Selective self-test flags (0x0):
  After scanning selected spans, do NOT read-scan remainder of disk.
If Selective self-test is pending on power-up, resume after 0 minute delay.

SCT Status Version:                  3
SCT Version (vendor specific):       1 (0x0001)
SCT Support Level:                   0
Device State:                        Active (0)
Current Temperature:                    38 Celsius
Power Cycle Min/Max Temperature:     34/43 Celsius
Lifetime    Min/Max Temperature:     15/63 Celsius
Under/Over Temperature Limit Count:   0/0

SCT Temperature History Version:     2
Temperature Sampling Period:         1 minute
Temperature Logging Interval:        1 minute
Min/Max recommended Temperature:      0/70 Celsius
Min/Max Temperature Limit:           -5/75 Celsius
Temperature History Size (Index):    478 (165)

Index    Estimated Time   Temperature Celsius
 166    2018-11-15 03:06     ?  -
 167    2018-11-15 03:07     0  -
 168    2018-11-15 03:08     ?  -
 169    2018-11-15 03:09    53  **********************************
 170    2018-11-15 03:10    57  **************************************
 171    2018-11-15 03:11    55  ************************************
 172    2018-11-15 03:12    55  ************************************
 173    2018-11-15 03:13    56  *************************************
 174    2018-11-15 03:14     ?  -
 175    2018-11-15 03:15    49  ******************************
 176    2018-11-15 03:16    48  *****************************
 177    2018-11-15 03:17    48  *****************************
 178    2018-11-15 03:18    47  ****************************
 179    2018-11-15 03:19     ?  -
 180    2018-11-15 03:20     ?  -
 181    2018-11-15 03:21    54  ***********************************
 182    2018-11-15 03:22     ?  -
 183    2018-11-15 03:23     0  -
 ...    ..( 17 skipped).    ..  -
 201    2018-11-15 03:41     0  -
 202    2018-11-15 03:42     ?  -
 203    2018-11-15 03:43     ?  -
 204    2018-11-15 03:44     0  -
 ...    ..(  2 skipped).    ..  -
 207    2018-11-15 03:47     0  -
 208    2018-11-15 03:48     ?  -
 209    2018-11-15 03:49    53  **********************************
 ...    ..(  2 skipped).    ..  **********************************
 212    2018-11-15 03:52    53  **********************************
 213    2018-11-15 03:53    52  *********************************
 214    2018-11-15 03:54    59  ****************************************
 215    2018-11-15 03:55    63  ***************************************+
 216    2018-11-15 03:56    59  ****************************************
 217    2018-11-15 03:57    58  ***************************************
 218    2018-11-15 03:58    56  *************************************
 219    2018-11-15 03:59    55  ************************************
 220    2018-11-15 04:00    55  ************************************
 221    2018-11-15 04:01    53  **********************************
 222    2018-11-15 04:02    53  **********************************
 223    2018-11-15 04:03    54  ***********************************
 224    2018-11-15 04:04    45  **************************
 225    2018-11-15 04:05    42  ***********************
 226    2018-11-15 04:06    43  ************************
 227    2018-11-15 04:07    51  ********************************
 228    2018-11-15 04:08    58  ***************************************
 229    2018-11-15 04:09    60  ***************************************+
 230    2018-11-15 04:10    62  ***************************************+
 231    2018-11-15 04:11     ?  -
 232    2018-11-15 04:12     ?  -
 233    2018-11-15 04:13     ?  -
 234    2018-11-15 04:14    53  **********************************
 235    2018-11-15 04:15    53  **********************************
 236    2018-11-15 04:16    53  **********************************
 237    2018-11-15 04:17    52  *********************************
 238    2018-11-15 04:18    45  **************************
 239    2018-11-15 04:19    46  ***************************
 ...    ..(  5 skipped).    ..  ***************************
 245    2018-11-15 04:25    46  ***************************
 246    2018-11-15 04:26    45  **************************
 247    2018-11-15 04:27    46  ***************************
 ...    ..(  2 skipped).    ..  ***************************
 250    2018-11-15 04:30    46  ***************************
 251    2018-11-15 04:31    45  **************************
 252    2018-11-15 04:32    46  ***************************
 253    2018-11-15 04:33    45  **************************
 ...    ..(  5 skipped).    ..  **************************
 259    2018-11-15 04:39    45  **************************
 260    2018-11-15 04:40    46  ***************************
 261    2018-11-15 04:41    47  ****************************
 262    2018-11-15 04:42    47  ****************************
 263    2018-11-15 04:43    49  ******************************
 264    2018-11-15 04:44    49  ******************************
 265    2018-11-15 04:45    50  *******************************
 266    2018-11-15 04:46    50  *******************************
 267    2018-11-15 04:47    51  ********************************
 ...    ..(  2 skipped).    ..  ********************************
 270    2018-11-15 04:50    51  ********************************
 271    2018-11-15 04:51    52  *********************************
 272    2018-11-15 04:52    51  ********************************
 273    2018-11-15 04:53    52  *********************************
 274    2018-11-15 04:54    52  *********************************
 275    2018-11-15 04:55    53  **********************************
 276    2018-11-15 04:56    52  *********************************
 277    2018-11-15 04:57    52  *********************************
 278    2018-11-15 04:58    50  *******************************
 279    2018-11-15 04:59    49  ******************************
 280    2018-11-15 05:00    50  *******************************
 281    2018-11-15 05:01    51  ********************************
 282    2018-11-15 05:02    53  **********************************
 283    2018-11-15 05:03    54  ***********************************
 284    2018-11-15 05:04    53  **********************************
 285    2018-11-15 05:05     ?  -
 286    2018-11-15 05:06     ?  -
 287    2018-11-15 05:07     ?  -
 288    2018-11-15 05:08    54  ***********************************
 289    2018-11-15 05:09    53  **********************************
 290    2018-11-15 05:10    51  ********************************
 291    2018-11-15 05:11    50  *******************************
 292    2018-11-15 05:12    49  ******************************
 293    2018-11-15 05:13    49  ******************************
 294    2018-11-15 05:14    48  *****************************
 295    2018-11-15 05:15    51  ********************************
 296    2018-11-15 05:16    51  ********************************
 297    2018-11-15 05:17    51  ********************************
 298    2018-11-15 05:18    52  *********************************
 299    2018-11-15 05:19    51  ********************************
 300    2018-11-15 05:20    50  *******************************
 301    2018-11-15 05:21     ?  -
 302    2018-11-15 05:22    53  **********************************
 303    2018-11-15 05:23     ?  -
 304    2018-11-15 05:24    55  ************************************
 305    2018-11-15 05:25     ?  -
 306    2018-11-15 05:26     ?  -
 307    2018-11-15 05:27    47  ****************************
 308    2018-11-15 05:28    48  *****************************
 309    2018-11-15 05:29     ?  -
 ...    ..(  4 skipped).    ..  -
 314    2018-11-15 05:34     ?  -
 315    2018-11-15 05:35    31  ************
 316    2018-11-15 05:36    35  ****************
 317    2018-11-15 05:37    35  ****************
 318    2018-11-15 05:38    35  ****************
 319    2018-11-15 05:39    36  *****************
 320    2018-11-15 05:40    30  ***********
 321    2018-11-15 05:41    33  **************
 322    2018-11-15 05:42    36  *****************
 323    2018-11-15 05:43    40  *********************
 324    2018-11-15 05:44    36  *****************
 325    2018-11-15 05:45    35  ****************
 326    2018-11-15 05:46    33  **************
 327    2018-11-15 05:47     ?  -
 328    2018-11-15 05:48     ?  -
 329    2018-11-15 05:49    40  *********************
 330    2018-11-15 05:50    41  **********************
 331    2018-11-15 05:51    42  ***********************
 332    2018-11-15 05:52    43  ************************
 333    2018-11-15 05:53     ?  -
 334    2018-11-15 05:54     ?  -
 335    2018-11-15 05:55    44  *************************
 336    2018-11-15 05:56     ?  -
 337    2018-11-15 05:57     ?  -
 338    2018-11-15 05:58     ?  -
 339    2018-11-15 05:59    41  **********************
 340    2018-11-15 06:00     ?  -
 341    2018-11-15 06:01     ?  -
 342    2018-11-15 06:02     ?  -
 343    2018-11-15 06:03    33  **************
 344    2018-11-15 06:04    46  ***************************
 345    2018-11-15 06:05    53  **********************************
 346    2018-11-15 06:06    54  ***********************************
 347    2018-11-15 06:07    56  *************************************
 348    2018-11-15 06:08    57  **************************************
 349    2018-11-15 06:09    59  ****************************************
 350    2018-11-15 06:10     ?  -
 351    2018-11-15 06:11    40  *********************
 352    2018-11-15 06:12     ?  -
 353    2018-11-15 06:13    46  ***************************
 354    2018-11-15 06:14     ?  -
 ...    ..(  4 skipped).    ..  -
 359    2018-11-15 06:19     ?  -
 360    2018-11-15 06:20    27  ********
 361    2018-11-15 06:21     ?  -
 362    2018-11-15 06:22     ?  -
 363    2018-11-15 06:23     ?  -
 364    2018-11-15 06:24    38  *******************
 365    2018-11-15 06:25     ?  -
 366    2018-11-15 06:26     ?  -
 367    2018-11-15 06:27     ?  -
 368    2018-11-15 06:28    40  *********************
 369    2018-11-15 06:29     ?  -
 ...    ..(  7 skipped).    ..  -
 377    2018-11-15 06:37     ?  -
 378    2018-11-15 06:38    40  *********************
 379    2018-11-15 06:39     ?  -
 ...    ..(  2 skipped).    ..  -
 382    2018-11-15 06:42     ?  -
 383    2018-11-15 06:43    42  ***********************
 384    2018-11-15 06:44     ?  -
 385    2018-11-15 06:45     ?  -
 386    2018-11-15 06:46    42  ***********************
 387    2018-11-15 06:47     ?  -
 388    2018-11-15 06:48    48  *****************************
 389    2018-11-15 06:49    51  ********************************
 390    2018-11-15 06:50    53  **********************************
 391    2018-11-15 06:51     ?  -
 ...    ..(  2 skipped).    ..  -
 394    2018-11-15 06:54     ?  -
 395    2018-11-15 06:55    43  ************************
 396    2018-11-15 06:56     ?  -
 ...    ..(  3 skipped).    ..  -
 400    2018-11-15 07:00     ?  -
 401    2018-11-15 07:01    51  ********************************
 402    2018-11-15 07:02    57  **************************************
 403    2018-11-15 07:03     ?  -
 404    2018-11-15 07:04    45  **************************
 405    2018-11-15 07:05     ?  -
 406    2018-11-15 07:06     ?  -
 407    2018-11-15 07:07     ?  -
 408    2018-11-15 07:08    43  ************************
 409    2018-11-15 07:09     ?  -
 410    2018-11-15 07:10     ?  -
 411    2018-11-15 07:11    48  *****************************
 412    2018-11-15 07:12     ?  -
 413    2018-11-15 07:13    44  *************************
 414    2018-11-15 07:14     ?  -
 ...    ..(  3 skipped).    ..  -
 418    2018-11-15 07:18     ?  -
 419    2018-11-15 07:19    27  ********
 420    2018-11-15 07:20     ?  -
 421    2018-11-15 07:21     ?  -
 422    2018-11-15 07:22    43  ************************
 423    2018-11-15 07:23     ?  -
 ...    ..(  2 skipped).    ..  -
 426    2018-11-15 07:26     ?  -
 427    2018-11-15 07:27    33  **************
 428    2018-11-15 07:28    39  ********************
 429    2018-11-15 07:29    51  ********************************
 430    2018-11-15 07:30    56  *************************************
 431    2018-11-15 07:31    59  ****************************************
 432    2018-11-15 07:32    58  ***************************************
 433    2018-11-15 07:33    60  ***************************************+
 434    2018-11-15 07:34     ?  -
 ...    ..(  3 skipped).    ..  -
 438    2018-11-15 07:38     ?  -
 439    2018-11-15 07:39    42  ***********************
 440    2018-11-15 07:40    44  *************************
 441    2018-11-15 07:41    45  **************************
 442    2018-11-15 07:42    47  ****************************
 443    2018-11-15 07:43    48  *****************************
 444    2018-11-15 07:44    48  *****************************
 445    2018-11-15 07:45     ?  -
 446    2018-11-15 07:46     ?  -
 447    2018-11-15 07:47    39  ********************
 448    2018-11-15 07:48     ?  -
 ...    ..(  2 skipped).    ..  -
 451    2018-11-15 07:51     ?  -
 452    2018-11-15 07:52    45  **************************
 453    2018-11-15 07:53     ?  -
 454    2018-11-15 07:54    44  *************************
 455    2018-11-15 07:55     ?  -
 456    2018-11-15 07:56     ?  -
 457    2018-11-15 07:57    46  ***************************
 458    2018-11-15 07:58     ?  -
 459    2018-11-15 07:59    45  **************************
 460    2018-11-15 08:00     ?  -
 461    2018-11-15 08:01    42  ***********************
 462    2018-11-15 08:02     ?  -
 463    2018-11-15 08:03    47  ****************************
 464    2018-11-15 08:04    48  *****************************
 ...    ..(  2 skipped).    ..  *****************************
 467    2018-11-15 08:07    48  *****************************
 468    2018-11-15 08:08     ?  -
 469    2018-11-15 08:09    38  *******************
 470    2018-11-15 08:10    39  ********************
 471    2018-11-15 08:11    42  ***********************
 472    2018-11-15 08:12    43  ************************
 473    2018-11-15 08:13    42  ***********************
 474    2018-11-15 08:14     ?  -
 ...    ..(  2 skipped).    ..  -
 477    2018-11-15 08:17     ?  -
   0    2018-11-15 08:18    48  *****************************
 ...    ..( 28 skipped).    ..  *****************************
  29    2018-11-15 08:47    48  *****************************
  30    2018-11-15 08:48     ?  -
  31    2018-11-15 08:49     ?  -
  32    2018-11-15 08:50    42  ***********************
  33    2018-11-15 08:51     ?  -
  34    2018-11-15 08:52     ?  -
  35    2018-11-15 08:53    25  ******
  36    2018-11-15 08:54    29  **********
  37    2018-11-15 08:55    31  ************
  38    2018-11-15 08:56    32  *************
  39    2018-11-15 08:57    34  ***************
  40    2018-11-15 08:58    34  ***************
  41    2018-11-15 08:59    35  ****************
  42    2018-11-15 09:00     ?  -
  43    2018-11-15 09:01    39  ********************
  44    2018-11-15 09:02    41  **********************
  45    2018-11-15 09:03    41  **********************
  46    2018-11-15 09:04    39  ********************
  47    2018-11-15 09:05    42  ***********************
  48    2018-11-15 09:06    42  ***********************
  49    2018-11-15 09:07    42  ***********************
  50    2018-11-15 09:08    41  **********************
  51    2018-11-15 09:09    40  *********************
  52    2018-11-15 09:10    44  *************************
  53    2018-11-15 09:11     ?  -
 ...    ..(  3 skipped).    ..  -
  57    2018-11-15 09:15     ?  -
  58    2018-11-15 09:16    37  ******************
  59    2018-11-15 09:17    39  ********************
  60    2018-11-15 09:18    40  *********************
  61    2018-11-15 09:19    41  **********************
  62    2018-11-15 09:20    41  **********************
  63    2018-11-15 09:21     ?  -
  64    2018-11-15 09:22     ?  -
  65    2018-11-15 09:23    46  ***************************
  66    2018-11-15 09:24    47  ****************************
  67    2018-11-15 09:25    47  ****************************
  68    2018-11-15 09:26    46  ***************************
  69    2018-11-15 09:27    45  **************************
  70    2018-11-15 09:28    45  **************************
  71    2018-11-15 09:29    44  *************************
  72    2018-11-15 09:30    45  **************************
  73    2018-11-15 09:31    45  **************************
  74    2018-11-15 09:32    44  *************************
  75    2018-11-15 09:33    44  *************************
  76    2018-11-15 09:34    43  ************************
  77    2018-11-15 09:35    43  ************************
  78    2018-11-15 09:36    44  *************************
  79    2018-11-15 09:37    45  **************************
  80    2018-11-15 09:38    44  *************************
  81    2018-11-15 09:39    46  ***************************
  82    2018-11-15 09:40     ?  -
  83    2018-11-15 09:41     ?  -
  84    2018-11-15 09:42    49  ******************************
  85    2018-11-15 09:43    49  ******************************
  86    2018-11-15 09:44    44  *************************
  87    2018-11-15 09:45     ?  -
  88    2018-11-15 09:46    46  ***************************
  89    2018-11-15 09:47    48  *****************************
  90    2018-11-15 09:48    49  ******************************
  91    2018-11-15 09:49    49  ******************************
  92    2018-11-15 09:50    50  *******************************
  93    2018-11-15 09:51    49  ******************************
  94    2018-11-15 09:52     ?  -
  95    2018-11-15 09:53    50  *******************************
  96    2018-11-15 09:54     ?  -
  97    2018-11-15 09:55    49  ******************************
  98    2018-11-15 09:56    48  *****************************
  99    2018-11-15 09:57    48  *****************************
 100    2018-11-15 09:58    48  *****************************
 101    2018-11-15 09:59    47  ****************************
 102    2018-11-15 10:00    47  ****************************
 103    2018-11-15 10:01    46  ***************************
 104    2018-11-15 10:02     ?  -
 105    2018-11-15 10:03    49  ******************************
 106    2018-11-15 10:04    49  ******************************
 107    2018-11-15 10:05    50  *******************************
 108    2018-11-15 10:06    50  *******************************
 109    2018-11-15 10:07    48  *****************************
 ...    ..(  3 skipped).    ..  *****************************
 113    2018-11-15 10:11    48  *****************************
 114    2018-11-15 10:12     ?  -
 115    2018-11-15 10:13    49  ******************************
 116    2018-11-15 10:14    48  *****************************
 117    2018-11-15 10:15    47  ****************************
 118    2018-11-15 10:16    47  ****************************
 119    2018-11-15 10:17    48  *****************************
 120    2018-11-15 10:18    46  ***************************
 121    2018-11-15 10:19    47  ****************************
 122    2018-11-15 10:20    46  ***************************
 123    2018-11-15 10:21    46  ***************************
 124    2018-11-15 10:22    47  ****************************
 125    2018-11-15 10:23    48  *****************************
 126    2018-11-15 10:24    48  *****************************
 127    2018-11-15 10:25    49  ******************************
 ...    ..(  3 skipped).    ..  ******************************
 131    2018-11-15 10:29    49  ******************************
 132    2018-11-15 10:30     ?  -
 133    2018-11-15 10:31    51  ********************************
 134    2018-11-15 10:32    51  ********************************
 135    2018-11-15 10:33    51  ********************************
 136    2018-11-15 10:34    49  ******************************
 137    2018-11-15 10:35    50  *******************************
 ...    ..(  5 skipped).    ..  *******************************
 143    2018-11-15 10:41    50  *******************************
 144    2018-11-15 10:42    49  ******************************
 145    2018-11-15 10:43    50  *******************************
 ...    ..(  2 skipped).    ..  *******************************
 148    2018-11-15 10:46    50  *******************************
 149    2018-11-15 10:47    48  *****************************
 150    2018-11-15 10:48    51  ********************************
 151    2018-11-15 10:49    51  ********************************
 152    2018-11-15 10:50    51  ********************************
 153    2018-11-15 10:51    53  **********************************
 154    2018-11-15 10:52    52  *********************************
 155    2018-11-15 10:53    51  ********************************
 156    2018-11-15 10:54    50  *******************************
 157    2018-11-15 10:55    47  ****************************
 158    2018-11-15 10:56    48  *****************************
 159    2018-11-15 10:57    47  ****************************
 160    2018-11-15 10:58    47  ****************************
 161    2018-11-15 10:59    50  *******************************
 162    2018-11-15 11:00    50  *******************************
 163    2018-11-15 11:01    51  ********************************
 164    2018-11-15 11:02     ?  -
 165    2018-11-15 11:03    46  ***************************

SCT Error Recovery Control command not supported

Device Statistics (GP Log 0x04)
Page  Offset Size        Value Flags Description
0x01  =====  =               =  ===  == General Statistics (rev 1) ==
0x01  0x008  4              66  ---  Lifetime Power-On Resets
0x01  0x010  4              12  ---  Power-on Hours
0x01  0x018  6       664271471  ---  Logical Sectors Written
0x01  0x020  6         6528312  ---  Number of Write Commands
0x01  0x028  6       432648208  ---  Logical Sectors Read
0x01  0x030  6         6375143  ---  Number of Read Commands
0x04  =====  =               =  ===  == General Errors Statistics (rev 1) ==
0x04  0x008  4               0  ---  Number of Reported Uncorrectable Errors
0x04  0x010  4              63  ---  Resets Between Cmd Acceptance and Completion
0x05  =====  =               =  ===  == Temperature Statistics (rev 1) ==
0x05  0x008  1              38  ---  Current Temperature
0x05  0x010  1               -  ---  Average Short Term Temperature
0x05  0x018  1               -  ---  Average Long Term Temperature
0x05  0x020  1              63  ---  Highest Temperature
0x05  0x028  1              15  ---  Lowest Temperature
0x05  0x030  1               -  ---  Highest Average Short Term Temperature
0x05  0x038  1               -  ---  Lowest Average Short Term Temperature
0x05  0x040  1               -  ---  Highest Average Long Term Temperature
0x05  0x048  1               -  ---  Lowest Average Long Term Temperature
0x05  0x050  4               0  ---  Time in Over-Temperature
0x05  0x058  1              70  ---  Specified Maximum Operating Temperature
0x05  0x060  4               0  ---  Time in Under-Temperature
0x05  0x068  1               0  ---  Specified Minimum Operating Temperature
0x06  =====  =               =  ===  == Transport Statistics (rev 1) ==
0x06  0x008  4             452  ---  Number of Hardware Resets
0x06  0x010  4              57  ---  Number of ASR Events
0x06  0x018  4               0  ---  Number of Interface CRC Errors
0x07  =====  =               =  ===  == Solid State Device Statistics (rev 1) ==
0x07  0x008  1               0  N--  Percentage Used Endurance Indicator
                                |||_ C monitored condition met
                                ||__ D supports DSN
                                |___ N normalized value

Pending Defects log (GP Log 0x0c) not supported

SATA Phy Event Counters (GP Log 0x11)
ID      Size     Value  Description
0x0001  4            0  Command failed due to ICRC error
0x000a  4            9  Device-to-host register FISes sent due to a COMRESET

