# INQUIRY
# sg_raw -v -v -r 512 /dev/sdb 12 00 00 00 24 00

open /dev/sdb with flags=0x802
    cdb to send: 12 00 00 00 24 00 
SCSI Status: Good 

Received 512 bytes of data:
 00     00 80 05 02 5b 00 00 00  41 54 41 20 20 20 20 20    ....[...ATA     
 10     57 44 43 20 57 44 31 32  30 30 42 45 56 53 2d 30    WDC WD1200BEVS-0
 20     31 47 30 38 00 00 00 00  00 00 00 00 00 00 00 00    1G08............
 30     00 00 00 00 00 00 00 00  00 00 00 60 03 20 02 60    ...........`. .`
 40     00 00 00 00 00 00 00 00  00 00 00 00 00 00 00 00    ................
 50     00 00 00 00 00 00 00 00  00 00 00 00 00 00 00 00    ................
 60     00 00 00 00 00 00 00 00  00 00 00 00 00 00 00 00    ................
 70     00 00 00 00 00 00 00 00  00 00 00 00 00 00 00 00    ................
 80     00 00 00 00 00 00 00 00  00 00 00 00 00 00 00 00    ................
 90     00 00 00 00 00 00 00 00  00 00 00 00 00 00 00 00    ................
 a0     00 00 00 00 00 00 00 00  00 00 00 00 00 00 00 00    ................
 b0     00 00 00 00 00 00 00 00  00 00 00 00 00 00 00 00    ................
 c0     00 00 00 00 00 00 00 00  00 00 00 00 00 00 00 00    ................
 d0     00 00 00 00 00 00 00 00  00 00 00 00 00 00 00 00    ................
 e0     00 00 00 00 00 00 00 00  00 00 00 00 00 00 00 00    ................
 f0     00 00 00 00 00 00 00 00  00 00 00 00 00 00 00 00    ................
 100    00 00 00 00 00 00 00 00  00 00 00 00 00 00 00 00    ................
 110    00 00 00 00 00 00 00 00  00 00 00 00 00 00 00 00    ................
 120    00 00 00 00 00 00 00 00  00 00 00 00 00 00 00 00    ................
 130    00 00 00 00 00 00 00 00  00 00 00 00 00 00 00 00    ................
 140    00 00 00 00 00 00 00 00  00 00 00 00 00 00 00 00    ................
 150    00 00 00 00 00 00 00 00  00 00 00 00 00 00 00 00    ................
 160    00 00 00 00 00 00 00 00  00 00 00 00 00 00 00 00    ................
 170    00 00 00 00 00 00 00 00  00 00 00 00 00 00 00 00    ................
 180    00 00 00 00 00 00 00 00  00 00 00 00 00 00 00 00    ................
 190    00 00 00 00 00 00 00 00  00 00 00 00 00 00 00 00    ................
 1a0    00 00 00 00 00 00 00 00  00 00 00 00 00 00 00 00    ................
 1b0    00 00 00 00 00 00 00 00  00 00 00 00 00 00 00 00    ................
 1c0    00 00 00 00 00 00 00 00  00 00 00 00 00 00 00 00    ................
 1d0    00 00 00 00 00 00 00 00  00 00 00 00 00 00 00 00    ................
 1e0    00 00 00 00 00 00 00 00  00 00 00 00 00 00 00 00    ................
 1f0    00 00 00 00 00 00 00 00  00 00 00 00 00 00 00 00    ................
No errors


# IDENTIFY DEVICE
# sg_raw -v -v -r 512 /dev/sdb 85 08 0e 00 00 00 01 00 00 00 00 00 00 00 ec 00

open /dev/sdb with flags=0x802
    cdb to send: 85 08 0e 00 00 00 01 00 00 00 00 00 00 00 ec 00 
SCSI Status: Good 

Received 512 bytes of data:
 00     7a 42 ff 3f 37 c8 10 00  00 00 00 00 3f 00 00 00    zB.?7.......?...
 10     00 00 00 00 20 20 20 20  57 20 2d 44 58 57 5a 43    ....    W -DXWZC
 20     37 30 37 37 37 35 35 34  06 7b 27 73 32 00 38 30    70777554.{'s2.80
 30     30 2e 47 31 38 30 44 57  20 43 44 57 32 31 30 30    0.G180DW CDW2100
 40     45 42 53 56 30 2d 52 38  54 53 20 32 20 20 20 20    EBSV0-R8TS 2    
 50     20 20 20 20 20 20 20 20  20 20 20 20 20 20 10 80                  ..
 60     00 00 00 2f 00 40 00 00  00 00 07 00 ff 3f 10 00    .../.@.......?..
 70     3f 00 10 fc fb 00 00 01  b0 4b f9 0d 00 00 07 00    ?........K......
 80     03 00 78 00 78 00 78 00  78 00 00 00 00 00 00 00    ..x.x.x.x.......
 90     00 00 00 00 00 00 1f 00  02 06 00 00 4c 00 40 00    ............L.@.
 a0     fe 00 00 00 6b 34 09 7f  63 61 69 34 09 bc 63 61    ....k4..cai4..ca
 b0     7f 40 1b 00 00 00 fe 00  fe ff 00 00 fe 80 00 00    .@..............
 c0     00 00 00 00 00 00 00 00  b0 4b f9 0d 00 00 00 00    .........K......
 d0     00 00 00 00 60 03 00 00  01 50 e2 4e 2c 56 8d ea    ....`....P.N,V..
 e0     00 00 00 00 00 00 00 00  00 00 08 00 00 00 14 40    ...............@
 f0     14 40 00 00 00 00 00 00  00 00 00 00 00 00 00 00    .@..............
 100    01 00 00 00 00 00 00 00  00 00 78 16 00 00 00 00    ..........x.....
 110    00 00 00 00 00 00 00 00  00 00 00 00 04 00 00 00    ................
 120    00 00 00 00 00 00 00 00  00 00 00 00 00 00 00 00    ................
 130    00 00 00 00 00 00 00 00  00 00 00 00 00 00 00 00    ................
 140    00 00 00 00 00 00 00 00  00 00 00 00 00 00 00 00    ................
 150    00 00 00 00 00 00 00 00  00 00 00 00 00 00 00 00    ................
 160    00 00 00 00 00 00 00 00  00 00 00 00 00 00 00 00    ................
 170    00 00 00 00 00 00 00 00  00 00 00 00 00 00 00 00    ................
 180    00 00 00 00 00 00 00 00  00 00 00 00 00 00 00 00    ................
 190    00 00 00 00 00 00 00 00  00 00 00 00 3f 10 00 00    ............?...
 1a0    00 00 00 00 00 00 00 00  00 00 00 00 00 00 00 00    ................
 1b0    00 00 00 00 00 00 00 00  00 00 00 00 00 00 00 00    ................
 1c0    00 00 00 00 00 00 00 00  00 00 00 00 00 00 00 00    ................
 1d0    00 00 00 00 01 00 00 08  00 00 00 00 00 00 00 00    ................
 1e0    00 00 00 00 00 00 00 00  00 00 00 00 00 00 00 00    ................
 1f0    00 00 00 00 00 00 00 00  00 00 00 00 00 00 a5 02    ................
No errors


# SMART READ ATTRIBUTE VALUES
# sg_raw -v -v -r 512 /dev/sdb 85 08 0e 00 d0 00 01 00 00 00 4f 00 c2 00 b0 00

open /dev/sdb with flags=0x802
    cdb to send: 85 08 0e 00 d0 00 01 00 00 00 4f 00 c2 00 b0 00 
SCSI Status: Good 

Received 512 bytes of data:
 00     7a 42 ff 3f 37 c8 10 00  00 00 00 00 3f 00 00 00    zB.?7.......?...
 10     00 00 00 00 20 20 20 20  57 20 2d 44 58 57 5a 43    ....    W -DXWZC
 20     37 30 37 37 37 35 35 34  06 7b 27 73 32 00 38 30    70777554.{'s2.80
 30     30 2e 47 31 38 30 44 57  20 43 44 57 32 31 30 30    0.G180DW CDW2100
 40     45 42 53 56 30 2d 52 38  54 53 20 32 20 20 20 20    EBSV0-R8TS 2    
 50     20 20 20 20 20 20 20 20  20 20 20 20 20 20 10 80                  ..
 60     00 00 00 2f 00 40 00 00  00 00 07 00 ff 3f 10 00    .../.@.......?..
 70     3f 00 10 fc fb 00 00 01  b0 4b f9 0d 00 00 07 00    ?........K......
 80     03 00 78 00 78 00 78 00  78 00 00 00 00 00 00 00    ..x.x.x.x.......
 90     00 00 00 00 00 00 1f 00  02 06 00 00 4c 00 40 00    ............L.@.
 a0     fe 00 00 00 6b 34 09 7f  63 61 69 34 09 bc 63 61    ....k4..cai4..ca
 b0     7f 40 1b 00 00 00 fe 00  fe ff 00 00 fe 80 00 00    .@..............
 c0     00 00 00 00 00 00 00 00  b0 4b f9 0d 00 00 00 00    .........K......
 d0     00 00 00 00 60 03 00 00  01 50 e2 4e 2c 56 8d ea    ....`....P.N,V..
 e0     00 00 00 00 00 00 00 00  00 00 08 00 00 00 14 40    ...............@
 f0     14 40 00 00 00 00 00 00  00 00 00 00 00 00 00 00    .@..............
 100    01 00 00 00 00 00 00 00  00 00 78 16 00 00 00 00    ..........x.....
 110    00 00 00 00 00 00 00 00  00 00 00 00 04 00 00 00    ................
 120    00 00 00 00 00 00 00 00  00 00 00 00 00 00 00 00    ................
 130    00 00 00 00 00 00 00 00  00 00 00 00 00 00 00 00    ................
 140    00 00 00 00 00 00 00 00  00 00 00 00 00 00 00 00    ................
 150    00 00 00 00 00 00 00 00  00 00 00 00 00 00 ff 00    ................
 160    af ff 00 00 00 00 00 00  00 00 00 00 00 00 00 00    ................
 170    00 00 00 00 00 00 00 00  00 00 00 00 00 00 00 00    ................
 180    00 00 00 00 00 00 00 00  00 00 00 00 00 00 00 00    ................
 190    00 00 00 00 00 00 00 00  00 00 00 00 3f 10 00 00    ............?...
 1a0    00 00 00 00 00 00 00 00  00 00 00 00 00 00 00 00    ................
 1b0    00 00 00 00 00 00 00 00  00 00 00 00 00 00 00 00    ................
 1c0    00 00 00 00 00 00 00 00  00 00 00 00 00 00 00 00    ................
 1d0    00 00 00 00 01 00 00 08  00 00 00 00 00 00 00 00    ................
 1e0    00 00 00 00 00 00 00 00  00 00 00 00 00 00 00 00    ................
 1f0    00 00 00 00 00 00 00 af  ff 00 00 00 00 00 a5 02    ................
No errors


# SMART READ ATTRIBUTE THRESHOLDS
# sg_raw -v -v -r 512 /dev/sdb 85 08 0e 00 d1 00 01 00 01 00 4f 00 c2 00 b0 00

open /dev/sdb with flags=0x802
    cdb to send: 85 08 0e 00 d1 00 01 00 01 00 4f 00 c2 00 b0 00 
SCSI Status: Check Condition 

Sense Information:
 Descriptor format, current;  Sense key: Illegal Request
 Additional sense: Unaligned write command
  Descriptor type: ATA Status Return
    extend=0  error=0x4  sector_count=0x0
    lba=0x000000
    device=0x0  status=0x51
 Raw sense data (in hex):
        72 05 21 04 00 00 00 0e  09 0c 00 04 00 00 00 00
        00 00 00 00 00 51

Error 5 occurred, no data received
Illegal request sense key, apart from Invalid opcode


