# smartctl -A -r ioctl,2 /dev/sdb

smartctl 6.5 2016-01-24 r4214 [x86_64-linux-4.4.0-31-generic] (local build)
Copyright (C) 2002-16, Bruce Allen, Christian Franke, www.smartmontools.org

 [inquiry: 12 00 00 00 24 00 ]
  scsi_status=0x0, host_status=0x0, driver_status=0x0
  info=0x0  duration=0 milliseconds  resid=0
  Incoming data, len=36:
 00     00 80 05 02 5b 00 00 00  41 54 41 20 20 20 20 20                        
 10     57 44 43 20 57 44 31 32  30 30 42 45 56 53 2d 30                        
 20     31 47 30 38                                                             
 [ata pass-through(16): 85 08 0e 00 00 00 01 00 00 00 00 00 00 00 ec 00 ]
  scsi_status=0x0, host_status=0x0, driver_status=0x0
  info=0x0  duration=0 milliseconds  resid=0
  Incoming data, len=512 [only first 256 bytes shown]:
 00     7a 42 ff 3f 37 c8 10 00  00 00 00 00 3f 00 00 00                        
 10     00 00 00 00 20 20 20 20  57 20 2d 44 58 57 5a 43                        
 20     37 30 37 37 37 35 35 34  06 7b 27 73 32 00 38 30                        
 30     30 2e 47 31 38 30 44 57  20 43 44 57 32 31 30 30                        
 40     45 42 53 56 30 2d 52 38  54 53 20 32 20 20 20 20                        
 50     20 20 20 20 20 20 20 20  20 20 20 20 20 20 10 80                        
 60     00 00 00 2f 00 40 00 00  00 00 07 00 ff ff 01 00                        
 70     3f 00 c1 ff 3e 00 10 01  b0 4b f9 0d 00 00 07 00                        
 80     03 00 78 00 78 00 78 00  78 00 00 00 00 00 00 00                        
 90     00 00 00 00 00 00 1f 00  02 06 00 00 4c 00 40 00                        
 a0     fe 00 00 00 6b 34 09 7f  63 61 69 34 09 bc 63 61                        
 b0     7f 40 1b 00 00 00 fe 00  fe ff 00 00 fe 80 00 00                        
 c0     00 00 00 00 00 00 00 00  b0 4b f9 0d 00 00 00 00                        
 d0     00 00 00 00 60 03 00 00  01 50 e2 4e 2c 56 8d ea                        
 e0     00 00 00 00 00 00 00 00  00 00 08 00 00 00 14 40                        
 f0     14 40 00 00 00 00 00 00  00 00 00 00 00 00 00 00                        

REPORT-IOCTL: Device=/dev/sdb Command=IDENTIFY DEVICE
 Input:   FR=...., SC=0x01, LL=...., LM=...., LH=...., DEV=...., CMD=0xec IN
 [ata pass-through(16): 85 08 0e 00 00 00 01 00 00 00 00 00 00 00 ec 00 ]
  scsi_status=0x0, host_status=0x0, driver_status=0x0
  info=0x0  duration=4 milliseconds  resid=0
  Incoming data, len=512 [only first 256 bytes shown]:
 00     7a 42 ff 3f 37 c8 10 00  00 00 00 00 3f 00 00 00                        
 10     00 00 00 00 20 20 20 20  57 20 2d 44 58 57 5a 43                        
 20     37 30 37 37 37 35 35 34  06 7b 27 73 32 00 38 30                        
 30     30 2e 47 31 38 30 44 57  20 43 44 57 32 31 30 30                        
 40     45 42 53 56 30 2d 52 38  54 53 20 32 20 20 20 20                        
 50     20 20 20 20 20 20 20 20  20 20 20 20 20 20 10 80                        
 60     00 00 00 2f 00 40 00 00  00 00 07 00 ff ff 01 00                        
 70     3f 00 c1 ff 3e 00 10 01  b0 4b f9 0d 00 00 07 00                        
 80     03 00 78 00 78 00 78 00  78 00 00 00 00 00 00 00                        
 90     00 00 00 00 00 00 1f 00  02 06 00 00 4c 00 40 00                        
 a0     fe 00 00 00 6b 34 09 7f  63 61 69 34 09 bc 63 61                        
 b0     7f 40 1b 00 00 00 fe 00  fe ff 00 00 fe 80 00 00                        
 c0     00 00 00 00 00 00 00 00  b0 4b f9 0d 00 00 00 00                        
 d0     00 00 00 00 60 03 00 00  01 50 e2 4e 2c 56 8d ea                        
 e0     00 00 00 00 00 00 00 00  00 00 08 00 00 00 14 40                        
 f0     14 40 00 00 00 00 00 00  00 00 00 00 00 00 00 00                        
 [Duration: 0.001s]
REPORT-IOCTL: Device=/dev/sdb Command=IDENTIFY DEVICE returned 0

===== [IDENTIFY DEVICE] DATA START (BASE-16) =====
000-015: 7a 42 ff 3f 37 c8 10 00 00 00 00 00 3f 00 00 00 |zB.?7.......?...|
016-031: 00 00 00 00 20 20 20 20 57 20 2d 44 58 57 5a 43 |....    W -DXWZC|
032-047: 37 30 37 37 37 35 35 34 06 7b 27 73 32 00 38 30 |70777554.{'s2.80|
048-063: 30 2e 47 31 38 30 44 57 20 43 44 57 32 31 30 30 |0.G180DW CDW2100|
064-079: 45 42 53 56 30 2d 52 38 54 53 20 32 20 20 20 20 |EBSV0-R8TS 2    |
080-095: 20 20 20 20 20 20 20 20 20 20 20 20 20 20 10 80 |              ..|
096-111: 00 00 00 2f 00 40 00 00 00 00 07 00 ff ff 01 00 |.../.@..........|
112-127: 3f 00 c1 ff 3e 00 10 01 b0 4b f9 0d 00 00 07 00 |?...>....K......|
128-143: 03 00 78 00 78 00 78 00 78 00 00 00 00 00 00 00 |..x.x.x.x.......|
144-159: 00 00 00 00 00 00 1f 00 02 06 00 00 4c 00 40 00 |............L.@.|
160-175: fe 00 00 00 6b 34 09 7f 63 61 69 34 09 bc 63 61 |....k4..cai4..ca|
176-191: 7f 40 1b 00 00 00 fe 00 fe ff 00 00 fe 80 00 00 |.@..............|
192-207: 00 00 00 00 00 00 00 00 b0 4b f9 0d 00 00 00 00 |.........K......|
208-223: 00 00 00 00 60 03 00 00 01 50 e2 4e 2c 56 8d ea |....`....P.N,V..|
224-239: 00 00 00 00 00 00 00 00 00 00 08 00 00 00 14 40 |...............@|
240-255: 14 40 00 00 00 00 00 00 00 00 00 00 00 00 00 00 |.@..............|
256-271: 09 00 00 00 00 00 00 00 00 00 78 16 00 00 00 00 |..........x.....|
272-287: 00 00 00 00 00 00 00 00 00 00 00 00 04 00 00 00 |................|
288-303: 00 00 00 00 00 00 00 00 00 00 00 00 00 00 00 00 |................|
304-319: 00 00 00 00 00 00 00 00 00 00 00 00 00 00 00 00 |................|
320-335: 00 00 00 00 00 00 00 00 00 00 00 00 00 00 00 00 |................|
336-351: 00 00 00 00 00 00 00 00 00 00 00 00 00 00 00 00 |................|
352-367: 00 00 00 00 00 00 00 00 00 00 00 00 00 00 00 00 |................|
368-383: 00 00 00 00 00 00 00 00 00 00 00 00 00 00 00 00 |................|
384-399: 00 00 00 00 00 00 00 00 00 00 00 00 00 00 00 00 |................|
400-415: 00 00 00 00 00 00 00 00 00 00 00 00 3f 10 00 00 |............?...|
416-431: 00 00 00 00 00 00 00 00 00 00 00 00 00 00 00 00 |................|
432-447: 00 00 00 00 00 00 00 00 00 00 00 00 00 00 00 00 |................|
448-463: 00 00 00 00 00 00 00 00 00 00 00 00 00 00 00 00 |................|
464-479: 00 00 00 00 01 00 00 08 00 00 00 00 00 00 00 00 |................|
480-495: 00 00 00 00 00 00 00 00 00 00 00 00 00 00 00 00 |................|
496-511: 00 00 00 00 00 00 00 00 00 00 00 00 00 00 a5 42 |...............B|
===== [IDENTIFY DEVICE] DATA END (512 Bytes) =====


REPORT-IOCTL: Device=/dev/sdb Command=SMART READ ATTRIBUTE VALUES
 Input:   FR=0xd0, SC=0x01, LL=...., LM=0x4f, LH=0xc2, DEV=...., CMD=0xb0 IN
 [ata pass-through(16): 85 08 0e 00 d0 00 01 00 00 00 4f 00 c2 00 b0 00 ]
  scsi_status=0x0, host_status=0x0, driver_status=0x0
  info=0x0  duration=4 milliseconds  resid=0
  Incoming data, len=512 [only first 256 bytes shown]:
 00     7a 42 ff 3f 37 c8 10 00  00 00 00 00 3f 00 00 00                        
 10     00 00 00 00 20 20 20 20  57 20 2d 44 58 57 5a 43                        
 20     37 30 37 37 37 35 35 34  06 7b 27 73 32 00 38 30                        
 30     30 2e 47 31 38 30 44 57  20 43 44 57 32 31 30 30                        
 40     45 42 53 56 30 2d 52 38  54 53 20 32 20 20 20 20                        
 50     20 20 20 20 20 20 20 20  20 20 20 20 20 20 10 80                        
 60     00 00 00 2f 00 40 00 00  00 00 07 00 ff ff 01 00                        
 70     3f 00 c1 ff 3e 00 10 01  b0 4b f9 0d 00 00 07 00                        
 80     03 00 78 00 78 00 78 00  78 00 00 00 00 00 00 00                        
 90     00 00 00 00 00 00 1f 00  02 06 00 00 4c 00 40 00                        
 a0     fe 00 00 00 6b 34 09 7f  63 61 69 34 09 bc 63 61                        
 b0     7f 40 1b 00 00 00 fe 00  fe ff 00 00 fe 80 00 00                        
 c0     00 00 00 00 00 00 00 00  b0 4b f9 0d 00 00 00 00                        
 d0     00 00 00 00 60 03 00 00  01 50 e2 4e 2c 56 8d ea                        
 e0     00 00 00 00 00 00 00 00  00 00 08 00 00 00 14 40                        
 f0     14 40 00 00 00 00 00 00  00 00 00 00 00 00 00 00                        
 [Duration: 0.005s]
REPORT-IOCTL: Device=/dev/sdb Command=SMART READ ATTRIBUTE VALUES returned 0

===== [SMART READ ATTRIBUTE VALUES] DATA START (BASE-16) =====
000-015: 7a 42 ff 3f 37 c8 10 00 00 00 00 00 3f 00 00 00 |zB.?7.......?...|
016-031: 00 00 00 00 20 20 20 20 57 20 2d 44 58 57 5a 43 |....    W -DXWZC|
032-047: 37 30 37 37 37 35 35 34 06 7b 27 73 32 00 38 30 |70777554.{'s2.80|
048-063: 30 2e 47 31 38 30 44 57 20 43 44 57 32 31 30 30 |0.G180DW CDW2100|
064-079: 45 42 53 56 30 2d 52 38 54 53 20 32 20 20 20 20 |EBSV0-R8TS 2    |
080-095: 20 20 20 20 20 20 20 20 20 20 20 20 20 20 10 80 |              ..|
096-111: 00 00 00 2f 00 40 00 00 00 00 07 00 ff ff 01 00 |.../.@..........|
112-127: 3f 00 c1 ff 3e 00 10 01 b0 4b f9 0d 00 00 07 00 |?...>....K......|
128-143: 03 00 78 00 78 00 78 00 78 00 00 00 00 00 00 00 |..x.x.x.x.......|
144-159: 00 00 00 00 00 00 1f 00 02 06 00 00 4c 00 40 00 |............L.@.|
160-175: fe 00 00 00 6b 34 09 7f 63 61 69 34 09 bc 63 61 |....k4..cai4..ca|
176-191: 7f 40 1b 00 00 00 fe 00 fe ff 00 00 fe 80 00 00 |.@..............|
192-207: 00 00 00 00 00 00 00 00 b0 4b f9 0d 00 00 00 00 |.........K......|
208-223: 00 00 00 00 60 03 00 00 01 50 e2 4e 2c 56 8d ea |....`....P.N,V..|
224-239: 00 00 00 00 00 00 00 00 00 00 08 00 00 00 14 40 |...............@|
240-255: 14 40 00 00 00 00 00 00 00 00 00 00 00 00 00 00 |.@..............|
256-271: 09 00 00 00 00 00 00 00 00 00 78 16 00 00 00 00 |..........x.....|
272-287: 00 00 00 00 00 00 00 00 00 00 00 00 04 00 00 00 |................|
288-303: 00 00 00 00 00 00 00 00 00 00 00 00 00 00 00 00 |................|
304-319: 00 00 00 00 00 00 00 00 00 00 00 00 00 00 00 00 |................|
320-335: 00 00 00 00 00 00 00 00 00 00 00 00 00 00 00 00 |................|
336-351: 00 00 00 00 00 00 00 00 00 00 00 00 00 00 ff 00 |................|
352-367: ad ff 00 00 00 00 00 00 00 00 00 00 00 00 00 00 |................|
368-383: 00 00 00 00 00 00 00 00 00 00 00 00 00 00 00 00 |................|
384-399: 00 00 00 00 00 00 00 00 00 00 00 00 00 00 00 00 |................|
400-415: 00 00 00 00 00 00 00 00 00 00 00 00 3f 10 00 00 |............?...|
416-431: 00 00 00 00 00 00 00 00 00 00 00 00 00 00 00 00 |................|
432-447: 00 00 00 00 00 00 00 00 00 00 00 00 00 00 00 00 |................|
448-463: 00 00 00 00 00 00 00 00 00 00 00 00 00 00 00 00 |................|
464-479: 00 00 00 00 01 00 00 08 00 00 00 00 00 00 00 00 |................|
480-495: 00 00 00 00 00 00 00 00 00 00 00 00 00 00 00 00 |................|
496-511: 00 00 00 00 00 00 00 ad ff 00 00 00 00 00 a5 42 |...............B|
===== [SMART READ ATTRIBUTE VALUES] DATA END (512 Bytes) =====

Warning! SMART Attribute Data Structure error: invalid SMART checksum.

REPORT-IOCTL: Device=/dev/sdb Command=SMART READ ATTRIBUTE THRESHOLDS
 Input:   FR=0xd1, SC=0x01, LL=0x01, LM=0x4f, LH=0xc2, DEV=...., CMD=0xb0 IN
 [ata pass-through(16): 85 08 0e 00 d1 00 01 00 01 00 4f 00 c2 00 b0 00 ]
  scsi_status=0x2, host_status=0x0, driver_status=0x8
  info=0x1  duration=8 milliseconds  resid=0
  Incoming data, len=512 [only first 256 bytes shown]:
 00     7a 42 ff 3f 37 c8 10 00  00 00 00 00 3f 00 00 00                        
 10     00 00 00 00 20 20 20 20  57 20 2d 44 58 57 5a 43                        
 20     37 30 37 37 37 35 35 34  06 7b 27 73 32 00 38 30                        
 30     30 2e 47 31 38 30 44 57  20 43 44 57 32 31 30 30                        
 40     45 42 53 56 30 2d 52 38  54 53 20 32 20 20 20 20                        
 50     20 20 20 20 20 20 20 20  20 20 20 20 20 20 10 80                        
 60     00 00 00 2f 00 40 00 00  00 00 07 00 ff ff 01 00                        
 70     3f 00 c1 ff 3e 00 10 01  b0 4b f9 0d 00 00 07 00                        
 80     03 00 78 00 78 00 78 00  78 00 00 00 00 00 00 00                        
 90     00 00 00 00 00 00 1f 00  02 06 00 00 4c 00 40 00                        
 a0     fe 00 00 00 6b 34 09 7f  63 61 69 34 09 bc 63 61                        
 b0     7f 40 1b 00 00 00 fe 00  fe ff 00 00 fe 80 00 00                        
 c0     00 00 00 00 00 00 00 00  b0 4b f9 0d 00 00 00 00                        
 d0     00 00 00 00 60 03 00 00  01 50 e2 4e 2c 56 8d ea                        
 e0     00 00 00 00 00 00 00 00  00 00 08 00 00 00 14 40                        
 f0     14 40 00 00 00 00 00 00  00 00 00 00 00 00 00 00                        
  >>> Sense buffer, len=22:
 00     72 05 21 04 00 00 00 0e  09 0c 00 04 00 00 00 00                        
 10     00 00 00 00 00 51                                                       
  status=2: [desc] sense_key=5 asc=21 ascq=4
sat_device::ata_pass_through: scsi error: badly formed scsi parameters
Values from ATA Return Descriptor are:
 00     09 0c 00 04 00 00 00 00  00 00 00 00 00 51                              
 [Duration: 0.007s]
REPORT-IOCTL: Device=/dev/sdb Command=SMART READ ATTRIBUTE THRESHOLDS returned -1 errno=5 [scsi error badly formed scsi parameters]

===== [SMART READ ATTRIBUTE THRESHOLDS] DATA START (BASE-16) =====
000-015: 00 00 00 00 00 00 00 00 00 00 00 00 00 00 00 00 |................|
016-031: 00 00 00 00 00 00 00 00 00 00 00 00 00 00 00 00 |................|
032-047: 00 00 00 00 00 00 00 00 00 00 00 00 00 00 00 00 |................|
048-063: 00 00 00 00 00 00 00 00 00 00 00 00 00 00 00 00 |................|
064-079: 00 00 00 00 00 00 00 00 00 00 00 00 00 00 00 00 |................|
080-095: 00 00 00 00 00 00 00 00 00 00 00 00 00 00 00 00 |................|
096-111: 00 00 00 00 00 00 00 00 00 00 00 00 00 00 00 00 |................|
112-127: 00 00 00 00 00 00 00 00 00 00 00 00 00 00 00 00 |................|
128-143: 00 00 00 00 00 00 00 00 00 00 00 00 00 00 00 00 |................|
144-159: 00 00 00 00 00 00 00 00 00 00 00 00 00 00 00 00 |................|
160-175: 00 00 00 00 00 00 00 00 00 00 00 00 00 00 00 00 |................|
176-191: 00 00 00 00 00 00 00 00 00 00 00 00 00 00 00 00 |................|
192-207: 00 00 00 00 00 00 00 00 00 00 00 00 00 00 00 00 |................|
208-223: 00 00 00 00 00 00 00 00 00 00 00 00 00 00 00 00 |................|
224-239: 00 00 00 00 00 00 00 00 00 00 00 00 00 00 00 00 |................|
240-255: 00 00 00 00 00 00 00 00 00 00 00 00 00 00 00 00 |................|
256-271: 00 00 00 00 00 00 00 00 00 00 00 00 00 00 00 00 |................|
272-287: 00 00 00 00 00 00 00 00 00 00 00 00 00 00 00 00 |................|
288-303: 00 00 00 00 00 00 00 00 00 00 00 00 00 00 00 00 |................|
304-319: 00 00 00 00 00 00 00 00 00 00 00 00 00 00 00 00 |................|
320-335: 00 00 00 00 00 00 00 00 00 00 00 00 00 00 00 00 |................|
336-351: 00 00 00 00 00 00 00 00 00 00 00 00 00 00 00 00 |................|
352-367: 00 00 00 00 00 00 00 00 00 00 00 00 00 00 00 00 |................|
368-383: 00 00 00 00 00 00 00 00 00 00 00 00 00 00 00 00 |................|
384-399: 00 00 00 00 00 00 00 00 00 00 00 00 00 00 00 00 |................|
400-415: 00 00 00 00 00 00 00 00 00 00 00 00 00 00 00 00 |................|
416-431: 00 00 00 00 00 00 00 00 00 00 00 00 00 00 00 00 |................|
432-447: 00 00 00 00 00 00 00 00 00 00 00 00 00 00 00 00 |................|
448-463: 00 00 00 00 00 00 00 00 00 00 00 00 00 00 00 00 |................|
464-479: 00 00 00 00 00 00 00 00 00 00 00 00 00 00 00 00 |................|
480-495: 00 00 00 00 00 00 00 00 00 00 00 00 00 00 00 00 |................|
496-511: 00 00 00 00 00 00 00 00 00 00 00 00 00 00 00 00 |................|
===== [SMART READ ATTRIBUTE THRESHOLDS] DATA END (512 Bytes) =====

Read SMART Thresholds failed: scsi error badly formed scsi parameters

=== START OF READ SMART DATA SECTION ===
SMART Attributes Data Structure revision number: 17018
Vendor Specific SMART Attributes with Thresholds:
ID# ATTRIBUTE_NAME          FLAG     VALUE WORST THRESH TYPE      UPDATED  WHEN_FAILED RAW_VALUE
255 Unknown_Attribute       0x373f   200   016   ---    Pre-fail  Always       -       69269232549888
 45 Unknown_Attribute       0x5844   087   090   ---    Old_age   Offline      -       60710288635715
 53 Unknown_Attribute       0x0634   123   039   ---    Old_age   Offline      -       52983656100467
 71 Unknown_Attribute       0x3831   048   068   ---    Pre-fail  Offline      -       55350388793431
 48 Unknown_Attribute       0x4530   066   083   ---    Old_age   Offline      -       92600873594966
 32 Unknown_Attribute       0x2032   032   032   ---    Old_age   Always       -       35322350018592
 32 Unknown_Attribute       0x2020   032   032   ---    Old_age   Offline      -       550026354720
  1 Raw_Read_Error_Rate     0x3f00   000   193   ---    Old_age   Offline      -       193518609907455
249 Unknown_Attribute       0x000d   000   007   ---    Pre-fail  Offline      -       131943408599808
120 Unknown_Attribute       0x7800   000   000   ---    Old_age   Offline      -       0
 64 Unknown_Attribute       0xfe00   000   000   ---    Old_age   Offline      -       109397266426624
105 Unknown_Attribute       0x0934   188   099   ---    Old_age   Offline      -       457211745
254 Free_Fall_Sensor        0xfe00   255   000   ---    Old_age   Offline      -       8453632
226 Load-in_Time            0x2c4e   086   141   ---    Old_age   Always       -       234
120 Unknown_Attribute       0x0016   000   000   ---    Old_age   Always       -       0
255 Unknown_Attribute       0xad00   255   000   ---    Old_age   Offline      -       0

