# smartctl -A -r ioctl,2 /dev/sdb

smartctl 6.5 2016-01-24 r4214 [x86_64-linux-4.4.0-31-generic] (local build)
Copyright (C) 2002-16, Bruce Allen, Christian Franke, www.smartmontools.org

 [inquiry: 12 00 00 00 24 00 ]
  scsi_status=0x0, host_status=0x0, driver_status=0x0
  info=0x0  duration=0 milliseconds  resid=0
  Incoming data, len=36:
 00     00 80 05 02 5b 00 00 00  41 54 41 20 20 20 20 20                        
 10     57 44 43 20 57 44 31 32  30 30 42 45 56 53 2d 30                        
 20     31 47 30 38                                                             
 [ata pass-through(16): 85 08 0e 00 00 00 01 00 00 00 00 00 00 00 ec 00 ]
  scsi_status=0x0, host_status=0x0, driver_status=0x0
  info=0x0  duration=4 milliseconds  resid=0
  Incoming data, len=512 [only first 256 bytes shown]:
 00     7a 42 ff 3f 37 c8 10 00  00 00 00 00 3f 00 00 00                        
 10     00 00 00 00 20 20 20 20  57 20 2d 44 58 57 5a 43                        
 20     37 30 37 37 37 35 35 34  00 00 00 40 32 00 38 30                        
 30     30 2e 47 31 38 30 44 57  20 43 44 57 32 31 30 30                        
 40     45 42 53 56 30 2d 52 38  54 53 20 32 20 20 20 20                        
 50     20 20 20 20 20 20 20 20  20 20 20 20 20 20 10 80                        
 60     00 00 00 2f 00 40 00 00  00 00 07 00 ff 3f 10 00                        
 70     3f 00 10 fc fb 00 00 01  b0 4b f9 0d 00 00 07 00                        
 80     03 00 78 00 78 00 78 00  78 00 00 00 00 00 00 00                        
 90     00 00 00 00 00 00 1f 00  02 07 00 00 4c 00 44 00                        
 a0     fe 00 00 00 6b 34 09 7f  63 61 69 34 09 bc 63 61                        
 b0     7f 40 1b 00 00 00 fe 00  fe ff 00 00 fe 80 00 00                        
 c0     00 00 00 00 00 00 00 00  b0 4b f9 0d 00 00 00 00                        
 d0     00 00 00 00 00 00 00 00  01 50 e2 4e 2c 56 8d ea                        
 e0     00 00 00 00 00 00 00 00  00 00 00 00 00 00 14 40                        
 f0     14 40 00 00 00 00 00 00  00 00 00 00 00 00 00 00                        

REPORT-IOCTL: Device=/dev/sdb Command=IDENTIFY DEVICE
 Input:   FR=...., SC=0x01, LL=...., LM=...., LH=...., DEV=...., CMD=0xec IN
 [ata pass-through(16): 85 08 0e 00 00 00 01 00 00 00 00 00 00 00 ec 00 ]
  scsi_status=0x0, host_status=0x0, driver_status=0x0
  info=0x0  duration=0 milliseconds  resid=0
  Incoming data, len=512 [only first 256 bytes shown]:
 00     7a 42 ff 3f 37 c8 10 00  00 00 00 00 3f 00 00 00                        
 10     00 00 00 00 20 20 20 20  57 20 2d 44 58 57 5a 43                        
 20     37 30 37 37 37 35 35 34  00 00 00 40 32 00 38 30                        
 30     30 2e 47 31 38 30 44 57  20 43 44 57 32 31 30 30                        
 40     45 42 53 56 30 2d 52 38  54 53 20 32 20 20 20 20                        
 50     20 20 20 20 20 20 20 20  20 20 20 20 20 20 10 80                        
 60     00 00 00 2f 00 40 00 00  00 00 07 00 ff 3f 10 00                        
 70     3f 00 10 fc fb 00 00 01  b0 4b f9 0d 00 00 07 00                        
 80     03 00 78 00 78 00 78 00  78 00 00 00 00 00 00 00                        
 90     00 00 00 00 00 00 1f 00  02 07 00 00 4c 00 44 00                        
 a0     fe 00 00 00 6b 34 09 7f  63 61 69 34 09 bc 63 61                        
 b0     7f 40 1b 00 00 00 fe 00  fe ff 00 00 fe 80 00 00                        
 c0     00 00 00 00 00 00 00 00  b0 4b f9 0d 00 00 00 00                        
 d0     00 00 00 00 00 00 00 00  01 50 e2 4e 2c 56 8d ea                        
 e0     00 00 00 00 00 00 00 00  00 00 00 00 00 00 14 40                        
 f0     14 40 00 00 00 00 00 00  00 00 00 00 00 00 00 00                        
 [Duration: 0.001s]
REPORT-IOCTL: Device=/dev/sdb Command=IDENTIFY DEVICE returned 0

===== [IDENTIFY DEVICE] DATA START (BASE-16) =====
000-015: 7a 42 ff 3f 37 c8 10 00 00 00 00 00 3f 00 00 00 |zB.?7.......?...|
016-031: 00 00 00 00 20 20 20 20 57 20 2d 44 58 57 5a 43 |....    W -DXWZC|
032-047: 37 30 37 37 37 35 35 34 00 00 00 40 32 00 38 30 |70777554...@2.80|
048-063: 30 2e 47 31 38 30 44 57 20 43 44 57 32 31 30 30 |0.G180DW CDW2100|
064-079: 45 42 53 56 30 2d 52 38 54 53 20 32 20 20 20 20 |EBSV0-R8TS 2    |
080-095: 20 20 20 20 20 20 20 20 20 20 20 20 20 20 10 80 |              ..|
096-111: 00 00 00 2f 00 40 00 00 00 00 07 00 ff 3f 10 00 |.../.@.......?..|
112-127: 3f 00 10 fc fb 00 00 01 b0 4b f9 0d 00 00 07 00 |?........K......|
128-143: 03 00 78 00 78 00 78 00 78 00 00 00 00 00 00 00 |..x.x.x.x.......|
144-159: 00 00 00 00 00 00 1f 00 02 07 00 00 4c 00 44 00 |............L.D.|
160-175: fe 00 00 00 6b 34 09 7f 63 61 69 34 09 bc 63 61 |....k4..cai4..ca|
176-191: 7f 40 1b 00 00 00 fe 00 fe ff 00 00 fe 80 00 00 |.@..............|
192-207: 00 00 00 00 00 00 00 00 b0 4b f9 0d 00 00 00 00 |.........K......|
208-223: 00 00 00 00 00 00 00 00 01 50 e2 4e 2c 56 8d ea |.........P.N,V..|
224-239: 00 00 00 00 00 00 00 00 00 00 00 00 00 00 14 40 |...............@|
240-255: 14 40 00 00 00 00 00 00 00 00 00 00 00 00 00 00 |.@..............|
256-271: 01 00 00 00 00 00 00 00 00 00 78 16 00 00 00 00 |..........x.....|
272-287: 00 00 00 00 00 00 00 00 00 00 00 00 04 00 00 00 |................|
288-303: 00 00 00 00 00 00 00 00 00 00 00 00 00 00 00 00 |................|
304-319: 00 00 00 00 00 00 00 00 00 00 00 00 00 00 00 00 |................|
320-335: 00 00 00 00 00 00 00 00 00 00 00 00 00 00 00 00 |................|
336-351: 00 00 00 00 00 00 00 00 00 00 00 00 00 00 00 00 |................|
352-367: 00 00 00 00 00 00 00 00 00 00 00 00 00 00 00 00 |................|
368-383: 00 00 00 00 00 00 00 00 00 00 00 00 00 00 00 00 |................|
384-399: 00 00 00 00 00 00 00 00 00 00 00 00 00 00 00 00 |................|
400-415: 00 00 00 00 00 00 00 00 00 00 00 00 3f 10 00 00 |............?...|
416-431: 00 00 00 00 00 00 00 00 00 00 00 00 00 00 00 00 |................|
432-447: 00 00 00 00 00 00 00 00 00 00 00 00 00 00 00 00 |................|
448-463: 00 00 00 00 00 00 00 00 00 00 00 00 00 00 00 00 |................|
464-479: 00 00 00 00 01 00 00 08 00 00 00 00 00 00 00 00 |................|
480-495: 00 00 00 00 00 00 00 00 00 00 00 00 00 00 00 00 |................|
496-511: 00 00 00 00 00 00 00 00 00 00 00 00 00 00 a5 43 |...............C|
===== [IDENTIFY DEVICE] DATA END (512 Bytes) =====


REPORT-IOCTL: Device=/dev/sdb Command=SMART READ ATTRIBUTE VALUES
 Input:   FR=0xd0, SC=0x01, LL=...., LM=0x4f, LH=0xc2, DEV=...., CMD=0xb0 IN
 [ata pass-through(16): 85 08 0e 00 d0 00 01 00 00 00 4f 00 c2 00 b0 00 ]
  scsi_status=0x0, host_status=0x0, driver_status=0x0
  info=0x0  duration=4 milliseconds  resid=0
  Incoming data, len=512 [only first 256 bytes shown]:
 00     10 00 01 0f 00 c8 c8 00  00 00 00 00 00 00 03 03                        
 10     00 bb b9 61 06 00 00 00  00 00 04 32 00 61 61 4e                        
 20     0c 00 00 00 00 00 05 33  00 c8 c8 00 00 00 00 00                        
 30     00 00 07 0f 00 64 fd 00  00 00 00 00 00 00 09 32                        
 40     00 52 52 a6 34 00 00 00  00 00 0a 13 00 64 64 01                        
 50     00 00 00 00 00 00 0b 12  00 64 64 00 00 00 00 00                        
 60     00 00 0c 32 00 62 62 5e  0a 00 00 00 00 00 c0 32                        
 70     00 c8 c8 6f 00 00 00 00  00 00 c1 32 00 57 57 fe                        
 80     2e 05 00 00 00 00 c2 22  00 6b 59 28 00 00 00 00                        
 90     00 00 c4 32 00 c8 c8 00  00 00 00 00 00 00 c5 12                        
 a0     00 c8 c8 00 00 00 00 00  00 00 c6 10 00 64 fd 00                        
 b0     00 00 00 00 00 00 c7 3e  00 c8 c8 00 00 00 00 00                        
 c0     00 00 c8 09 00 c8 c8 00  00 00 00 00 00 00 00 00                        
 d0     00 00 00 00 00 00 00 00  00 00 00 00 00 00 00 00                        
 e0     00 00 00 00 00 00 00 00  00 00 00 00 00 00 00 00                        
 f0     00 00 00 00 00 00 00 00  00 00 00 00 00 00 00 00                        
 [Duration: 0.004s]
REPORT-IOCTL: Device=/dev/sdb Command=SMART READ ATTRIBUTE VALUES returned 0

===== [SMART READ ATTRIBUTE VALUES] DATA START (BASE-16) =====
000-015: 10 00 01 0f 00 c8 c8 00 00 00 00 00 00 00 03 03 |................|
016-031: 00 bb b9 61 06 00 00 00 00 00 04 32 00 61 61 4e |...a.......2.aaN|
032-047: 0c 00 00 00 00 00 05 33 00 c8 c8 00 00 00 00 00 |.......3........|
048-063: 00 00 07 0f 00 64 fd 00 00 00 00 00 00 00 09 32 |.....d.........2|
064-079: 00 52 52 a6 34 00 00 00 00 00 0a 13 00 64 64 01 |.RR.4........dd.|
080-095: 00 00 00 00 00 00 0b 12 00 64 64 00 00 00 00 00 |.........dd.....|
096-111: 00 00 0c 32 00 62 62 5e 0a 00 00 00 00 00 c0 32 |...2.bb^.......2|
112-127: 00 c8 c8 6f 00 00 00 00 00 00 c1 32 00 57 57 fe |...o.......2.WW.|
128-143: 2e 05 00 00 00 00 c2 22 00 6b 59 28 00 00 00 00 |.......".kY(....|
144-159: 00 00 c4 32 00 c8 c8 00 00 00 00 00 00 00 c5 12 |...2............|
160-175: 00 c8 c8 00 00 00 00 00 00 00 c6 10 00 64 fd 00 |.............d..|
176-191: 00 00 00 00 00 00 c7 3e 00 c8 c8 00 00 00 00 00 |.......>........|
192-207: 00 00 c8 09 00 c8 c8 00 00 00 00 00 00 00 00 00 |................|
208-223: 00 00 00 00 00 00 00 00 00 00 00 00 00 00 00 00 |................|
224-239: 00 00 00 00 00 00 00 00 00 00 00 00 00 00 00 00 |................|
240-255: 00 00 00 00 00 00 00 00 00 00 00 00 00 00 00 00 |................|
256-271: 00 00 00 00 00 00 00 00 00 00 00 00 00 00 00 00 |................|
272-287: 00 00 00 00 00 00 00 00 00 00 00 00 00 00 00 00 |................|
288-303: 00 00 00 00 00 00 00 00 00 00 00 00 00 00 00 00 |................|
304-319: 00 00 00 00 00 00 00 00 00 00 00 00 00 00 00 00 |................|
320-335: 00 00 00 00 00 00 00 00 00 00 00 00 00 00 00 00 |................|
336-351: 00 00 00 00 00 00 00 00 00 00 00 00 00 00 00 00 |................|
352-367: 00 00 00 00 00 00 00 00 00 00 00 00 18 15 01 7b |...............{|
368-383: 03 00 01 00 02 46 06 00 00 00 00 00 00 00 00 00 |.....F..........|
384-399: 00 00 01 03 00 00 00 00 00 00 00 00 00 00 00 00 |................|
400-415: 00 00 00 00 00 00 00 00 00 00 00 00 00 00 00 00 |................|
416-431: 00 00 00 00 00 00 00 00 00 00 00 00 00 00 00 00 |................|
432-447: 00 00 00 00 00 00 00 00 00 00 00 00 00 00 00 00 |................|
448-463: 00 00 00 00 00 00 00 00 00 00 00 00 00 00 00 00 |................|
464-479: 00 00 00 00 00 00 00 00 00 00 00 00 00 00 00 00 |................|
480-495: 00 00 00 00 00 00 00 00 00 00 00 00 00 00 00 00 |................|
496-511: 00 00 00 00 00 00 00 00 00 00 00 00 00 00 00 44 |...............D|
===== [SMART READ ATTRIBUTE VALUES] DATA END (512 Bytes) =====


REPORT-IOCTL: Device=/dev/sdb Command=SMART READ ATTRIBUTE THRESHOLDS
 Input:   FR=0xd1, SC=0x01, LL=0x01, LM=0x4f, LH=0xc2, DEV=...., CMD=0xb0 IN
 [ata pass-through(16): 85 08 0e 00 d1 00 01 00 01 00 4f 00 c2 00 b0 00 ]
  scsi_status=0x0, host_status=0x0, driver_status=0x0
  info=0x0  duration=4 milliseconds  resid=0
  Incoming data, len=512 [only first 256 bytes shown]:
 00     10 00 01 33 c8 c8 c8 00  00 00 00 00 00 00 03 15                        
 10     00 00 00 00 00 00 00 00  00 00 04 00 00 00 00 00                        
 20     00 00 00 00 00 00 05 8c  00 00 00 00 00 00 00 00                        
 30     00 00 07 33 64 64 64 00  00 00 00 00 00 00 09 00                        
 40     00 00 00 00 00 00 00 00  00 00 0a 33 00 00 00 00                        
 50     00 00 00 00 00 00 0b 33  00 00 00 00 00 00 00 00                        
 60     00 00 0c 00 00 00 00 00  00 00 00 00 00 00 c0 00                        
 70     00 00 00 00 00 00 00 00  00 00 c1 00 00 00 00 00                        
 80     00 00 00 00 00 00 c2 00  00 00 00 00 00 00 00 00                        
 90     00 00 c4 00 00 00 00 00  00 00 00 00 00 00 c5 00                        
 a0     00 00 00 00 00 00 00 00  00 00 c6 00 00 00 00 00                        
 b0     00 00 00 00 00 00 c7 00  00 00 00 00 00 00 00 00                        
 c0     00 00 c8 33 c8 c8 c8 00  00 00 00 00 00 00 00 00                        
 d0     00 00 00 00 00 00 00 00  00 00 00 00 00 00 00 00                        
 e0     00 00 00 00 00 00 00 00  00 00 00 00 00 00 00 00                        
 f0     00 00 00 00 00 00 00 00  00 00 00 00 00 00 00 00                        
 [Duration: 0.004s]
REPORT-IOCTL: Device=/dev/sdb Command=SMART READ ATTRIBUTE THRESHOLDS returned 0

===== [SMART READ ATTRIBUTE THRESHOLDS] DATA START (BASE-16) =====
000-015: 10 00 01 33 c8 c8 c8 00 00 00 00 00 00 00 03 15 |...3............|
016-031: 00 00 00 00 00 00 00 00 00 00 04 00 00 00 00 00 |................|
032-047: 00 00 00 00 00 00 05 8c 00 00 00 00 00 00 00 00 |................|
048-063: 00 00 07 33 64 64 64 00 00 00 00 00 00 00 09 00 |...3ddd.........|
064-079: 00 00 00 00 00 00 00 00 00 00 0a 33 00 00 00 00 |...........3....|
080-095: 00 00 00 00 00 00 0b 33 00 00 00 00 00 00 00 00 |.......3........|
096-111: 00 00 0c 00 00 00 00 00 00 00 00 00 00 00 c0 00 |................|
112-127: 00 00 00 00 00 00 00 00 00 00 c1 00 00 00 00 00 |................|
128-143: 00 00 00 00 00 00 c2 00 00 00 00 00 00 00 00 00 |................|
144-159: 00 00 c4 00 00 00 00 00 00 00 00 00 00 00 c5 00 |................|
160-175: 00 00 00 00 00 00 00 00 00 00 c6 00 00 00 00 00 |................|
176-191: 00 00 00 00 00 00 c7 00 00 00 00 00 00 00 00 00 |................|
192-207: 00 00 c8 33 c8 c8 c8 00 00 00 00 00 00 00 00 00 |...3............|
208-223: 00 00 00 00 00 00 00 00 00 00 00 00 00 00 00 00 |................|
224-239: 00 00 00 00 00 00 00 00 00 00 00 00 00 00 00 00 |................|
240-255: 00 00 00 00 00 00 00 00 00 00 00 00 00 00 00 00 |................|
256-271: 00 00 00 00 00 00 00 00 00 00 00 00 00 00 00 00 |................|
272-287: 00 00 00 00 00 00 00 00 00 00 00 00 00 00 00 00 |................|
288-303: 00 00 00 00 00 00 00 00 00 00 00 00 00 00 00 00 |................|
304-319: 00 00 00 00 00 00 00 00 00 00 00 00 00 00 00 00 |................|
320-335: 00 00 00 00 00 00 00 00 00 00 00 00 00 00 00 00 |................|
336-351: 00 00 00 00 00 00 00 00 00 00 00 00 00 00 00 00 |................|
352-367: 00 00 00 00 00 00 00 00 00 00 00 00 00 00 00 00 |................|
368-383: 00 00 00 00 00 00 00 00 00 00 00 00 00 00 00 00 |................|
384-399: 00 00 00 00 00 00 00 00 00 00 00 00 00 00 00 00 |................|
400-415: 00 00 00 00 00 00 00 00 00 00 00 00 00 00 00 00 |................|
416-431: 00 00 00 00 00 00 00 00 00 00 00 00 00 00 00 00 |................|
432-447: 00 00 00 00 00 00 00 00 00 00 00 00 00 00 00 00 |................|
448-463: 00 00 00 00 00 00 00 00 00 00 00 00 00 00 00 00 |................|
464-479: 00 00 00 00 00 00 00 00 00 00 00 00 00 00 00 00 |................|
480-495: 00 00 00 00 00 00 00 00 00 00 00 00 00 00 00 00 |................|
496-511: 00 00 00 00 00 00 00 00 00 00 00 00 00 00 00 15 |................|
===== [SMART READ ATTRIBUTE THRESHOLDS] DATA END (512 Bytes) =====

=== START OF READ SMART DATA SECTION ===
SMART Attributes Data Structure revision number: 16
Vendor Specific SMART Attributes with Thresholds:
ID# ATTRIBUTE_NAME          FLAG     VALUE WORST THRESH TYPE      UPDATED  WHEN_FAILED RAW_VALUE
  1 Raw_Read_Error_Rate     0x000f   200   200   051    Pre-fail  Always       -       0
  3 Spin_Up_Time            0x0003   187   185   021    Pre-fail  Always       -       1633
  4 Start_Stop_Count        0x0032   097   097   000    Old_age   Always       -       3150
  5 Reallocated_Sector_Ct   0x0033   200   200   140    Pre-fail  Always       -       0
  7 Seek_Error_Rate         0x000f   100   253   051    Pre-fail  Always       -       0
  9 Power_On_Hours          0x0032   082   082   000    Old_age   Always       -       13478
 10 Spin_Retry_Count        0x0013   100   100   051    Pre-fail  Always       -       1
 11 Calibration_Retry_Count 0x0012   100   100   051    Old_age   Always       -       0
 12 Power_Cycle_Count       0x0032   098   098   000    Old_age   Always       -       2654
192 Power-Off_Retract_Count 0x0032   200   200   000    Old_age   Always       -       111
193 Load_Cycle_Count        0x0032   087   087   000    Old_age   Always       -       339710
194 Temperature_Celsius     0x0022   107   089   000    Old_age   Always       -       40
196 Reallocated_Event_Count 0x0032   200   200   000    Old_age   Always       -       0
197 Current_Pending_Sector  0x0012   200   200   000    Old_age   Always       -       0
198 Offline_Uncorrectable   0x0010   100   253   000    Old_age   Offline      -       0
199 UDMA_CRC_Error_Count    0x003e   200   200   000    Old_age   Always       -       0
200 Multi_Zone_Error_Rate   0x0009   200   200   051    Pre-fail  Offline      -       0

