# ./smartctl --log error -r ataioctl,2 /dev/sda
smartctl 7.3 2022-02-28 r5338 [x86_64-linux-5.15.55-mod-std] (local build)
Copyright (C) 2002-22, Bruce Allen, Christian Franke, www.smartmontools.org

/dev/sda [SAT]: Device open changed type from 'scsi' to 'sat'

REPORT-IOCTL: Device=/dev/sda Command=IDENTIFY DEVICE
 Input:   FR=...., SC=0x01, LL=...., LM=...., LH=...., DEV=...., CMD=0xec IN
 [Duration: 0.000097s]
REPORT-IOCTL: Device=/dev/sda Command=IDENTIFY DEVICE returned 0

===== [IDENTIFY DEVICE] DATA START (BASE-16) =====
000-015: 40 00 ff 3f 37 c8 10 00 00 00 00 00 3f 00 00 00 |@..?7.......?...|
016-031: 00 00 00 00 30 35 32 30 42 36 37 37 34 38 46 30 |....0520B67748F0|
032-047: 42 31 44 34 20 20 20 20 00 00 00 00 00 00 34 53 |B1D4    ......4S|
048-063: 30 35 31 30 37 30 49 4b 47 4e 54 53 4e 4f 53 20 |051070IKGNTSNOS |
064-079: 43 4b 30 36 4d 30 32 53 36 35 20 47 20 20 20 20 |CK06M02S65 G    |
080-095: 20 20 20 20 20 20 20 20 20 20 20 20 20 20 01 80 |              ..|
096-111: 01 40 00 2f 01 40 00 00 00 00 06 00 ff 3f 10 00 |.@./.@.......?..|
112-127: 3f 00 10 fc fb 00 01 bd ff ff ff 0f 00 00 07 00 |?...............|
128-143: 03 00 78 00 78 00 78 00 78 00 38 4d 00 00 00 00 |..x.x.x.x.8M....|
144-159: 00 00 00 00 00 00 1f 00 0e 85 06 00 4c 01 44 00 |............L.D.|
160-175: f0 07 6d 00 6b 70 09 74 61 41 69 70 09 b4 61 41 |..m.kp.taAip..aA|
176-191: 7f 40 01 00 01 00 fe 00 fe ff 00 00 00 00 00 00 |.@..............|
192-207: 00 00 00 00 00 00 00 00 b0 32 cf 1d 00 00 00 00 |.........2......|
208-223: 00 00 08 00 03 60 00 00 02 50 77 6b 0f 84 4d 1b |.....`...Pwk..M.|
224-239: 00 00 00 00 00 00 00 00 00 00 00 00 00 00 1c 41 |...............A|
240-255: 1c 40 00 00 00 00 00 00 00 00 00 00 00 00 00 00 |.@..............|
256-271: 21 00 4d 53 20 49 4f 43 50 52 52 4f 54 41 4f 49 |!.MS IOCPRROTAOI|
272-287: 20 4e 00 00 00 00 00 00 00 00 00 00 00 00 00 00 | N..............|
288-303: 00 00 00 00 00 00 00 00 00 00 00 00 00 00 00 00 |................|
304-319: 00 00 00 00 00 00 00 00 00 00 00 00 00 00 00 00 |................|
320-335: 00 00 00 00 00 00 00 00 00 00 00 00 00 00 00 00 |................|
336-351: 03 00 01 00 00 00 00 00 00 00 00 00 00 00 00 00 |................|
352-367: 00 00 00 00 00 00 00 00 00 00 00 00 00 00 00 00 |................|
368-383: 00 00 00 00 00 00 00 00 00 00 00 00 00 00 00 00 |................|
384-399: 00 00 00 00 00 00 00 00 00 00 00 00 00 00 00 00 |................|
400-415: 00 00 00 00 00 00 00 00 00 00 00 00 31 00 00 00 |............1...|
416-431: 00 00 00 40 00 00 00 00 00 00 00 00 00 00 00 00 |...@............|
432-447: 00 00 01 00 00 00 00 00 00 00 00 00 ff 11 00 00 |................|
448-463: 00 00 00 00 00 00 00 00 00 00 00 00 b0 32 cf 1d |.............2..|
464-479: 00 00 00 00 01 00 00 02 00 00 00 00 00 00 00 00 |................|
480-495: 00 00 00 00 00 00 00 00 00 00 00 00 00 00 00 00 |................|
496-511: 00 00 00 00 00 00 00 00 00 00 00 00 00 00 a5 47 |...............G|
===== [IDENTIFY DEVICE] DATA END (512 Bytes) =====


REPORT-IOCTL: Device=/dev/sda Command=SMART READ ATTRIBUTE VALUES
 Input:   FR=0xd0, SC=0x01, LL=...., LM=0x4f, LH=0xc2, DEV=...., CMD=0xb0 IN
 [Duration: 0.001051s]
REPORT-IOCTL: Device=/dev/sda Command=SMART READ ATTRIBUTE VALUES returned 0

===== [SMART READ ATTRIBUTE VALUES] DATA START (BASE-16) =====
000-015: 10 00 01 00 00 64 64 00 00 00 00 00 00 00 05 00 |.....dd.........|
016-031: 00 64 64 00 00 00 00 00 00 00 09 00 00 64 64 2f |.dd..........dd/|
032-047: 01 00 00 00 00 00 0c 00 00 64 64 75 00 00 00 00 |.........ddu....|
048-063: 00 00 94 00 00 64 64 04 00 00 00 00 00 00 95 00 |.....dd.........|
064-079: 00 64 64 01 00 00 00 00 00 00 96 00 00 64 64 00 |.dd..........dd.|
080-095: 00 00 00 00 00 00 97 00 00 64 64 00 00 00 00 00 |.........dd.....|
096-111: 00 00 9f 00 00 64 64 00 00 00 00 00 00 00 a0 00 |.....dd.........|
112-127: 00 64 64 00 00 00 00 00 00 00 a1 00 00 64 64 0f |.dd..........dd.|
128-143: 00 00 00 00 00 00 a4 00 00 64 64 1a 00 00 00 00 |.........dd.....|
144-159: 00 00 a5 00 00 64 64 02 00 00 00 00 00 00 a6 00 |.....dd.........|
160-175: 00 64 64 00 00 00 00 00 00 00 a7 00 00 64 64 00 |.dd..........dd.|
176-191: 00 00 00 00 00 00 a9 00 00 64 64 64 00 00 00 00 |.........ddd....|
192-207: 00 00 b1 00 00 64 64 00 00 00 00 00 00 00 b5 00 |.....dd.........|
208-223: 00 64 64 00 00 00 00 00 00 00 b6 00 00 64 64 00 |.dd..........dd.|
224-239: 00 00 00 00 00 00 c0 00 00 64 64 28 00 00 00 00 |.........dd(....|
240-255: 00 00 c2 00 00 1d 27 1d 00 00 00 00 00 00 c3 00 |......'.........|
256-271: 00 64 64 00 00 00 00 00 00 00 c4 00 00 64 64 00 |.dd..........dd.|
272-287: 00 00 00 00 00 00 c7 00 00 64 64 00 00 00 00 00 |.........dd.....|
288-303: 00 00 e7 00 00 64 64 64 00 00 00 00 00 00 e8 00 |.....ddd........|
304-319: 00 64 64 64 00 00 00 00 00 00 f1 00 00 64 64 1c |.ddd.........dd.|
320-335: 01 00 00 00 00 00 f2 00 00 64 64 79 05 00 00 00 |.........ddy....|
336-351: 00 00 f5 00 00 64 64 1d 04 00 00 00 00 00 00 00 |.....dd.........|
352-367: 00 00 00 00 00 00 00 00 00 00 82 00 00 00 01 7b |...............{|
368-383: 02 00 01 00 02 1e 02 00 00 00 00 00 00 00 00 00 |................|
384-399: 00 00 53 34 35 30 30 31 30 37 00 00 00 00 00 00 |..S4500107......|
400-415: 53 4d 32 32 35 39 42 32 37 41 52 00 00 00 00 00 |SM2259B27AR.....|
416-431: 00 00 00 00 00 00 00 00 00 00 00 00 00 00 00 00 |................|
432-447: 00 00 00 00 00 00 00 00 00 00 00 00 00 00 00 00 |................|
448-463: 00 00 00 00 00 00 00 00 00 00 00 00 00 00 00 00 |................|
464-479: 00 00 00 00 00 00 00 00 00 00 00 00 00 00 00 00 |................|
480-495: 00 00 00 00 00 00 00 00 00 00 00 00 00 00 00 00 |................|
496-511: 00 00 00 00 00 00 00 00 00 00 00 00 00 00 00 20 |............... |
===== [SMART READ ATTRIBUTE VALUES] DATA END (512 Bytes) =====

=== START OF READ SMART DATA SECTION ===

REPORT-IOCTL: Device=/dev/sda Command=SMART READ LOG InputParameter=0
 Input:   FR=0xd5, SC=0x01, LL=0x00, LM=0x4f, LH=0xc2, DEV=...., CMD=0xb0 IN
 [Duration: 0.000166s]
REPORT-IOCTL: Device=/dev/sda Command=SMART READ LOG returned 0

===== [SMART READ LOG] DATA START (BASE-16) =====
000-015: 01 00 01 00 01 00 00 00 08 00 00 00 01 00 00 00 |................|
016-031: 00 00 01 00 00 00 00 00 00 00 00 00 00 00 00 00 |................|
032-047: 00 00 00 00 00 00 00 00 00 00 00 00 00 00 00 00 |................|
048-063: 00 00 00 00 00 00 00 00 00 00 00 00 00 00 00 00 |................|
064-079: 00 00 00 00 00 00 00 00 00 00 00 00 00 00 00 00 |................|
080-095: 00 00 00 00 00 00 00 00 00 00 00 00 00 00 00 00 |................|
096-111: 09 00 00 00 00 00 00 00 00 00 00 00 00 00 00 00 |................|
112-127: 00 00 00 00 00 00 00 00 00 00 00 00 00 00 00 00 |................|
128-143: 00 00 00 00 00 00 00 00 00 00 00 00 00 00 00 00 |................|
144-159: 00 00 00 00 00 00 00 00 00 00 00 00 00 00 00 00 |................|
160-175: 00 00 00 00 00 00 00 00 00 00 00 00 00 00 00 00 |................|
176-191: 00 00 00 00 00 00 00 00 00 00 00 00 00 00 00 00 |................|
192-207: 00 00 00 00 00 00 00 00 00 00 00 00 00 00 00 00 |................|
208-223: 00 00 00 00 00 00 00 00 00 00 00 00 00 00 00 00 |................|
224-239: 00 00 00 00 00 00 00 00 00 00 00 00 00 00 00 00 |................|
240-255: 00 00 00 00 00 00 00 00 00 00 00 00 00 00 00 00 |................|
256-271: 10 00 10 00 10 00 10 00 10 00 10 00 10 00 10 00 |................|
272-287: 10 00 10 00 10 00 10 00 10 00 10 00 10 00 10 00 |................|
288-303: 10 00 10 00 10 00 10 00 10 00 10 00 10 00 10 00 |................|
304-319: 10 00 10 00 10 00 10 00 10 00 10 00 10 00 10 00 |................|
320-335: 00 00 00 00 00 00 00 00 00 00 00 00 00 00 00 00 |................|
336-351: 00 00 00 00 00 00 00 00 00 00 00 00 00 00 00 00 |................|
352-367: 00 00 00 00 00 00 00 00 00 00 00 00 00 00 00 00 |................|
368-383: 00 00 00 00 00 00 00 00 00 00 00 00 00 00 00 00 |................|
384-399: 00 00 00 00 00 00 00 00 00 00 00 00 00 00 00 00 |................|
400-415: 00 00 00 00 00 00 00 00 00 00 00 00 00 00 00 00 |................|
416-431: 00 00 80 00 08 00 00 00 00 00 00 00 00 00 00 00 |................|
432-447: 00 00 00 00 00 00 00 00 00 00 00 00 00 00 00 00 |................|
448-463: 01 00 01 00 00 00 00 00 00 00 00 00 00 00 00 00 |................|
464-479: 00 00 00 00 00 00 00 00 00 00 00 00 00 00 00 00 |................|
480-495: 00 00 00 00 00 00 00 00 00 00 00 00 00 00 00 00 |................|
496-511: 00 00 00 00 00 00 00 00 00 00 00 00 00 00 00 00 |................|
===== [SMART READ LOG] DATA END (512 Bytes) =====


REPORT-IOCTL: Device=/dev/sda Command=SMART READ LOG InputParameter=1
 Input:   FR=0xd5, SC=0x01, LL=0x01, LM=0x4f, LH=0xc2, DEV=...., CMD=0xb0 IN
 [Duration: 0.000141s]
REPORT-IOCTL: Device=/dev/sda Command=SMART READ LOG returned 0

===== [SMART READ LOG] DATA START (BASE-16) =====
000-015: 01 0a 00 00 00 00 00 00 00 c8 00 00 00 00 00 00 |................|
016-031: 00 00 00 00 00 ec 00 00 00 00 00 00 00 00 00 00 |................|
032-047: 00 ec 00 00 00 00 00 00 00 00 00 00 00 ec 00 00 |................|
048-063: 00 00 00 00 00 00 00 00 00 ec 00 00 00 00 00 00 |................|
064-079: 00 00 00 00 00 ec 00 00 00 00 00 00 00 00 00 00 |................|
080-095: 00 00 00 00 00 00 00 00 00 00 00 00 00 00 00 00 |................|
096-111: 00 00 00 00 00 00 00 00 00 00 00 00 00 00 00 00 |................|
112-127: 00 00 00 00 00 00 00 00 00 00 00 00 00 00 00 00 |................|
128-143: 00 00 00 00 00 00 00 00 00 00 00 00 00 00 00 00 |................|
144-159: 00 00 00 00 00 00 00 00 00 00 00 00 00 00 00 00 |................|
160-175: 00 00 00 00 00 00 00 00 00 00 00 00 00 00 00 00 |................|
176-191: 00 00 00 00 00 00 00 00 00 00 00 00 00 00 00 00 |................|
192-207: 00 00 00 00 00 00 00 00 00 00 00 00 00 00 00 00 |................|
208-223: 00 00 00 00 00 00 00 00 00 00 00 00 00 00 00 00 |................|
224-239: 00 00 00 00 00 00 00 00 00 00 00 00 00 00 00 00 |................|
240-255: 00 00 00 00 00 00 00 00 00 00 00 00 00 00 00 00 |................|
256-271: 00 00 00 00 00 00 00 00 00 00 00 00 00 00 00 00 |................|
272-287: 00 00 00 00 00 00 00 00 00 00 00 00 00 00 00 00 |................|
288-303: 00 00 00 00 00 00 00 00 00 00 00 00 00 00 00 00 |................|
304-319: 00 00 00 00 00 00 00 00 00 00 00 00 00 00 00 00 |................|
320-335: 00 00 00 00 00 00 00 00 00 00 00 00 00 00 00 00 |................|
336-351: 00 00 00 00 00 00 00 00 00 00 00 00 00 00 00 00 |................|
352-367: 00 00 00 00 00 00 00 00 00 00 00 00 00 00 00 00 |................|
368-383: 00 00 00 00 00 00 00 00 00 00 00 00 00 00 00 00 |................|
384-399: 00 00 00 00 00 00 00 00 00 00 00 00 00 00 00 00 |................|
400-415: 00 00 00 00 00 00 00 00 00 00 00 00 00 00 00 00 |................|
416-431: 00 00 00 00 00 00 00 00 00 00 00 00 00 00 00 00 |................|
432-447: 00 00 00 00 00 00 00 00 00 00 00 00 00 00 00 00 |................|
448-463: 00 00 00 00 00 00 00 00 00 00 00 00 00 00 00 00 |................|
464-479: 00 00 00 00 00 00 00 00 00 00 00 00 00 00 00 00 |................|
480-495: 00 00 00 00 00 00 00 00 00 00 00 00 00 00 00 00 |................|
496-511: 00 00 00 00 00 00 00 00 00 00 00 00 00 00 00 91 |................|
===== [SMART READ LOG] DATA END (512 Bytes) =====

SMART Error Log Version: 1
Invalid Error Log index = 0x0a (T13/1321D rev 1c Section 8.41.6.8.2.2 gives valid range from 1 to 5)

