# ./smartctl -a /dev/sda                                                                                                                                                                                                                                                                                                                                                                                                                             
smartctl 7.3 2022-02-28 r5338 [x86_64-linux-5.15.55-mod-std] (local build)
Copyright (C) 2002-22, Bruce Allen, Christian Franke, www.smartmontools.org

=== START OF INFORMATION SECTION ===
Device Model:     KINGSTON SKC600MS256G
Serial Number:    50026B77840F1B4D
LU WWN Device Id: 5 0026b7 7840f1b4d
Firmware Version: S4500107
User Capacity:    256,060,514,304 bytes [256 GB]
Sector Sizes:     512 bytes logical, 4096 bytes physical
Rotation Rate:    Solid State Device
Form Factor:      2.5 inches
TRIM Command:     Available, deterministic, zeroed
Device is:        Not in smartctl database 7.3/5319
ATA Version is:   ACS-3 T13/2161-D revision 5
SATA Version is:  SATA 3.3, 6.0 Gb/s (current: 6.0 Gb/s)
Local Time is:    Tue Aug  9 11:53:05 2022 CEST
SMART support is: Available - device has SMART capability.
SMART support is: Enabled

=== START OF READ SMART DATA SECTION ===
SMART overall-health self-assessment test result: PASSED

General SMART Values:
Offline data collection status:  (0x82) Offline data collection activity
                                        was completed without error.
                                        Auto Offline Data Collection: Enabled.
Self-test execution status:      (   0) The previous self-test routine completed
                                        without error or no self-test has ever 
                                        been run.
Total time to complete Offline 
data collection:                (    0) seconds.
Offline data collection
capabilities:                    (0x7b) SMART execute Offline immediate.
                                        Auto Offline data collection on/off support.
                                        Suspend Offline collection upon new
                                        command.
                                        Offline surface scan supported.
                                        Self-test supported.
                                        Conveyance Self-test supported.
                                        Selective Self-test supported.
SMART capabilities:            (0x0002) Does not save SMART data before
                                        entering power-saving mode.
                                        Supports SMART auto save timer.
Error logging capability:        (0x01) Error logging supported.
                                        General Purpose Logging supported.
Short self-test routine 
recommended polling time:        (   2) minutes.
Extended self-test routine
recommended polling time:        (  30) minutes.
Conveyance self-test routine
recommended polling time:        (   2) minutes.
SCT capabilities:              (0x0031) SCT Status supported.
                                        SCT Feature Control supported.
                                        SCT Data Table supported.

SMART Attributes Data Structure revision number: 16
Vendor Specific SMART Attributes with Thresholds:
ID# ATTRIBUTE_NAME          FLAG     VALUE WORST THRESH TYPE      UPDATED  WHEN_FAILED RAW_VALUE
  1 Raw_Read_Error_Rate     0x0000   100   100   000    Old_age   Offline      -       0
  5 Reallocated_Sector_Ct   0x0000   100   100   000    Old_age   Offline      -       0
  9 Power_On_Hours          0x0000   100   100   000    Old_age   Offline      -       303
 12 Power_Cycle_Count       0x0000   100   100   000    Old_age   Offline      -       117
148 Unknown_Attribute       0x0000   100   100   000    Old_age   Offline      -       4
149 Unknown_Attribute       0x0000   100   100   000    Old_age   Offline      -       1
150 Unknown_Attribute       0x0000   100   100   000    Old_age   Offline      -       0
151 Unknown_Attribute       0x0000   100   100   000    Old_age   Offline      -       0
159 Unknown_Attribute       0x0000   100   100   000    Old_age   Offline      -       0
160 Unknown_Attribute       0x0000   100   100   000    Old_age   Offline      -       0
161 Unknown_Attribute       0x0000   100   100   000    Old_age   Offline      -       15
164 Unknown_Attribute       0x0000   100   100   000    Old_age   Offline      -       26
165 Unknown_Attribute       0x0000   100   100   000    Old_age   Offline      -       2
166 Unknown_Attribute       0x0000   100   100   000    Old_age   Offline      -       0
167 Unknown_Attribute       0x0000   100   100   000    Old_age   Offline      -       0
169 Unknown_Attribute       0x0000   100   100   000    Old_age   Offline      -       100
177 Wear_Leveling_Count     0x0000   100   100   050    Old_age   Offline      -       0
181 Program_Fail_Cnt_Total  0x0000   100   100   000    Old_age   Offline      -       0
182 Erase_Fail_Count_Total  0x0000   100   100   000    Old_age   Offline      -       0
192 Power-Off_Retract_Count 0x0000   100   100   000    Old_age   Offline      -       40
194 Temperature_Celsius     0x0000   029   039   000    Old_age   Offline      -       29
195 Hardware_ECC_Recovered  0x0000   100   100   000    Old_age   Offline      -       0
196 Reallocated_Event_Count 0x0000   100   100   016    Old_age   Offline      -       0
199 UDMA_CRC_Error_Count    0x0000   100   100   050    Old_age   Offline      -       0
231 Unknown_SSD_Attribute   0x0000   100   100   000    Old_age   Offline      -       100
232 Available_Reservd_Space 0x0000   100   100   000    Old_age   Offline      -       100
241 Total_LBAs_Written      0x0000   100   100   000    Old_age   Offline      -       284
242 Total_LBAs_Read         0x0000   100   100   000    Old_age   Offline      -       1401
245 Unknown_Attribute       0x0000   100   100   000    Old_age   Offline      -       1053

SMART Error Log Version: 1
Invalid Error Log index = 0x0a (T13/1321D rev 1c Section 8.41.6.8.2.2 gives valid range from 1 to 5)

SMART Self-test log structure revision number 1
Num  Test_Description    Status                  Remaining  LifeTime(hours)  LBA_of_first_error
# 1  Short offline       Completed without error       00%       302         -
# 2  Short offline       Completed without error       00%       301         -
# 3  Short offline       Completed without error       00%       298         -
# 4  Short offline       Completed without error       00%       295         -
# 5  Short offline       Completed without error       00%       292         -
# 6  Short offline       Completed without error       00%       291         -
# 7  Short offline       Completed without error       00%        46         -
# 8  Short offline       Completed without error       00%        46         -
# 9  Short offline       Completed without error       00%        46         -

SMART Selective self-test log data structure revision number 1
 SPAN  MIN_LBA  MAX_LBA  CURRENT_TEST_STATUS
    1        0        0  Not_testing
    2        0        0  Not_testing
    3        0        0  Not_testing
    4        0        0  Not_testing
    5        0        0  Not_testing
Selective self-test flags (0x0):
  After scanning selected spans, do NOT read-scan remainder of disk.
If Selective self-test is pending on power-up, resume after 0 minute delay.

