smartctl 6.6 2016-05-31 r4324 [x86_64-linux-4.15.0-108-generic] (local build)
Copyright (C) 2002-16, Bruce Allen, Christian Franke, www.smartmontools.org

 [inquiry: 12 00 00 00 24 00 ]
  scsi_status=0x0, host_status=0x0, driver_status=0x0
  info=0x0  duration=0 milliseconds  resid=0
  Incoming data, len=36:
 00     00 00 05 02 5b 00 00 02  41 54 41 20 20 20 20 20
 10     43 54 35 30 30 4d 58 35  30 30 53 53 44 31 20 20
 20     30 32 32 20
 [ata pass-through(16): 85 08 0e 00 00 00 01 00 00 00 00 00 00 00 ec 00 ]
  scsi_status=0x0, host_status=0x0, driver_status=0x0
  info=0x0  duration=0 milliseconds  resid=0
  Incoming data, len=512 [only first 256 bytes shown]:
 00     40 00 ff 3f 37 c8 10 00  00 00 00 00 3f 00 00 00
 10     00 00 00 00 38 31 34 34  31 45 35 44 41 30 37 32
 20     20 20 20 20 20 20 20 20  00 00 00 00 00 00 33 4d
 30     52 43 32 30 20 32 54 43  30 35 4d 30 35 58 30 30
 40     53 53 31 44 20 20 20 20  20 20 20 20 20 20 20 20
 50     20 20 20 20 20 20 20 20  20 20 20 20 20 20 01 80
 60     01 40 00 2f 01 40 00 00  00 00 06 00 ff 3f 10 00
 70     3f 00 10 fc fb 00 01 bd  ff ff ff 0f 00 00 07 00
 80     03 00 78 00 78 00 78 00  78 00 98 0d 00 00 00 00
 90     00 00 00 00 00 00 1f 00  0e 85 84 00 4c 01 40 00
 a0     f0 07 6d 00 6b 70 09 74  63 41 69 70 09 b4 63 41
 b0     7f 40 01 00 01 00 fe 00  fe ff 00 00 00 00 00 00
 c0     00 00 00 00 00 00 00 00  30 60 38 3a 00 00 00 00
 d0     00 00 08 00 03 60 00 00  0a 50 51 07 d5 e1 27 0a
 e0     00 00 00 00 00 00 00 00  00 00 00 00 00 00 1c 41
 f0     1c 40 00 00 00 00 00 00  00 00 00 00 00 00 00 00
/dev/sdb [SAT]: Device open changed type from 'scsi' to 'sat'

REPORT-IOCTL: Device=/dev/sdb Command=IDENTIFY DEVICE
 Input:   FR=...., SC=0x01, LL=...., LM=...., LH=...., DEV=...., CMD=0xec IN
 [ata pass-through(16): 85 08 0e 00 00 00 01 00 00 00 00 00 00 00 ec 00 ]
  scsi_status=0x0, host_status=0x0, driver_status=0x0
  info=0x0  duration=0 milliseconds  resid=0
  Incoming data, len=512 [only first 256 bytes shown]:
 00     40 00 ff 3f 37 c8 10 00  00 00 00 00 3f 00 00 00
 10     00 00 00 00 38 31 34 34  31 45 35 44 41 30 37 32
 20     20 20 20 20 20 20 20 20  00 00 00 00 00 00 33 4d
 30     52 43 32 30 20 32 54 43  30 35 4d 30 35 58 30 30
 40     53 53 31 44 20 20 20 20  20 20 20 20 20 20 20 20
 50     20 20 20 20 20 20 20 20  20 20 20 20 20 20 01 80
 60     01 40 00 2f 01 40 00 00  00 00 06 00 ff 3f 10 00
 70     3f 00 10 fc fb 00 01 bd  ff ff ff 0f 00 00 07 00
 80     03 00 78 00 78 00 78 00  78 00 98 0d 00 00 00 00
 90     00 00 00 00 00 00 1f 00  0e 85 84 00 4c 01 40 00
 a0     f0 07 6d 00 6b 70 09 74  63 41 69 70 09 b4 63 41
 b0     7f 40 01 00 01 00 fe 00  fe ff 00 00 00 00 00 00
 c0     00 00 00 00 00 00 00 00  30 60 38 3a 00 00 00 00
 d0     00 00 08 00 03 60 00 00  0a 50 51 07 d5 e1 27 0a
 e0     00 00 00 00 00 00 00 00  00 00 00 00 00 00 1c 41
 f0     1c 40 00 00 00 00 00 00  00 00 00 00 00 00 00 00
REPORT-IOCTL: Device=/dev/sdb Command=IDENTIFY DEVICE returned 0

===== [IDENTIFY DEVICE] DATA START (BASE-16) =====
000-015: 40 00 ff 3f 37 c8 10 00 00 00 00 00 3f 00 00 00 |@..?7.......?...|
016-031: 00 00 00 00 38 31 34 34 31 45 35 44 41 30 37 32 |....81441E5DA072|
032-047: 20 20 20 20 20 20 20 20 00 00 00 00 00 00 33 4d |        ......3M|
048-063: 52 43 32 30 20 32 54 43 30 35 4d 30 35 58 30 30 |RC20 2TC05M05X00|
064-079: 53 53 31 44 20 20 20 20 20 20 20 20 20 20 20 20 |SS1D            |
080-095: 20 20 20 20 20 20 20 20 20 20 20 20 20 20 01 80 |              ..|
096-111: 01 40 00 2f 01 40 00 00 00 00 06 00 ff 3f 10 00 |.@./.@.......?..|
112-127: 3f 00 10 fc fb 00 01 bd ff ff ff 0f 00 00 07 00 |?...............|
128-143: 03 00 78 00 78 00 78 00 78 00 98 0d 00 00 00 00 |..x.x.x.x.......|
144-159: 00 00 00 00 00 00 1f 00 0e 85 84 00 4c 01 40 00 |............L.@.|
160-175: f0 07 6d 00 6b 70 09 74 63 41 69 70 09 b4 63 41 |..m.kp.tcAip..cA|
176-191: 7f 40 01 00 01 00 fe 00 fe ff 00 00 00 00 00 00 |.@..............|
192-207: 00 00 00 00 00 00 00 00 30 60 38 3a 00 00 00 00 |........0`8:....|
208-223: 00 00 08 00 03 60 00 00 0a 50 51 07 d5 e1 27 0a |.....`...PQ...'.|
224-239: 00 00 00 00 00 00 00 00 00 00 00 00 00 00 1c 41 |...............A|
240-255: 1c 40 00 00 00 00 00 00 00 00 00 00 00 00 00 00 |.@..............|
256-271: 21 00 72 43 63 75 61 69 00 6c 00 00 00 00 00 00 |!.rCcuai.l......|
272-287: 00 00 00 00 00 00 00 00 00 00 00 00 00 00 00 00 |................|
288-303: 00 00 00 00 00 00 00 00 00 00 00 00 00 00 00 00 |................|
304-319: 00 00 00 00 00 00 00 00 00 00 00 00 00 00 00 00 |................|
320-335: 00 00 00 00 00 00 00 00 00 00 00 00 00 00 00 00 |................|
336-351: 03 00 01 00 00 00 00 00 00 00 00 00 00 00 00 00 |................|
352-367: 00 00 00 00 00 00 00 00 00 00 00 00 00 00 00 00 |................|
368-383: 00 00 00 00 00 00 00 00 00 00 00 00 00 00 00 00 |................|
384-399: 00 00 00 00 00 00 00 00 00 00 00 00 00 00 00 00 |................|
400-415: 00 00 00 00 00 00 00 00 00 00 00 00 31 00 00 00 |............1...|
416-431: 00 00 00 40 00 00 00 00 00 00 00 00 00 00 00 00 |...@............|
432-447: 00 00 01 00 00 00 00 00 00 00 00 00 ff 11 00 00 |................|
448-463: 00 00 00 00 00 00 00 00 00 00 00 00 30 60 38 3a |............0`8:|
464-479: 00 00 00 00 01 00 00 02 00 00 00 00 00 00 00 00 |................|
480-495: 00 00 00 00 00 00 00 00 00 00 00 00 00 00 00 00 |................|
496-511: 00 00 00 00 00 00 00 00 00 00 00 00 00 00 a5 ff |................|
===== [IDENTIFY DEVICE] DATA END (512 Bytes) =====

=== START OF INFORMATION SECTION ===
Device Model:     CT500MX500SSD1
Serial Number:    1844E1D50A27
LU WWN Device Id: 5 00a075 1e1d50a27
Firmware Version: M3CR022
User Capacity:    500,107,862,016 bytes [500 GB]
Sector Sizes:     512 bytes logical, 4096 bytes physical
Rotation Rate:    Solid State Device
Form Factor:      2.5 inches
Device is:        Not in smartctl database [for details use: -P showall]
ATA Version is:   ACS-3 T13/2161-D revision 5
SATA Version is:  SATA >3.2 (0x1ff), 6.0 Gb/s (current: 3.0 Gb/s)
Local Time is:    Sun Jun 28 12:20:34 2020 CDT
SMART support is: Available - device has SMART capability.
SMART support is: Enabled
AAM feature is:   Unavailable
APM level is:     254 (maximum performance)
Rd look-ahead is: Enabled
Write cache is:   Enabled
ATA Security is:  Disabled, NOT FROZEN [SEC1]

REPORT-IOCTL: Device=/dev/sdb Command=SMART READ LOG InputParameter=224
 Input:   FR=0xd5, SC=0x01, LL=0xe0, LM=0x4f, LH=0xc2, DEV=...., CMD=0xb0 IN
 [ata pass-through(16): 85 08 0e 00 d5 00 01 00 e0 00 4f 00 c2 00 b0 00 ]
  scsi_status=0x2, host_status=0x0, driver_status=0x8
  info=0x1  duration=28 milliseconds  resid=0
  Incoming data, len=512 [only first 256 bytes shown]:
 00     00 00 00 00 00 00 00 00  00 00 00 00 00 00 00 00
 10     00 00 00 00 00 00 00 00  00 00 00 00 00 00 00 00
 20     00 00 00 00 00 00 00 00  00 00 00 00 00 00 00 00
 30     00 00 00 00 00 00 00 00  00 00 00 00 00 00 00 00
 40     00 00 00 00 00 00 00 00  00 00 00 00 00 00 00 00
 50     00 00 00 00 00 00 00 00  00 00 00 00 00 00 00 00
 60     00 00 00 00 00 00 00 00  00 00 00 00 00 00 00 00
 70     00 00 00 00 00 00 00 00  00 00 00 00 00 00 00 00
 80     00 00 00 00 00 00 00 00  00 00 00 00 00 00 00 00
 90     00 00 00 00 00 00 00 00  00 00 00 00 00 00 00 00
 a0     00 00 00 00 00 00 00 00  00 00 00 00 00 00 00 00
 b0     00 00 00 00 00 00 00 00  00 00 00 00 00 00 00 00
 c0     00 00 00 00 00 00 00 00  00 00 00 00 00 00 00 00
 d0     00 00 00 00 00 00 00 00  00 00 00 00 00 00 00 00
 e0     00 00 00 00 00 00 00 00  00 00 00 00 00 00 00 00
 f0     00 00 00 00 00 00 00 00  00 00 00 00 00 00 00 00
  >>> Sense buffer, len=18:
 00     70 00 05 00 00 00 00 0a  04 51 00 01 21 04 00 00
 10     00 e0
  status=2: sense_key=5 asc=21 ascq=4
sat_device::ata_pass_through: scsi error: badly formed scsi parameters
 [Duration: 0.026s]
REPORT-IOCTL: Device=/dev/sdb Command=SMART READ LOG returned -1 errno=5 [scsi error badly formed scsi parameters]

===== [SMART READ LOG] DATA START (BASE-16) =====
000-015: 00 00 00 00 00 00 00 00 00 00 00 00 00 00 00 00 |................|
016-031: 00 00 00 00 00 00 00 00 00 00 00 00 00 00 00 00 |................|
032-047: 00 00 00 00 00 00 00 00 00 00 00 00 00 00 00 00 |................|
048-063: 00 00 00 00 00 00 00 00 00 00 00 00 00 00 00 00 |................|
064-079: 00 00 00 00 00 00 00 00 00 00 00 00 00 00 00 00 |................|
080-095: 00 00 00 00 00 00 00 00 00 00 00 00 00 00 00 00 |................|
096-111: 00 00 00 00 00 00 00 00 00 00 00 00 00 00 00 00 |................|
112-127: 00 00 00 00 00 00 00 00 00 00 00 00 00 00 00 00 |................|
128-143: 00 00 00 00 00 00 00 00 00 00 00 00 00 00 00 00 |................|
144-159: 00 00 00 00 00 00 00 00 00 00 00 00 00 00 00 00 |................|
160-175: 00 00 00 00 00 00 00 00 00 00 00 00 00 00 00 00 |................|
176-191: 00 00 00 00 00 00 00 00 00 00 00 00 00 00 00 00 |................|
192-207: 00 00 00 00 00 00 00 00 00 00 00 00 00 00 00 00 |................|
208-223: 00 00 00 00 00 00 00 00 00 00 00 00 00 00 00 00 |................|
224-239: 00 00 00 00 00 00 00 00 00 00 00 00 00 00 00 00 |................|
240-255: 00 00 00 00 00 00 00 00 00 00 00 00 00 00 00 00 |................|
256-271: 00 00 00 00 00 00 00 00 00 00 00 00 00 00 00 00 |................|
272-287: 00 00 00 00 00 00 00 00 00 00 00 00 00 00 00 00 |................|
288-303: 00 00 00 00 00 00 00 00 00 00 00 00 00 00 00 00 |................|
304-319: 00 00 00 00 00 00 00 00 00 00 00 00 00 00 00 00 |................|
320-335: 00 00 00 00 00 00 00 00 00 00 00 00 00 00 00 00 |................|
336-351: 00 00 00 00 00 00 00 00 00 00 00 00 00 00 00 00 |................|
352-367: 00 00 00 00 00 00 00 00 00 00 00 00 00 00 00 00 |................|
368-383: 00 00 00 00 00 00 00 00 00 00 00 00 00 00 00 00 |................|
384-399: 00 00 00 00 00 00 00 00 00 00 00 00 00 00 00 00 |................|
400-415: 00 00 00 00 00 00 00 00 00 00 00 00 00 00 00 00 |................|
416-431: 00 00 00 00 00 00 00 00 00 00 00 00 00 00 00 00 |................|
432-447: 00 00 00 00 00 00 00 00 00 00 00 00 00 00 00 00 |................|
448-463: 00 00 00 00 00 00 00 00 00 00 00 00 00 00 00 00 |................|
464-479: 00 00 00 00 00 00 00 00 00 00 00 00 00 00 00 00 |................|
480-495: 00 00 00 00 00 00 00 00 00 00 00 00 00 00 00 00 |................|
496-511: 00 00 00 00 00 00 00 00 00 00 00 00 00 00 00 00 |................|
===== [SMART READ LOG] DATA END (512 Bytes) =====

Read SCT Status failed: scsi error badly formed scsi parameters
Wt Cache Reorder: Unknown (SCT Feature Control command failed)


REPORT-IOCTL: Device=/dev/sdb Command=SMART READ ATTRIBUTE VALUES
 Input:   FR=0xd0, SC=0x01, LL=...., LM=0x4f, LH=0xc2, DEV=...., CMD=0xb0 IN
 [ata pass-through(16): 85 08 0e 00 d0 00 01 00 00 00 4f 00 c2 00 b0 00 ]
  scsi_status=0x0, host_status=0x0, driver_status=0x0
  info=0x0  duration=0 milliseconds  resid=0
  Incoming data, len=512 [only first 256 bytes shown]:
 00     10 00 01 2f 00 64 64 00  00 00 00 00 00 00 05 32
 10     00 64 64 00 00 00 00 00  00 00 09 32 00 64 64 00
 20     00 00 00 00 00 00 0c 32  00 64 64 01 00 00 00 00
 30     00 00 ab 32 00 64 64 00  00 00 00 00 00 00 ac 32
 40     00 64 64 00 00 00 00 00  00 00 ad 32 00 64 64 00
 50     00 00 00 00 00 00 ae 32  00 64 64 00 00 00 00 00
 60     00 00 b4 33 00 00 00 2b  00 00 00 00 00 00 b7 32
 70     00 64 64 00 00 00 00 00  00 00 b8 32 00 64 64 00
 80     00 00 00 00 00 00 bb 32  00 64 64 00 00 00 00 00
 90     00 00 c2 22 00 31 2e 33  00 00 00 36 00 00 c4 32
 a0     00 64 64 00 00 00 00 00  00 00 c5 32 00 64 64 00
 b0     00 00 00 00 00 00 c6 30  00 64 64 00 00 00 00 00
 c0     00 00 c7 32 00 64 64 00  00 00 00 00 00 00 ca 30
 d0     00 64 64 00 00 00 00 00  00 00 ce 0e 00 64 64 00
 e0     00 00 00 00 00 00 d2 32  00 64 64 00 00 00 00 00
 f0     00 00 f6 32 00 64 64 00  00 00 00 00 00 00 f7 32
 [Duration: 0.002s]
REPORT-IOCTL: Device=/dev/sdb Command=SMART READ ATTRIBUTE VALUES returned 0 errno=5 [scsi error badly formed scsi parameters]

===== [SMART READ ATTRIBUTE VALUES] DATA START (BASE-16) =====
000-015: 10 00 01 2f 00 64 64 00 00 00 00 00 00 00 05 32 |.../.dd........2|
016-031: 00 64 64 00 00 00 00 00 00 00 09 32 00 64 64 00 |.dd........2.dd.|
032-047: 00 00 00 00 00 00 0c 32 00 64 64 01 00 00 00 00 |.......2.dd.....|
048-063: 00 00 ab 32 00 64 64 00 00 00 00 00 00 00 ac 32 |...2.dd........2|
064-079: 00 64 64 00 00 00 00 00 00 00 ad 32 00 64 64 00 |.dd........2.dd.|
080-095: 00 00 00 00 00 00 ae 32 00 64 64 00 00 00 00 00 |.......2.dd.....|
096-111: 00 00 b4 33 00 00 00 2b 00 00 00 00 00 00 b7 32 |...3...+.......2|
112-127: 00 64 64 00 00 00 00 00 00 00 b8 32 00 64 64 00 |.dd........2.dd.|
128-143: 00 00 00 00 00 00 bb 32 00 64 64 00 00 00 00 00 |.......2.dd.....|
144-159: 00 00 c2 22 00 31 2e 33 00 00 00 36 00 00 c4 32 |...".1.3...6...2|
160-175: 00 64 64 00 00 00 00 00 00 00 c5 32 00 64 64 00 |.dd........2.dd.|
176-191: 00 00 00 00 00 00 c6 30 00 64 64 00 00 00 00 00 |.......0.dd.....|
192-207: 00 00 c7 32 00 64 64 00 00 00 00 00 00 00 ca 30 |...2.dd........0|
208-223: 00 64 64 00 00 00 00 00 00 00 ce 0e 00 64 64 00 |.dd..........dd.|
224-239: 00 00 00 00 00 00 d2 32 00 64 64 00 00 00 00 00 |.......2.dd.....|
240-255: 00 00 f6 32 00 64 64 00 00 00 00 00 00 00 f7 32 |...2.dd........2|
256-271: 00 64 64 00 00 00 00 00 00 00 f8 32 00 64 64 30 |.dd........2.dd0|
272-287: 00 00 00 00 00 00 00 00 00 00 00 00 00 00 00 00 |................|
288-303: 00 00 00 00 00 00 00 00 00 00 00 00 00 00 00 00 |................|
304-319: 00 00 00 00 00 00 00 00 00 00 00 00 00 00 00 00 |................|
320-335: 00 00 00 00 00 00 00 00 00 00 00 00 00 00 00 00 |................|
336-351: 00 00 00 00 00 00 00 00 00 00 00 00 00 00 00 00 |................|
352-367: 00 00 00 00 00 00 00 00 00 00 82 00 00 00 01 7b |...............{|
368-383: 03 00 01 00 02 1e 02 00 00 00 00 00 00 00 00 00 |................|
384-399: 00 00 4d 33 43 52 30 32 32 20 00 00 00 00 00 00 |..M3CR022 ......|
400-415: 53 4d 32 32 35 38 42 31 36 41 52 00 00 00 00 00 |SM2258B16AR.....|
416-431: 00 00 00 00 00 00 00 00 00 00 00 00 00 00 00 00 |................|
432-447: 00 00 00 00 00 00 00 00 00 00 00 00 00 00 00 00 |................|
448-463: 00 00 00 00 00 00 00 00 00 00 00 00 00 00 00 00 |................|
464-479: 00 00 00 00 00 00 00 00 00 00 00 00 00 00 00 00 |................|
480-495: 00 00 00 00 00 00 00 00 00 00 00 00 00 00 00 00 |................|
496-511: 00 00 00 00 00 00 00 00 00 00 00 00 00 00 00 b4 |................|
===== [SMART READ ATTRIBUTE VALUES] DATA END (512 Bytes) =====


REPORT-IOCTL: Device=/dev/sdb Command=SMART READ ATTRIBUTE THRESHOLDS
 Input:   FR=0xd1, SC=0x01, LL=0x01, LM=0x4f, LH=0xc2, DEV=...., CMD=0xb0 IN
 [ata pass-through(16): 85 08 0e 00 d1 00 01 00 01 00 4f 00 c2 00 b0 00 ]
  scsi_status=0x0, host_status=0x0, driver_status=0x0
  info=0x0  duration=0 milliseconds  resid=0
  Incoming data, len=512 [only first 256 bytes shown]:
 00     01 00 01 00 00 00 00 00  00 00 00 00 00 00 05 0a
 10     00 00 00 00 00 00 00 00  00 00 09 00 00 00 00 00
 20     00 00 00 00 00 00 0c 00  00 00 00 00 00 00 00 00
 30     00 00 ab 00 00 00 00 00  00 00 00 00 00 00 ac 00
 40     00 00 00 00 00 00 00 00  00 00 ad 00 00 00 00 00
 50     00 00 00 00 00 00 ae 00  00 00 00 00 00 00 00 00
 60     00 00 b4 00 00 00 00 00  00 00 00 00 00 00 b7 00
 70     00 00 00 00 00 00 00 00  00 00 b8 00 00 00 00 00
 80     00 00 00 00 00 00 bb 00  00 00 00 00 00 00 00 00
 90     00 00 c2 00 00 00 00 00  00 00 00 00 00 00 c4 00
 a0     00 00 00 00 00 00 00 00  00 00 c5 00 00 00 00 00
 b0     00 00 00 00 00 00 c6 00  00 00 00 00 00 00 00 00
 c0     00 00 c7 00 00 00 00 00  00 00 00 00 00 00 ca 01
 d0     00 00 00 00 00 00 00 00  00 00 ce 00 00 00 00 00
 e0     00 00 00 00 00 00 d2 00  00 00 00 00 00 00 00 00
 f0     00 00 f6 00 00 00 00 00  00 00 00 00 00 00 f7 00
REPORT-IOCTL: Device=/dev/sdb Command=SMART READ ATTRIBUTE THRESHOLDS returned 0 errno=5 [scsi error badly formed scsi parameters]

===== [SMART READ ATTRIBUTE THRESHOLDS] DATA START (BASE-16) =====
000-015: 01 00 01 00 00 00 00 00 00 00 00 00 00 00 05 0a |................|
016-031: 00 00 00 00 00 00 00 00 00 00 09 00 00 00 00 00 |................|
032-047: 00 00 00 00 00 00 0c 00 00 00 00 00 00 00 00 00 |................|
048-063: 00 00 ab 00 00 00 00 00 00 00 00 00 00 00 ac 00 |................|
064-079: 00 00 00 00 00 00 00 00 00 00 ad 00 00 00 00 00 |................|
080-095: 00 00 00 00 00 00 ae 00 00 00 00 00 00 00 00 00 |................|
096-111: 00 00 b4 00 00 00 00 00 00 00 00 00 00 00 b7 00 |................|
112-127: 00 00 00 00 00 00 00 00 00 00 b8 00 00 00 00 00 |................|
128-143: 00 00 00 00 00 00 bb 00 00 00 00 00 00 00 00 00 |................|
144-159: 00 00 c2 00 00 00 00 00 00 00 00 00 00 00 c4 00 |................|
160-175: 00 00 00 00 00 00 00 00 00 00 c5 00 00 00 00 00 |................|
176-191: 00 00 00 00 00 00 c6 00 00 00 00 00 00 00 00 00 |................|
192-207: 00 00 c7 00 00 00 00 00 00 00 00 00 00 00 ca 01 |................|
208-223: 00 00 00 00 00 00 00 00 00 00 ce 00 00 00 00 00 |................|
224-239: 00 00 00 00 00 00 d2 00 00 00 00 00 00 00 00 00 |................|
240-255: 00 00 f6 00 00 00 00 00 00 00 00 00 00 00 f7 00 |................|
256-271: 00 00 00 00 00 00 00 00 00 00 f8 00 00 00 00 00 |................|
272-287: 00 00 00 00 00 00 00 00 00 00 00 00 00 00 00 00 |................|
288-303: 00 00 00 00 00 00 00 00 00 00 00 00 00 00 00 00 |................|
304-319: 00 00 00 00 00 00 00 00 00 00 00 00 00 00 00 00 |................|
320-335: 00 00 00 00 00 00 00 00 00 00 00 00 00 00 00 00 |................|
336-351: 00 00 00 00 00 00 00 00 00 00 00 00 00 00 00 00 |................|
352-367: 00 00 00 00 00 00 00 00 00 00 00 00 00 00 00 00 |................|
368-383: 00 00 00 00 00 00 00 00 00 00 00 00 00 00 00 00 |................|
384-399: 00 00 00 00 00 00 00 00 00 00 00 00 00 00 00 00 |................|
400-415: 00 00 00 00 00 00 00 00 00 00 00 00 00 00 00 00 |................|
416-431: 00 00 00 00 00 00 00 00 00 00 00 00 00 00 00 00 |................|
432-447: 00 00 00 00 00 00 00 00 00 00 00 00 00 00 00 00 |................|
448-463: 00 00 00 00 00 00 00 00 00 00 00 00 00 00 00 00 |................|
464-479: 00 00 00 00 00 00 00 00 00 00 00 00 00 00 00 00 |................|
480-495: 00 00 00 00 00 00 00 00 00 00 00 00 00 00 00 00 |................|
496-511: 00 00 00 00 00 00 00 00 00 00 00 00 00 00 00 22 |..............."|
===== [SMART READ ATTRIBUTE THRESHOLDS] DATA END (512 Bytes) =====

=== START OF READ SMART DATA SECTION ===

REPORT-IOCTL: Device=/dev/sdb Command=SMART STATUS CHECK
 Input:   FR=0xda, SC=...., LL=...., LM=0x4f, LH=0xc2, DEV=...., CMD=0xb0
 [ata pass-through(16): 85 06 2c 00 da 00 00 00 00 00 4f 00 c2 00 b0 00 ]
  scsi_status=0x2, host_status=0x0, driver_status=0x8
  info=0x1  duration=0 milliseconds  resid=0
  >>> Sense buffer, len=22:
 00     72 01 00 1d 00 00 00 0e  09 0c 00 00 00 00 00 00
 10     00 4f 00 c2 00 50
  status=2: [desc] sense_key=1 asc=0 ascq=1d
Values from ATA Return Descriptor are:
 00     09 0c 00 00 00 00 00 00  00 4f 00 c2 00 50
 Output: ERR=0x00, SC=0x00, LL=0x00, LM=0x4f, LH=0xc2, DEV=0x00, STS=0x50
REPORT-IOCTL: Device=/dev/sdb Command=SMART STATUS CHECK returned 0 errno=5 [scsi error badly formed scsi parameters]
SMART overall-health self-assessment test result: PASSED

General SMART Values:
Offline data collection status:  (0x82)	Offline data collection activity
					was completed without error.
					Auto Offline Data Collection: Enabled.
Self-test execution status:      (   0)	The previous self-test routine completed
					without error or no self-test has ever 
					been run.
Total time to complete Offline 
data collection: 		(    0) seconds.
Offline data collection
capabilities: 			 (0x7b) SMART execute Offline immediate.
					Auto Offline data collection on/off support.
					Suspend Offline collection upon new
					command.
					Offline surface scan supported.
					Self-test supported.
					Conveyance Self-test supported.
					Selective Self-test supported.
SMART capabilities:            (0x0003)	Saves SMART data before entering
					power-saving mode.
					Supports SMART auto save timer.
Error logging capability:        (0x01)	Error logging supported.
					General Purpose Logging supported.
Short self-test routine 
recommended polling time: 	 (   2) minutes.
Extended self-test routine
recommended polling time: 	 (  30) minutes.
Conveyance self-test routine
recommended polling time: 	 (   2) minutes.
SCT capabilities: 	       (0x0031)	SCT Status supported.
					SCT Feature Control supported.
					SCT Data Table supported.

SMART Attributes Data Structure revision number: 16
Vendor Specific SMART Attributes with Thresholds:
ID# ATTRIBUTE_NAME          FLAGS    VALUE WORST THRESH FAIL RAW_VALUE
  1 Raw_Read_Error_Rate     POSR-K   100   100   000    -    0
  5 Reallocated_Sector_Ct   -O--CK   100   100   010    -    0
  9 Power_On_Hours          -O--CK   100   100   000    -    0
 12 Power_Cycle_Count       -O--CK   100   100   000    -    1
171 Unknown_Attribute       -O--CK   100   100   000    -    0
172 Unknown_Attribute       -O--CK   100   100   000    -    0
173 Unknown_Attribute       -O--CK   100   100   000    -    0
174 Unknown_Attribute       -O--CK   100   100   000    -    0
180 Unused_Rsvd_Blk_Cnt_Tot PO--CK   000   000   000    -    43
183 Runtime_Bad_Block       -O--CK   100   100   000    -    0
184 End-to-End_Error        -O--CK   100   100   000    -    0
187 Reported_Uncorrect      -O--CK   100   100   000    -    0
194 Temperature_Celsius     -O---K   049   046   000    -    51 (Min/Max 0/54)
196 Reallocated_Event_Count -O--CK   100   100   000    -    0
197 Current_Pending_Sector  -O--CK   100   100   000    -    0
198 Offline_Uncorrectable   ----CK   100   100   000    -    0
199 UDMA_CRC_Error_Count    -O--CK   100   100   000    -    0
202 Unknown_SSD_Attribute   ----CK   100   100   001    -    0
206 Unknown_SSD_Attribute   -OSR--   100   100   000    -    0
210 Unknown_Attribute       -O--CK   100   100   000    -    0
246 Unknown_Attribute       -O--CK   100   100   000    -    0
247 Unknown_Attribute       -O--CK   100   100   000    -    0
248 Unknown_Attribute       -O--CK   100   100   000    -    48
                            ||||||_ K auto-keep
                            |||||__ C event count
                            ||||___ R error rate
                            |||____ S speed/performance
                            ||_____ O updated online
                            |______ P prefailure warning


REPORT-IOCTL: Device=/dev/sdb Command=SMART READ LOG InputParameter=0
 Input:   FR=0xd5, SC=0x01, LL=0x00, LM=0x4f, LH=0xc2, DEV=...., CMD=0xb0 IN
 [ata pass-through(16): 85 08 0e 00 d5 00 01 00 00 00 4f 00 c2 00 b0 00 ]
  scsi_status=0x0, host_status=0x0, driver_status=0x0
  info=0x0  duration=0 milliseconds  resid=0
  Incoming data, len=512 [only first 256 bytes shown]:
 00     01 00 01 00 01 00 00 00  08 00 00 00 01 00 00 00
 10     00 00 01 00 00 00 00 00  00 00 00 00 00 00 00 00
 20     00 00 00 00 00 00 00 00  00 00 00 00 00 00 00 00
 30     00 00 00 00 00 00 00 00  00 00 00 00 00 00 00 00
 40     00 00 00 00 00 00 00 00  00 00 00 00 00 00 00 00
 50     00 00 00 00 00 00 00 00  00 00 00 00 00 00 00 00
 60     09 00 00 00 00 00 00 00  00 00 00 00 00 00 00 00
 70     00 00 00 00 00 00 00 00  00 00 00 00 00 00 00 00
 80     00 00 00 00 00 00 00 00  00 00 00 00 00 00 00 00
 90     00 00 00 00 00 00 00 00  00 00 00 00 00 00 00 00
 a0     00 00 00 00 00 00 00 00  00 00 00 00 00 00 00 00
 b0     00 00 00 00 00 00 00 00  00 00 00 00 00 00 00 00
 c0     00 00 00 00 00 00 00 00  00 00 00 00 00 00 00 00
 d0     00 00 00 00 00 00 00 00  00 00 00 00 00 00 00 00
 e0     00 00 00 00 00 00 00 00  00 00 00 00 00 00 00 00
 f0     00 00 00 00 00 00 00 00  00 00 00 00 00 00 00 00
REPORT-IOCTL: Device=/dev/sdb Command=SMART READ LOG returned 0 errno=5 [scsi error badly formed scsi parameters]

===== [SMART READ LOG] DATA START (BASE-16) =====
000-015: 01 00 01 00 01 00 00 00 08 00 00 00 01 00 00 00 |................|
016-031: 00 00 01 00 00 00 00 00 00 00 00 00 00 00 00 00 |................|
032-047: 00 00 00 00 00 00 00 00 00 00 00 00 00 00 00 00 |................|
048-063: 00 00 00 00 00 00 00 00 00 00 00 00 00 00 00 00 |................|
064-079: 00 00 00 00 00 00 00 00 00 00 00 00 00 00 00 00 |................|
080-095: 00 00 00 00 00 00 00 00 00 00 00 00 00 00 00 00 |................|
096-111: 09 00 00 00 00 00 00 00 00 00 00 00 00 00 00 00 |................|
112-127: 00 00 00 00 00 00 00 00 00 00 00 00 00 00 00 00 |................|
128-143: 00 00 00 00 00 00 00 00 00 00 00 00 00 00 00 00 |................|
144-159: 00 00 00 00 00 00 00 00 00 00 00 00 00 00 00 00 |................|
160-175: 00 00 00 00 00 00 00 00 00 00 00 00 00 00 00 00 |................|
176-191: 00 00 00 00 00 00 00 00 00 00 00 00 00 00 00 00 |................|
192-207: 00 00 00 00 00 00 00 00 00 00 00 00 00 00 00 00 |................|
208-223: 00 00 00 00 00 00 00 00 00 00 00 00 00 00 00 00 |................|
224-239: 00 00 00 00 00 00 00 00 00 00 00 00 00 00 00 00 |................|
240-255: 00 00 00 00 00 00 00 00 00 00 00 00 00 00 00 00 |................|
256-271: 10 00 10 00 10 00 10 00 10 00 10 00 10 00 10 00 |................|
272-287: 10 00 10 00 10 00 10 00 10 00 10 00 10 00 10 00 |................|
288-303: 10 00 10 00 10 00 10 00 10 00 10 00 10 00 10 00 |................|
304-319: 10 00 10 00 10 00 10 00 10 00 10 00 10 00 10 00 |................|
320-335: 00 00 00 00 00 00 00 00 00 00 00 00 00 00 00 00 |................|
336-351: 00 00 00 00 00 00 00 00 00 00 00 00 00 00 00 00 |................|
352-367: 00 00 00 00 00 00 00 00 00 00 00 00 00 00 00 00 |................|
368-383: 00 00 00 00 00 00 00 00 00 00 00 00 00 00 00 00 |................|
384-399: 00 00 00 00 00 00 00 00 00 00 00 00 00 00 00 00 |................|
400-415: 00 00 00 00 00 00 00 00 00 00 00 00 00 00 00 00 |................|
416-431: 00 00 00 00 00 00 00 00 00 00 00 00 00 00 00 00 |................|
432-447: 00 00 00 00 00 00 00 00 00 00 00 00 00 00 00 00 |................|
448-463: 01 00 01 00 00 00 00 00 00 00 00 00 00 00 00 00 |................|
464-479: 00 00 00 00 00 00 00 00 00 00 00 00 00 00 00 00 |................|
480-495: 00 00 00 00 00 00 00 00 00 00 00 00 00 00 00 00 |................|
496-511: 00 00 00 00 00 00 00 00 00 00 00 00 00 00 00 00 |................|
===== [SMART READ LOG] DATA END (512 Bytes) =====

 [ata pass-through(16): 85 09 0e 00 00 00 01 00 00 00 00 00 00 00 2f 00 ]
  scsi_status=0x0, host_status=0x0, driver_status=0x0
  info=0x0  duration=0 milliseconds  resid=0
  Incoming data, len=512 [only first 256 bytes shown]:
 00     01 00 00 00 00 00 01 00  08 00 00 00 00 00 01 00
 10     00 00 00 00 00 00 00 00  00 00 00 00 00 00 00 00
 20     01 00 01 00 00 00 00 00  00 00 00 00 00 00 00 00
 30     00 00 00 00 00 00 00 00  00 00 00 00 00 00 00 00
 40     00 00 00 00 00 00 00 00  58 00 40 00 00 00 00 00
 50     00 00 00 00 00 00 00 00  00 00 00 00 00 00 00 00
 60     09 00 00 00 00 00 00 00  00 00 00 00 00 00 00 00
 70     00 00 00 00 00 00 00 00  00 00 00 00 00 00 00 00
 80     00 00 00 00 00 00 00 00  00 00 00 00 00 00 00 00
 90     00 00 00 00 00 00 00 00  00 00 00 00 00 00 00 00
 a0     00 00 00 00 00 00 00 00  00 00 00 00 00 00 00 00
 b0     00 00 00 00 00 00 00 00  00 00 00 00 00 00 00 00
 c0     00 00 00 00 00 00 00 00  00 00 00 00 00 00 00 00
 d0     00 00 00 00 00 00 00 00  00 00 00 00 00 00 00 00
 e0     00 00 00 00 00 00 00 00  00 00 00 00 00 00 00 00
 f0     00 00 00 00 00 00 00 00  00 00 00 00 00 00 00 00
General Purpose Log Directory Version 1
SMART           Log Directory Version 1 [multi-sector log support]
Address    Access  R/W   Size  Description
0x00       GPL,SL  R/O      1  Log Directory
0x01           SL  R/O      1  Summary SMART error log
0x02           SL  R/O      1  Comprehensive SMART error log
0x03       GPL     R/O      1  Ext. Comprehensive SMART error log
0x04       GPL,SL  R/O      8  Device Statistics log
0x06           SL  R/O      1  SMART self-test log
0x07       GPL     R/O      1  Extended self-test log
0x09           SL  R/W      1  Selective self-test log
0x10       GPL     R/O      1  SATA NCQ Queued Error log
0x11       GPL     R/O      1  SATA Phy Event Counters log
0x24       GPL     R/O     88  Current Device Internal Status Data log
0x25       GPL     R/O     64  Saved Device Internal Status Data log
0x30       GPL,SL  R/O      9  IDENTIFY DEVICE data log
0x80-0x9f  GPL,SL  R/W     16  Host vendor specific log
0xe0       GPL,SL  R/W      1  SCT Command/Status
0xe1       GPL,SL  R/W      1  SCT Data Transfer

 [ata pass-through(16): 85 09 0e 00 00 00 01 00 03 00 00 00 00 00 2f 00 ]
  scsi_status=0x0, host_status=0x0, driver_status=0x0
  info=0x0  duration=0 milliseconds  resid=0
  Incoming data, len=512 [only first 256 bytes shown]:
 00     01 00 00 00 00 00 00 00  00 00 00 00 00 00 00 00
 10     00 00 00 00 00 00 00 00  00 00 00 00 00 00 00 00
 20     00 00 00 00 00 00 00 00  00 00 00 00 00 00 00 00
 30     00 00 00 00 00 00 00 00  00 00 00 00 00 00 00 00
 40     00 00 00 00 00 00 00 00  00 00 00 00 00 00 00 00
 50     00 00 00 00 00 00 00 00  00 00 00 00 00 00 00 00
 60     00 00 00 00 00 00 00 00  00 00 00 00 00 00 00 00
 70     00 00 00 00 00 00 00 00  00 00 00 00 00 00 00 00
 80     00 00 00 00 00 00 00 00  00 00 00 00 00 00 00 00
 90     00 00 00 00 00 00 00 00  00 00 00 00 00 00 00 00
 a0     00 00 00 00 00 00 00 00  00 00 00 00 00 00 00 00
 b0     00 00 00 00 00 00 00 00  00 00 00 00 00 00 00 00
 c0     00 00 00 00 00 00 00 00  00 00 00 00 00 00 00 00
 d0     00 00 00 00 00 00 00 00  00 00 00 00 00 00 00 00
 e0     00 00 00 00 00 00 00 00  00 00 00 00 00 00 00 00
 f0     00 00 00 00 00 00 00 00  00 00 00 00 00 00 00 00
SMART Extended Comprehensive Error Log Version: 1 (1 sectors)
No Errors Logged

 [ata pass-through(16): 85 09 0e 00 00 00 01 00 07 00 00 00 00 00 2f 00 ]
  scsi_status=0x0, host_status=0x0, driver_status=0x0
  info=0x0  duration=0 milliseconds  resid=0
  Incoming data, len=512 [only first 256 bytes shown]:
 00     01 00 02 00 03 00 00 00  00 00 00 00 00 00 00 00
 10     00 00 00 00 00 00 00 00  00 00 00 00 00 00 01 00
 20     00 00 00 00 00 00 00 00  00 00 00 00 00 00 00 00
 30     00 00 00 00 00 00 00 00  00 00 00 00 00 00 00 00
 40     00 00 00 00 00 00 00 00  00 00 00 00 00 00 00 00
 50     00 00 00 00 00 00 00 00  00 00 00 00 00 00 00 00
 60     00 00 00 00 00 00 00 00  00 00 00 00 00 00 00 00
 70     00 00 00 00 00 00 00 00  00 00 00 00 00 00 00 00
 80     00 00 00 00 00 00 00 00  00 00 00 00 00 00 00 00
 90     00 00 00 00 00 00 00 00  00 00 00 00 00 00 00 00
 a0     00 00 00 00 00 00 00 00  00 00 00 00 00 00 00 00
 b0     00 00 00 00 00 00 00 00  00 00 00 00 00 00 00 00
 c0     00 00 00 00 00 00 00 00  00 00 00 00 00 00 00 00
 d0     00 00 00 00 00 00 00 00  00 00 00 00 00 00 00 00
 e0     00 00 00 00 00 00 00 00  00 00 00 00 00 00 00 00
 f0     00 00 00 00 00 00 00 00  00 00 00 00 00 00 00 00
SMART Extended Self-test Log Version: 1 (1 sectors)
Num  Test_Description    Status                  Remaining  LifeTime(hours)  LBA_of_first_error
# 1  Short offline       Completed without error       00%         0         -
# 2  Conveyance offline  Completed without error       00%         0         -


REPORT-IOCTL: Device=/dev/sdb Command=SMART READ LOG InputParameter=9
 Input:   FR=0xd5, SC=0x01, LL=0x09, LM=0x4f, LH=0xc2, DEV=...., CMD=0xb0 IN
 [ata pass-through(16): 85 08 0e 00 d5 00 01 00 09 00 4f 00 c2 00 b0 00 ]
  scsi_status=0x2, host_status=0x0, driver_status=0x8
  info=0x1  duration=28 milliseconds  resid=0
  Incoming data, len=512 [only first 256 bytes shown]:
 00     00 00 00 00 00 00 00 00  00 00 00 00 00 00 00 00
 10     00 00 00 00 00 00 00 00  00 00 00 00 00 00 00 00
 20     00 00 00 00 00 00 00 00  00 00 00 00 00 00 00 00
 30     00 00 00 00 00 00 00 00  00 00 00 00 00 00 00 00
 40     00 00 00 00 00 00 00 00  00 00 00 00 00 00 00 00
 50     00 00 00 00 00 00 00 00  00 00 00 00 00 00 00 00
 60     00 00 00 00 00 00 00 00  00 00 00 00 00 00 00 00
 70     00 00 00 00 00 00 00 00  00 00 00 00 00 00 00 00
 80     00 00 00 00 00 00 00 00  00 00 00 00 00 00 00 00
 90     00 00 00 00 00 00 00 00  00 00 00 00 00 00 00 00
 a0     00 00 00 00 00 00 00 00  00 00 00 00 00 00 00 00
 b0     00 00 00 00 00 00 00 00  00 00 00 00 00 00 00 00
 c0     00 00 00 00 00 00 00 00  00 00 00 00 00 00 00 00
 d0     00 00 00 00 00 00 00 00  00 00 00 00 00 00 00 00
 e0     00 00 00 00 00 00 00 00  00 00 00 00 00 00 00 00
 f0     00 00 00 00 00 00 00 00  00 00 00 00 00 00 00 00
  >>> Sense buffer, len=18:
 00     70 00 05 00 00 00 00 0a  04 51 00 01 21 04 00 00
 10     00 09
  status=2: sense_key=5 asc=21 ascq=4
sat_device::ata_pass_through: scsi error: badly formed scsi parameters
 [Duration: 0.027s]
REPORT-IOCTL: Device=/dev/sdb Command=SMART READ LOG returned -1 errno=5 [scsi error badly formed scsi parameters]

===== [SMART READ LOG] DATA START (BASE-16) =====
000-015: 00 00 00 00 00 00 00 00 00 00 00 00 00 00 00 00 |................|
016-031: 00 00 00 00 00 00 00 00 00 00 00 00 00 00 00 00 |................|
032-047: 00 00 00 00 00 00 00 00 00 00 00 00 00 00 00 00 |................|
048-063: 00 00 00 00 00 00 00 00 00 00 00 00 00 00 00 00 |................|
064-079: 00 00 00 00 00 00 00 00 00 00 00 00 00 00 00 00 |................|
080-095: 00 00 00 00 00 00 00 00 00 00 00 00 00 00 00 00 |................|
096-111: 00 00 00 00 00 00 00 00 00 00 00 00 00 00 00 00 |................|
112-127: 00 00 00 00 00 00 00 00 00 00 00 00 00 00 00 00 |................|
128-143: 00 00 00 00 00 00 00 00 00 00 00 00 00 00 00 00 |................|
144-159: 00 00 00 00 00 00 00 00 00 00 00 00 00 00 00 00 |................|
160-175: 00 00 00 00 00 00 00 00 00 00 00 00 00 00 00 00 |................|
176-191: 00 00 00 00 00 00 00 00 00 00 00 00 00 00 00 00 |................|
192-207: 00 00 00 00 00 00 00 00 00 00 00 00 00 00 00 00 |................|
208-223: 00 00 00 00 00 00 00 00 00 00 00 00 00 00 00 00 |................|
224-239: 00 00 00 00 00 00 00 00 00 00 00 00 00 00 00 00 |................|
240-255: 00 00 00 00 00 00 00 00 00 00 00 00 00 00 00 00 |................|
256-271: 00 00 00 00 00 00 00 00 00 00 00 00 00 00 00 00 |................|
272-287: 00 00 00 00 00 00 00 00 00 00 00 00 00 00 00 00 |................|
288-303: 00 00 00 00 00 00 00 00 00 00 00 00 00 00 00 00 |................|
304-319: 00 00 00 00 00 00 00 00 00 00 00 00 00 00 00 00 |................|
320-335: 00 00 00 00 00 00 00 00 00 00 00 00 00 00 00 00 |................|
336-351: 00 00 00 00 00 00 00 00 00 00 00 00 00 00 00 00 |................|
352-367: 00 00 00 00 00 00 00 00 00 00 00 00 00 00 00 00 |................|
368-383: 00 00 00 00 00 00 00 00 00 00 00 00 00 00 00 00 |................|
384-399: 00 00 00 00 00 00 00 00 00 00 00 00 00 00 00 00 |................|
400-415: 00 00 00 00 00 00 00 00 00 00 00 00 00 00 00 00 |................|
416-431: 00 00 00 00 00 00 00 00 00 00 00 00 00 00 00 00 |................|
432-447: 00 00 00 00 00 00 00 00 00 00 00 00 00 00 00 00 |................|
448-463: 00 00 00 00 00 00 00 00 00 00 00 00 00 00 00 00 |................|
464-479: 00 00 00 00 00 00 00 00 00 00 00 00 00 00 00 00 |................|
480-495: 00 00 00 00 00 00 00 00 00 00 00 00 00 00 00 00 |................|
496-511: 00 00 00 00 00 00 00 00 00 00 00 00 00 00 00 00 |................|
===== [SMART READ LOG] DATA END (512 Bytes) =====

Read SMART Selective Self-test Log failed: scsi error badly formed scsi parameters


REPORT-IOCTL: Device=/dev/sdb Command=SMART READ LOG InputParameter=224
 Input:   FR=0xd5, SC=0x01, LL=0xe0, LM=0x4f, LH=0xc2, DEV=...., CMD=0xb0 IN
 [ata pass-through(16): 85 08 0e 00 d5 00 01 00 e0 00 4f 00 c2 00 b0 00 ]
  scsi_status=0x2, host_status=0x0, driver_status=0x8
  info=0x1  duration=28 milliseconds  resid=0
  Incoming data, len=512 [only first 256 bytes shown]:
 00     00 00 00 00 00 00 00 00  00 00 00 00 00 00 00 00
 10     00 00 00 00 00 00 00 00  00 00 00 00 00 00 00 00
 20     00 00 00 00 00 00 00 00  00 00 00 00 00 00 00 00
 30     00 00 00 00 00 00 00 00  00 00 00 00 00 00 00 00
 40     00 00 00 00 00 00 00 00  00 00 00 00 00 00 00 00
 50     00 00 00 00 00 00 00 00  00 00 00 00 00 00 00 00
 60     00 00 00 00 00 00 00 00  00 00 00 00 00 00 00 00
 70     00 00 00 00 00 00 00 00  00 00 00 00 00 00 00 00
 80     00 00 00 00 00 00 00 00  00 00 00 00 00 00 00 00
 90     00 00 00 00 00 00 00 00  00 00 00 00 00 00 00 00
 a0     00 00 00 00 00 00 00 00  00 00 00 00 00 00 00 00
 b0     00 00 00 00 00 00 00 00  00 00 00 00 00 00 00 00
 c0     00 00 00 00 00 00 00 00  00 00 00 00 00 00 00 00
 d0     00 00 00 00 00 00 00 00  00 00 00 00 00 00 00 00
 e0     00 00 00 00 00 00 00 00  00 00 00 00 00 00 00 00
 f0     00 00 00 00 00 00 00 00  00 00 00 00 00 00 00 00
  >>> Sense buffer, len=18:
 00     70 00 05 00 00 00 00 0a  04 51 00 01 21 04 00 00
 10     00 e0
  status=2: sense_key=5 asc=21 ascq=4
sat_device::ata_pass_through: scsi error: badly formed scsi parameters
 [Duration: 0.028s]
REPORT-IOCTL: Device=/dev/sdb Command=SMART READ LOG returned -1 errno=5 [scsi error badly formed scsi parameters]

===== [SMART READ LOG] DATA START (BASE-16) =====
000-015: 00 00 00 00 00 00 00 00 00 00 00 00 00 00 00 00 |................|
016-031: 00 00 00 00 00 00 00 00 00 00 00 00 00 00 00 00 |................|
032-047: 00 00 00 00 00 00 00 00 00 00 00 00 00 00 00 00 |................|
048-063: 00 00 00 00 00 00 00 00 00 00 00 00 00 00 00 00 |................|
064-079: 00 00 00 00 00 00 00 00 00 00 00 00 00 00 00 00 |................|
080-095: 00 00 00 00 00 00 00 00 00 00 00 00 00 00 00 00 |................|
096-111: 00 00 00 00 00 00 00 00 00 00 00 00 00 00 00 00 |................|
112-127: 00 00 00 00 00 00 00 00 00 00 00 00 00 00 00 00 |................|
128-143: 00 00 00 00 00 00 00 00 00 00 00 00 00 00 00 00 |................|
144-159: 00 00 00 00 00 00 00 00 00 00 00 00 00 00 00 00 |................|
160-175: 00 00 00 00 00 00 00 00 00 00 00 00 00 00 00 00 |................|
176-191: 00 00 00 00 00 00 00 00 00 00 00 00 00 00 00 00 |................|
192-207: 00 00 00 00 00 00 00 00 00 00 00 00 00 00 00 00 |................|
208-223: 00 00 00 00 00 00 00 00 00 00 00 00 00 00 00 00 |................|
224-239: 00 00 00 00 00 00 00 00 00 00 00 00 00 00 00 00 |................|
240-255: 00 00 00 00 00 00 00 00 00 00 00 00 00 00 00 00 |................|
256-271: 00 00 00 00 00 00 00 00 00 00 00 00 00 00 00 00 |................|
272-287: 00 00 00 00 00 00 00 00 00 00 00 00 00 00 00 00 |................|
288-303: 00 00 00 00 00 00 00 00 00 00 00 00 00 00 00 00 |................|
304-319: 00 00 00 00 00 00 00 00 00 00 00 00 00 00 00 00 |................|
320-335: 00 00 00 00 00 00 00 00 00 00 00 00 00 00 00 00 |................|
336-351: 00 00 00 00 00 00 00 00 00 00 00 00 00 00 00 00 |................|
352-367: 00 00 00 00 00 00 00 00 00 00 00 00 00 00 00 00 |................|
368-383: 00 00 00 00 00 00 00 00 00 00 00 00 00 00 00 00 |................|
384-399: 00 00 00 00 00 00 00 00 00 00 00 00 00 00 00 00 |................|
400-415: 00 00 00 00 00 00 00 00 00 00 00 00 00 00 00 00 |................|
416-431: 00 00 00 00 00 00 00 00 00 00 00 00 00 00 00 00 |................|
432-447: 00 00 00 00 00 00 00 00 00 00 00 00 00 00 00 00 |................|
448-463: 00 00 00 00 00 00 00 00 00 00 00 00 00 00 00 00 |................|
464-479: 00 00 00 00 00 00 00 00 00 00 00 00 00 00 00 00 |................|
480-495: 00 00 00 00 00 00 00 00 00 00 00 00 00 00 00 00 |................|
496-511: 00 00 00 00 00 00 00 00 00 00 00 00 00 00 00 00 |................|
===== [SMART READ LOG] DATA END (512 Bytes) =====

Read SCT Status failed: scsi error badly formed scsi parameters

SCT Error Recovery Control command not supported

 [ata pass-through(16): 85 09 0e 00 00 00 01 00 04 00 00 00 00 00 2f 00 ]
  scsi_status=0x0, host_status=0x0, driver_status=0x0
  info=0x0  duration=0 milliseconds  resid=0
  Incoming data, len=512 [only first 256 bytes shown]:
 00     01 00 00 00 00 00 00 00  06 00 01 04 05 06 07 00
 10     00 00 00 00 00 00 00 00  00 00 00 00 00 00 00 00
 20     00 00 00 00 00 00 00 00  00 00 00 00 00 00 00 00
 30     00 00 00 00 00 00 00 00  00 00 00 00 00 00 00 00
 40     00 00 00 00 00 00 00 00  00 00 00 00 00 00 00 00
 50     00 00 00 00 00 00 00 00  00 00 00 00 00 00 00 00
 60     00 00 00 00 00 00 00 00  00 00 00 00 00 00 00 00
 70     00 00 00 00 00 00 00 00  00 00 00 00 00 00 00 00
 80     00 00 00 00 00 00 00 00  00 00 00 00 00 00 00 00
 90     00 00 00 00 00 00 00 00  00 00 00 00 00 00 00 00
 a0     00 00 00 00 00 00 00 00  00 00 00 00 00 00 00 00
 b0     00 00 00 00 00 00 00 00  00 00 00 00 00 00 00 00
 c0     00 00 00 00 00 00 00 00  00 00 00 00 00 00 00 00
 d0     00 00 00 00 00 00 00 00  00 00 00 00 00 00 00 00
 e0     00 00 00 00 00 00 00 00  00 00 00 00 00 00 00 00
 f0     00 00 00 00 00 00 00 00  00 00 00 00 00 00 00 00
Device Statistics (GP Log 0x04)
Page  Offset Size        Value Flags Description
 [ata pass-through(16): 85 09 0e 00 00 00 01 00 04 00 01 00 00 00 2f 00 ]
  scsi_status=0x0, host_status=0x0, driver_status=0x0
  info=0x0  duration=0 milliseconds  resid=0
  Incoming data, len=512 [only first 256 bytes shown]:
 00     01 00 01 00 00 00 00 00  01 00 00 00 00 00 00 c0
 10     00 00 00 00 00 00 00 c0  00 00 00 00 00 00 00 c0
 20     00 00 00 00 00 00 00 c0  7d 83 00 00 00 00 00 c0
 30     dc 04 00 00 00 00 00 c0  01 00 00 00 00 00 00 c0
 40     00 00 00 00 00 00 00 00  00 00 00 00 00 00 00 00
 50     00 00 00 00 00 00 00 00  00 00 00 00 00 00 00 00
 60     00 00 00 00 00 00 00 00  00 00 00 00 00 00 00 00
 70     00 00 00 00 00 00 00 00  00 00 00 00 00 00 00 00
 80     00 00 00 00 00 00 00 00  00 00 00 00 00 00 00 00
 90     00 00 00 00 00 00 00 00  00 00 00 00 00 00 00 00
 a0     00 00 00 00 00 00 00 00  00 00 00 00 00 00 00 00
 b0     00 00 00 00 00 00 00 00  00 00 00 00 00 00 00 00
 c0     00 00 00 00 00 00 00 00  00 00 00 00 00 00 00 00
 d0     00 00 00 00 00 00 00 00  00 00 00 00 00 00 00 00
 e0     00 00 00 00 00 00 00 00  00 00 00 00 00 00 00 00
 f0     00 00 00 00 00 00 00 00  00 00 00 00 00 00 00 00
0x01  =====  =               =  ===  == General Statistics (rev 1) ==
0x01  0x008  4               1  ---  Lifetime Power-On Resets
0x01  0x010  4               0  ---  Power-on Hours
0x01  0x018  6               0  ---  Logical Sectors Written
0x01  0x020  6               0  ---  Number of Write Commands
0x01  0x028  6           33661  ---  Logical Sectors Read
0x01  0x030  6            1244  ---  Number of Read Commands
0x01  0x038  6               1  ---  Date and Time TimeStamp
 [ata pass-through(16): 85 09 0e 00 00 00 01 00 04 00 04 00 00 00 2f 00 ]
  scsi_status=0x0, host_status=0x0, driver_status=0x0
  info=0x0  duration=4 milliseconds  resid=0
  Incoming data, len=512 [only first 256 bytes shown]:
 00     01 00 04 00 00 00 00 00  00 00 00 00 00 00 00 c0
 10     00 00 00 00 00 00 00 c0  00 00 00 00 00 00 00 00
 20     00 00 00 00 00 00 00 00  00 00 00 00 00 00 00 00
 30     00 00 00 00 00 00 00 00  00 00 00 00 00 00 00 00
 40     00 00 00 00 00 00 00 00  00 00 00 00 00 00 00 00
 50     00 00 00 00 00 00 00 00  00 00 00 00 00 00 00 00
 60     00 00 00 00 00 00 00 00  00 00 00 00 00 00 00 00
 70     00 00 00 00 00 00 00 00  00 00 00 00 00 00 00 00
 80     00 00 00 00 00 00 00 00  00 00 00 00 00 00 00 00
 90     00 00 00 00 00 00 00 00  00 00 00 00 00 00 00 00
 a0     00 00 00 00 00 00 00 00  00 00 00 00 00 00 00 00
 b0     00 00 00 00 00 00 00 00  00 00 00 00 00 00 00 00
 c0     00 00 00 00 00 00 00 00  00 00 00 00 00 00 00 00
 d0     00 00 00 00 00 00 00 00  00 00 00 00 00 00 00 00
 e0     00 00 00 00 00 00 00 00  00 00 00 00 00 00 00 00
 f0     00 00 00 00 00 00 00 00  00 00 00 00 00 00 00 00
0x04  =====  =               =  ===  == General Errors Statistics (rev 1) ==
0x04  0x008  4               0  ---  Number of Reported Uncorrectable Errors
0x04  0x010  4               0  ---  Resets Between Cmd Acceptance and Completion
 [ata pass-through(16): 85 09 0e 00 00 00 01 00 04 00 05 00 00 00 2f 00 ]
  scsi_status=0x0, host_status=0x0, driver_status=0x0
  info=0x0  duration=0 milliseconds  resid=0
  Incoming data, len=512 [only first 256 bytes shown]:
 00     01 00 05 00 00 00 00 00  33 00 00 00 00 00 00 c0
 10     31 00 00 00 00 00 00 c0  2f 00 00 00 00 00 00 c0
 20     36 00 00 00 00 00 00 c0  00 00 00 00 00 00 00 c0
 30     31 00 00 00 00 00 00 c0  00 00 00 00 00 00 00 c0
 40     2f 00 00 00 00 00 00 c0  00 00 00 00 00 00 00 c0
 50     00 00 00 00 00 00 00 c0  46 00 00 00 00 00 00 c0
 60     00 00 00 00 00 00 00 c0  00 00 00 00 00 00 00 c0
 70     00 00 00 00 00 00 00 00  00 00 00 00 00 00 00 00
 80     00 00 00 00 00 00 00 00  00 00 00 00 00 00 00 00
 90     00 00 00 00 00 00 00 00  00 00 00 00 00 00 00 00
 a0     00 00 00 00 00 00 00 00  00 00 00 00 00 00 00 00
 b0     00 00 00 00 00 00 00 00  00 00 00 00 00 00 00 00
 c0     00 00 00 00 00 00 00 00  00 00 00 00 00 00 00 00
 d0     00 00 00 00 00 00 00 00  00 00 00 00 00 00 00 00
 e0     00 00 00 00 00 00 00 00  00 00 00 00 00 00 00 00
 f0     00 00 00 00 00 00 00 00  00 00 00 00 00 00 00 00
0x05  =====  =               =  ===  == Temperature Statistics (rev 1) ==
0x05  0x008  1              51  ---  Current Temperature
0x05  0x010  1              49  ---  Average Short Term Temperature
0x05  0x018  1              47  ---  Average Long Term Temperature
0x05  0x020  1              54  ---  Highest Temperature
0x05  0x028  1               0  ---  Lowest Temperature
0x05  0x030  1              49  ---  Highest Average Short Term Temperature
0x05  0x038  1               0  ---  Lowest Average Short Term Temperature
0x05  0x040  1              47  ---  Highest Average Long Term Temperature
0x05  0x048  1               0  ---  Lowest Average Long Term Temperature
0x05  0x050  4               0  ---  Time in Over-Temperature
0x05  0x058  1              70  ---  Specified Maximum Operating Temperature
0x05  0x060  4               0  ---  Time in Under-Temperature
0x05  0x068  1               0  ---  Specified Minimum Operating Temperature
 [ata pass-through(16): 85 09 0e 00 00 00 01 00 04 00 06 00 00 00 2f 00 ]
  scsi_status=0x0, host_status=0x0, driver_status=0x0
  info=0x0  duration=4 milliseconds  resid=0
  Incoming data, len=512 [only first 256 bytes shown]:
 00     01 00 06 00 00 00 00 00  04 00 00 00 00 00 00 c0
 10     02 00 00 00 00 00 00 c0  00 00 00 00 00 00 00 c0
 20     00 00 00 00 00 00 00 00  00 00 00 00 00 00 00 00
 30     00 00 00 00 00 00 00 00  00 00 00 00 00 00 00 00
 40     00 00 00 00 00 00 00 00  00 00 00 00 00 00 00 00
 50     00 00 00 00 00 00 00 00  00 00 00 00 00 00 00 00
 60     00 00 00 00 00 00 00 00  00 00 00 00 00 00 00 00
 70     00 00 00 00 00 00 00 00  00 00 00 00 00 00 00 00
 80     00 00 00 00 00 00 00 00  00 00 00 00 00 00 00 00
 90     00 00 00 00 00 00 00 00  00 00 00 00 00 00 00 00
 a0     00 00 00 00 00 00 00 00  00 00 00 00 00 00 00 00
 b0     00 00 00 00 00 00 00 00  00 00 00 00 00 00 00 00
 c0     00 00 00 00 00 00 00 00  00 00 00 00 00 00 00 00
 d0     00 00 00 00 00 00 00 00  00 00 00 00 00 00 00 00
 e0     00 00 00 00 00 00 00 00  00 00 00 00 00 00 00 00
 f0     00 00 00 00 00 00 00 00  00 00 00 00 00 00 00 00
0x06  =====  =               =  ===  == Transport Statistics (rev 1) ==
0x06  0x008  4               4  ---  Number of Hardware Resets
0x06  0x010  4               2  ---  Number of ASR Events
0x06  0x018  4               0  ---  Number of Interface CRC Errors
 [ata pass-through(16): 85 09 0e 00 00 00 01 00 04 00 07 00 00 00 2f 00 ]
  scsi_status=0x0, host_status=0x0, driver_status=0x0
  info=0x0  duration=0 milliseconds  resid=0
  Incoming data, len=512 [only first 256 bytes shown]:
 00     01 00 07 00 00 00 00 00  00 00 00 00 00 00 00 c0
 10     00 00 00 00 00 00 00 00  00 00 00 00 00 00 00 00
 20     00 00 00 00 00 00 00 00  00 00 00 00 00 00 00 00
 30     00 00 00 00 00 00 00 00  00 00 00 00 00 00 00 00
 40     00 00 00 00 00 00 00 00  00 00 00 00 00 00 00 00
 50     00 00 00 00 00 00 00 00  00 00 00 00 00 00 00 00
 60     00 00 00 00 00 00 00 00  00 00 00 00 00 00 00 00
 70     00 00 00 00 00 00 00 00  00 00 00 00 00 00 00 00
 80     00 00 00 00 00 00 00 00  00 00 00 00 00 00 00 00
 90     00 00 00 00 00 00 00 00  00 00 00 00 00 00 00 00
 a0     00 00 00 00 00 00 00 00  00 00 00 00 00 00 00 00
 b0     00 00 00 00 00 00 00 00  00 00 00 00 00 00 00 00
 c0     00 00 00 00 00 00 00 00  00 00 00 00 00 00 00 00
 d0     00 00 00 00 00 00 00 00  00 00 00 00 00 00 00 00
 e0     00 00 00 00 00 00 00 00  00 00 00 00 00 00 00 00
 f0     00 00 00 00 00 00 00 00  00 00 00 00 00 00 00 00
0x07  =====  =               =  ===  == Solid State Device Statistics (rev 1) ==
0x07  0x008  1               0  ---  Percentage Used Endurance Indicator
                                |||_ C monitored condition met
                                ||__ D supports DSN
                                |___ N normalized value

 [ata pass-through(16): 85 09 0e 00 00 00 01 00 11 00 00 00 00 00 2f 00 ]
  scsi_status=0x0, host_status=0x0, driver_status=0x0
  info=0x0  duration=0 milliseconds  resid=0
  Incoming data, len=512 [only first 256 bytes shown]:
 00     00 00 00 00 01 10 00 00  02 10 00 00 03 10 00 00
 10     04 10 00 00 05 10 00 00  06 10 00 00 07 10 00 00
 20     08 10 00 00 09 10 00 00  0a 10 03 00 0b 10 00 00
 30     0d 10 00 00 0f 10 00 00  10 10 00 00 12 10 00 00
 40     13 10 00 00 00 10 00 00  00 00 00 00 00 00 00 00
 50     00 00 00 00 00 00 00 00  00 00 00 00 00 00 00 00
 60     00 00 00 00 00 00 00 00  00 00 00 00 00 00 00 00
 70     00 00 00 00 00 00 00 00  00 00 00 00 00 00 00 00
 80     00 00 00 00 00 00 00 00  00 00 00 00 00 00 00 00
 90     00 00 00 00 00 00 00 00  00 00 00 00 00 00 00 00
 a0     00 00 00 00 00 00 00 00  00 00 00 00 00 00 00 00
 b0     00 00 00 00 00 00 00 00  00 00 00 00 00 00 00 00
 c0     00 00 00 00 00 00 00 00  00 00 00 00 00 00 00 00
 d0     00 00 00 00 00 00 00 00  00 00 00 00 00 00 00 00
 e0     00 00 00 00 00 00 00 00  00 00 00 00 00 00 00 00
 f0     00 00 00 00 00 00 00 00  00 00 00 00 00 00 00 00
SATA Phy Event Counters (GP Log 0x11)
ID      Size     Value  Description
0x0001  2            0  Command failed due to ICRC error
0x0002  2            0  R_ERR response for data FIS
0x0003  2            0  R_ERR response for device-to-host data FIS
0x0004  2            0  R_ERR response for host-to-device data FIS
0x0005  2            0  R_ERR response for non-data FIS
0x0006  2            0  R_ERR response for device-to-host non-data FIS
0x0007  2            0  R_ERR response for host-to-device non-data FIS
0x0008  2            0  Device-to-host non-data FIS retries
0x0009  2            0  Transition from drive PhyRdy to drive PhyNRdy
0x000a  2            3  Device-to-host register FISes sent due to a COMRESET
0x000b  2            0  CRC errors within host-to-device FIS
0x000d  2            0  Non-CRC errors within host-to-device FIS
0x000f  2            0  R_ERR response for host-to-device data FIS, CRC
0x0010  2            0  R_ERR response for host-to-device data FIS, non-CRC
0x0012  2            0  R_ERR response for host-to-device non-data FIS, CRC
0x0013  2            0  R_ERR response for host-to-device non-data FIS, non-CRC

