smartctl 6.2 2013-07-26 r3841 [x86_64-linux-3.2.0-4-amd64] (local build)
Copyright (C) 2002-13, Bruce Allen, Christian Franke, www.smartmontools.org

 [inquiry: 12 00 00 00 24 00 ]
  scsi_status=0x0, host_status=0x0, driver_status=0x0
  info=0x0  duration=0 milliseconds  resid=0
  Incoming data, len=36:
 00     00 00 00 00 23 00 00 00  57 44 43 20 57 44 31 30                        
 10     30 33 46 42 59 58 2d 30  31 59 37 42 32 20 20 20                        
 20     30 31 2e 30                                                             
/dev/sdg [SCSI]: Device open changed type from 'sat,auto' to 'scsi'
 [inquiry: 12 01 00 01 fc 00 ]
  scsi_status=0x2, host_status=0x0, driver_status=0x8
  info=0x1  duration=0 milliseconds  resid=508
  Incoming data trimmed to nothing by resid
  >>> Sense buffer, len=18:
 00     70 00 05 00 00 00 00 0a  00 00 00 00 24 00 00 00                        
 10     00 00                                                                   
  status=2: sense_key=5 asc=24 ascq=0
 [inquiry: 12 01 00 00 fc 00 ]
  scsi_status=0x2, host_status=0x0, driver_status=0x8
  info=0x1  duration=0 milliseconds  resid=252
  Incoming data trimmed to nothing by resid
  >>> Sense buffer, len=18:
 00     70 00 05 00 00 00 00 0a  00 00 00 00 24 00 00 00                        
 10     00 00                                                                   
  status=2: sense_key=5 asc=24 ascq=0
 [inquiry: 12 00 00 00 24 00 ]
  scsi_status=0x0, host_status=0x0, driver_status=0x0
  info=0x0  duration=0 milliseconds  resid=0
  Incoming data, len=36:
 00     00 00 00 00 23 00 00 00  57 44 43 20 57 44 31 30                        
 10     30 33 46 42 59 58 2d 30  31 59 37 42 32 20 20 20                        
 20     30 31 2e 30                                                             
=== START OF INFORMATION SECTION ===
Vendor:               WDC WD10
Product:              03FBYX-01Y7B2
Revision:             01.0
 [read capacity(10): 25 00 00 00 00 00 00 00 00 00 ]
  scsi_status=0x0, host_status=0x0, driver_status=0x0
  info=0x0  duration=0 milliseconds  resid=0
  Incoming data, len=8:
 00     74 70 6d af 00 00 02 00                                                 
User Capacity:        1,000,204,886,016 bytes [1.00 TB]
Logical block size:   512 bytes
 [mode sense(6): 1a 00 84 00 40 00 ]
  scsi_status=0x0, host_status=0x0, driver_status=0x0
  info=0x0  duration=0 milliseconds  resid=60
  Incoming data, len=4:
 00     03 00 00 00                                                             
scsiModePageOffset: response length too short, resp_len=4 offset=4 bd_len=0
 [mode sense(6): 1a 00 1c 00 40 00 ]
  scsi_status=0x0, host_status=0x0, driver_status=0x0
  info=0x0  duration=4 milliseconds  resid=60
  Incoming data, len=4:
 00     03 00 00 00                                                             
scsiModePageOffset: response length too short, resp_len=4 offset=4 bd_len=0
>> Terminate command early due to bad response to IEC mode page

=== START OF READ SMART DATA SECTION ===
 [log sense: 4d 00 40 00 00 00 00 00 04 00 ]
  scsi_status=0x2, host_status=0x0, driver_status=0x8
  info=0x1  duration=0 milliseconds  resid=4
  Incoming data trimmed to nothing by resid
  >>> Sense buffer, len=18:
 00     70 00 05 00 00 00 00 0a  00 00 00 00 20 00 00 00                        
 10     00 00                                                                   
  status=2: sense_key=5 asc=20 ascq=0
Log Sense for supported pages failed [unsupported scsi opcode]
 [request sense: 03 00 00 00 12 00 ]
  scsi_status=0x0, host_status=0x0, driver_status=0x0
  info=0x0  duration=0 milliseconds  resid=0
  Incoming data, len=18:
 00     70 00 00 00 00 00 00 0a  00 00 00 00 00 00 00 00                        
 10     00 00                                                                   

 [read defect list(12): b7 0c 00 00 00 00 00 00 00 08 00 00 ]
  scsi_status=0x2, host_status=0x0, driver_status=0x8
  info=0x1  duration=0 milliseconds  resid=8
  Incoming data trimmed to nothing by resid
  >>> Sense buffer, len=18:
 00     70 00 05 00 00 00 00 0a  00 00 00 00 20 00 00 00                        
 10     00 00                                                                   
  status=2: sense_key=5 asc=20 ascq=0
 [read defect list(10): 37 00 0c 00 00 00 00 00 04 00 ]
  scsi_status=0x2, host_status=0x0, driver_status=0x8
  info=0x1  duration=0 milliseconds  resid=4
  Incoming data trimmed to nothing by resid
  >>> Sense buffer, len=18:
 00     70 00 05 00 00 00 00 0a  00 00 00 00 20 00 00 00                        
 10     00 00                                                                   
  status=2: sense_key=5 asc=20 ascq=0
Read defect list (10) Failed: unsupported scsi opcode
Error Counter logging not supported

 [mode sense(6): 1a 00 0a 00 40 00 ]
  scsi_status=0x0, host_status=0x0, driver_status=0x0
  info=0x0  duration=4 milliseconds  resid=60
  Incoming data, len=4:
 00     03 00 00 00                                                             
scsiModePageOffset: response length too short, resp_len=4 offset=4 bd_len=0
Device does not support Self Test logging
