smartctl 6.5 2016-05-07 r4318 [x86_64-linux-4.1.5] (local build)
Copyright (C) 2002-16, Bruce Allen, Christian Franke, www.smartmontools.org

=== START OF INFORMATION SECTION ===
Device Model:     ST4000LM024-2AN17V
Serial Number:    WCK0****
LU WWN Device Id: 5 000c50 0a8173f67
Firmware Version: 0001
User Capacity:    4,000,787,030,016 bytes [4.00 TB]
Sector Sizes:     512 bytes logical, 4096 bytes physical
Rotation Rate:    5526 rpm
Form Factor:      2.5 inches
Device is:        Not in smartctl database [for details use: -P showall]
ATA Version is:   ACS-3 T13/2161-D revision 5
SATA Version is:  SATA 3.1, 6.0 Gb/s (current: 3.0 Gb/s)
Local Time is:    Sun Mar 12 15:14:00 2017 CET
SMART support is: Available - device has SMART capability.
SMART support is: Enabled
AAM feature is:   Unavailable
APM feature is:   Disabled
Rd look-ahead is: Enabled
Write cache is:   Enabled
ATA Security is:  Disabled, NOT FROZEN [SEC1]
Wt Cache Reorder: Unavailable

=== START OF READ SMART DATA SECTION ===
SMART overall-health self-assessment test result: PASSED

General SMART Values:
Offline data collection status:  (0x82)	Offline data collection activity
					was completed without error.
					Auto Offline Data Collection: Enabled.
Self-test execution status:      (   0)	The previous self-test routine completed
					without error or no self-test has ever 
					been run.
Total time to complete Offline 
data collection: 		(    0) seconds.
Offline data collection
capabilities: 			 (0x7b) SMART execute Offline immediate.
					Auto Offline data collection on/off support.
					Suspend Offline collection upon new
					command.
					Offline surface scan supported.
					Self-test supported.
					Conveyance Self-test supported.
					Selective Self-test supported.
SMART capabilities:            (0x0003)	Saves SMART data before entering
					power-saving mode.
					Supports SMART auto save timer.
Error logging capability:        (0x01)	Error logging supported.
					General Purpose Logging supported.
Short self-test routine 
recommended polling time: 	 (   1) minutes.
Extended self-test routine
recommended polling time: 	 ( 679) minutes.
Conveyance self-test routine
recommended polling time: 	 (   2) minutes.
SCT capabilities: 	       (0x30a5)	SCT Status supported.
					SCT Data Table supported.

SMART Attributes Data Structure revision number: 10
Vendor Specific SMART Attributes with Thresholds:
ID# ATTRIBUTE_NAME          FLAGS    VALUE WORST THRESH FAIL RAW_VALUE
  1 Raw_Read_Error_Rate     POSR--   082   064   006    -    145223616
  3 Spin_Up_Time            PO----   100   099   000    -    0
  4 Start_Stop_Count        -O--CK   100   100   020    -    16
  5 Reallocated_Sector_Ct   PO--CK   100   100   010    -    0
  7 Seek_Error_Rate         POSR--   075   060   045    -    33762740
  9 Power_On_Hours          -O--CK   100   100   000    -    547 (241 218 0)
 10 Spin_Retry_Count        PO--C-   100   100   097    -    0
 12 Power_Cycle_Count       -O--CK   100   100   020    -    16
183 Runtime_Bad_Block       -O--CK   099   099   000    -    1
184 End-to-End_Error        -O--CK   100   100   099    -    0
187 Reported_Uncorrect      -O--CK   100   100   000    -    0
188 Command_Timeout         -O--CK   100   099   000    -    4295032834
189 High_Fly_Writes         -O-RCK   100   100   000    -    0
190 Airflow_Temperature_Cel -O---K   072   050   040    -    28 (Min/Max 23/31)
191 G-Sense_Error_Rate      -O--CK   100   100   000    -    0
192 Power-Off_Retract_Count -O--CK   100   100   000    -    25
193 Load_Cycle_Count        -O--CK   100   100   000    -    47
194 Temperature_Celsius     -O---K   028   050   000    -    28 (0 18 0 0 0)
195 Hardware_ECC_Recovered  -O-RC-   082   064   000    -    145223616
197 Current_Pending_Sector  -O--C-   100   100   000    -    0
198 Offline_Uncorrectable   ----C-   100   100   000    -    0
199 UDMA_CRC_Error_Count    -OSRCK   200   200   000    -    0
240 Head_Flying_Hours       ------   100   253   000    -    452 (172 31 0)
241 Total_LBAs_Written      ------   100   253   000    -    44105988829
242 Total_LBAs_Read         ------   100   253   000    -    28879640478
254 Free_Fall_Sensor        -O--CK   100   100   000    -    0
                            ||||||_ K auto-keep
                            |||||__ C event count
                            ||||___ R error rate
                            |||____ S speed/performance
                            ||_____ O updated online
                            |______ P prefailure warning

General Purpose Log Directory Version 1
SMART           Log Directory Version 1 [multi-sector log support]
Address    Access  R/W   Size  Description
0x00       GPL,SL  R/O      1  Log Directory
0x01           SL  R/O      1  Summary SMART error log
0x02           SL  R/O      5  Comprehensive SMART error log
0x03       GPL     R/O      5  Ext. Comprehensive SMART error log
0x04       GPL,SL  R/O      8  Device Statistics log
0x06           SL  R/O      1  SMART self-test log
0x07       GPL     R/O      1  Extended self-test log
0x09           SL  R/W      1  Selective self-test log
0x0c       GPL     R/O   2048  Pending Defects log
0x10       GPL     R/O      1  SATA NCQ Queued Error log
0x11       GPL     R/O      1  SATA Phy Event Counters log
0x21       GPL     R/O      1  Write stream error log
0x22       GPL     R/O      1  Read stream error log
0x24       GPL     R/O    512  Current Device Internal Status Data log
0x30       GPL,SL  R/O      9  IDENTIFY DEVICE data log
0x80-0x9f  GPL,SL  R/W     16  Host vendor specific log
0xa1       GPL,SL  VS      24  Device vendor specific log
0xa2       GPL     VS    8160  Device vendor specific log
0xa8-0xa9  GPL,SL  VS     136  Device vendor specific log
0xab       GPL     VS       1  Device vendor specific log
0xb0       GPL     VS    9048  Device vendor specific log
0xbe-0xbf  GPL     VS   65535  Device vendor specific log
0xc0       GPL,SL  VS       1  Device vendor specific log
0xc1       GPL,SL  VS      16  Device vendor specific log
0xc3       GPL,SL  VS       8  Device vendor specific log
0xc4       GPL,SL  VS      24  Device vendor specific log
0xd1       GPL     VS     168  Device vendor specific log
0xd3       GPL     VS    1920  Device vendor specific log
0xe0       GPL,SL  R/W      1  SCT Command/Status
0xe1       GPL,SL  R/W      1  SCT Data Transfer

SMART Extended Comprehensive Error Log Version: 1 (5 sectors)
No Errors Logged

SMART Extended Self-test Log Version: 1 (1 sectors)
Num  Test_Description    Status                  Remaining  LifeTime(hours)  LBA_of_first_error
# 1  Extended offline    Completed without error       00%        10         -

SMART Selective self-test log data structure revision number 1
 SPAN  MIN_LBA  MAX_LBA  CURRENT_TEST_STATUS
    1        0        0  Not_testing
    2        0        0  Not_testing
    3        0        0  Not_testing
    4        0        0  Not_testing
    5        0        0  Not_testing
Selective self-test flags (0x0):
  After scanning selected spans, do NOT read-scan remainder of disk.
If Selective self-test is pending on power-up, resume after 0 minute delay.

SCT Status Version:                  3
SCT Version (vendor specific):       522 (0x020a)
SCT Support Level:                   1
Device State:                        Active (0)
Current Temperature:                    28 Celsius
Power Cycle Min/Max Temperature:     23/31 Celsius
Lifetime    Min/Max Temperature:     19/51 Celsius
Under/Over Temperature Limit Count:   0/0

SCT Temperature History Version:     2
Temperature Sampling Period:         3 minutes
Temperature Logging Interval:        59 minutes
Min/Max recommended Temperature:     14/55 Celsius
Min/Max Temperature Limit:           10/60 Celsius
Temperature History Size (Index):    128 (71)

Index    Estimated Time   Temperature Celsius
  72    2017-03-07 10:13    26  *******
  73    2017-03-07 11:12    26  *******
  74    2017-03-07 12:11    27  ********
  75    2017-03-07 13:10    26  *******
 ...    ..(  3 skipped).    ..  *******
  79    2017-03-07 17:06    26  *******
  80    2017-03-07 18:05    25  ******
  81    2017-03-07 19:04    26  *******
  82    2017-03-07 20:03    26  *******
  83    2017-03-07 21:02    23  ****
  84    2017-03-07 22:01    27  ********
  85    2017-03-07 23:00    27  ********
  86    2017-03-07 23:59    28  *********
  87    2017-03-08 00:58    26  *******
 ...    ..(  6 skipped).    ..  *******
  94    2017-03-08 07:51    26  *******
  95    2017-03-08 08:50    25  ******
  96    2017-03-08 09:49     ?  -
  97    2017-03-08 10:48    25  ******
  98    2017-03-08 11:47    27  ********
  99    2017-03-08 12:46    28  *********
 100    2017-03-08 13:45    27  ********
 ...    ..(  4 skipped).    ..  ********
 105    2017-03-08 18:40    27  ********
 106    2017-03-08 19:39    28  *********
 107    2017-03-08 20:38    28  *********
 108    2017-03-08 21:37    24  *****
 109    2017-03-08 22:36    27  ********
 110    2017-03-08 23:35    27  ********
 111    2017-03-09 00:34    28  *********
 ...    ..(  5 skipped).    ..  *********
 117    2017-03-09 06:28    28  *********
 118    2017-03-09 07:27    27  ********
 ...    ..(  2 skipped).    ..  ********
 121    2017-03-09 10:24    27  ********
 122    2017-03-09 11:23    25  ******
 123    2017-03-09 12:22    26  *******
 ...    ..(  2 skipped).    ..  *******
 126    2017-03-09 15:19    26  *******
 127    2017-03-09 16:18    25  ******
   0    2017-03-09 17:17    25  ******
   1    2017-03-09 18:16    26  *******
 ...    ..(  2 skipped).    ..  *******
   4    2017-03-09 21:13    26  *******
   5    2017-03-09 22:12    27  ********
 ...    ..(  2 skipped).    ..  ********
   8    2017-03-10 01:09    27  ********
   9    2017-03-10 02:08    26  *******
 ...    ..(  5 skipped).    ..  *******
  15    2017-03-10 08:02    26  *******
  16    2017-03-10 09:01    30  ***********
  17    2017-03-10 10:00    31  ************
  18    2017-03-10 10:59    30  ***********
 ...    ..(  2 skipped).    ..  ***********
  21    2017-03-10 13:56    30  ***********
  22    2017-03-10 14:55    29  **********
  23    2017-03-10 15:54    27  ********
 ...    ..(  3 skipped).    ..  ********
  27    2017-03-10 19:50    27  ********
  28    2017-03-10 20:49    24  *****
  29    2017-03-10 21:48    26  *******
  30    2017-03-10 22:47    26  *******
  31    2017-03-10 23:46    29  **********
  32    2017-03-11 00:45    28  *********
  33    2017-03-11 01:44    28  *********
  34    2017-03-11 02:43    27  ********
 ...    ..(  3 skipped).    ..  ********
  38    2017-03-11 06:39    27  ********
  39    2017-03-11 07:38    26  *******
  40    2017-03-11 08:37    25  ******
  41    2017-03-11 09:36    26  *******
  42    2017-03-11 10:35    26  *******
  43    2017-03-11 11:34    26  *******
  44    2017-03-11 12:33    25  ******
  45    2017-03-11 13:32    26  *******
 ...    ..(  3 skipped).    ..  *******
  49    2017-03-11 17:28    26  *******
  50    2017-03-11 18:27    24  *****
  51    2017-03-11 19:26    26  *******
  52    2017-03-11 20:25    28  *********
  53    2017-03-11 21:24    31  ************
  54    2017-03-11 22:23    30  ***********
 ...    ..(  2 skipped).    ..  ***********
  57    2017-03-12 01:20    30  ***********
  58    2017-03-12 02:19    31  ************
  59    2017-03-12 03:18    30  ***********
  60    2017-03-12 04:17    30  ***********
  61    2017-03-12 05:16    29  **********
  62    2017-03-12 06:15    27  ********
 ...    ..(  5 skipped).    ..  ********
  68    2017-03-12 12:09    27  ********
  69    2017-03-12 13:08    28  *********
  70    2017-03-12 14:07    28  *********
  71    2017-03-12 15:06    28  *********

SCT Error Recovery Control command not supported

Device Statistics (GP Log 0x04)
Page  Offset Size        Value Flags Description
0x01  =====  =               =  ===  == General Statistics (rev 1) ==
0x01  0x008  4              16  ---  Lifetime Power-On Resets
0x01  0x010  4             547  ---  Power-on Hours
0x01  0x018  6     44105988829  ---  Logical Sectors Written
0x01  0x020  6        41512592  ---  Number of Write Commands
0x01  0x028  6     28879640478  ---  Logical Sectors Read
0x01  0x030  6        27727580  ---  Number of Read Commands
0x01  0x038  6               -  ---  Date and Time TimeStamp
0x03  =====  =               =  ===  == Rotating Media Statistics (rev 1) ==
0x03  0x008  4             546  ---  Spindle Motor Power-on Hours
0x03  0x010  4              23  ---  Head Flying Hours
0x03  0x018  4              47  ---  Head Load Events
0x03  0x020  4               0  ---  Number of Reallocated Logical Sectors
0x03  0x028  4               0  ---  Read Recovery Attempts
0x03  0x030  4               0  ---  Number of Mechanical Start Failures
0x03  0x038  4               0  ---  Number of Realloc. Candidate Logical Sectors
0x03  0x040  4              26  ---  Number of High Priority Unload Events
0x04  =====  =               =  ===  == General Errors Statistics (rev 1) ==
0x04  0x008  4               0  ---  Number of Reported Uncorrectable Errors
0x04  0x010  4               2  ---  Resets Between Cmd Acceptance and Completion
0x05  =====  =               =  ===  == Temperature Statistics (rev 1) ==
0x05  0x008  1              28  ---  Current Temperature
0x05  0x010  1              28  ---  Average Short Term Temperature
0x05  0x018  1               -  ---  Average Long Term Temperature
0x05  0x020  1              50  ---  Highest Temperature
0x05  0x028  1              21  ---  Lowest Temperature
0x05  0x030  1              46  ---  Highest Average Short Term Temperature
0x05  0x038  1              26  ---  Lowest Average Short Term Temperature
0x05  0x040  1               -  ---  Highest Average Long Term Temperature
0x05  0x048  1               -  ---  Lowest Average Long Term Temperature
0x05  0x050  4               0  ---  Time in Over-Temperature
0x05  0x058  1              55  ---  Specified Maximum Operating Temperature
0x05  0x060  4               0  ---  Time in Under-Temperature
0x05  0x068  1              13  ---  Specified Minimum Operating Temperature
0x06  =====  =               =  ===  == Transport Statistics (rev 1) ==
0x06  0x008  4              27  ---  Number of Hardware Resets
0x06  0x010  4               4  ---  Number of ASR Events
0x06  0x018  4               0  ---  Number of Interface CRC Errors
                                |||_ C monitored condition met
                                ||__ D supports DSN
                                |___ N normalized value

SATA Phy Event Counters (GP Log 0x11)
ID      Size     Value  Description
0x000a  2           15  Device-to-host register FISes sent due to a COMRESET
0x0001  2            0  Command failed due to ICRC error
0x0003  2            0  R_ERR response for device-to-host data FIS
0x0004  2            0  R_ERR response for host-to-device data FIS
0x0006  2            0  R_ERR response for device-to-host non-data FIS
0x0007  2            0  R_ERR response for host-to-device non-data FIS

