2014/12/19 20:19:54 INFO  - jmeter.util.JMeterUtils: Setting Locale to en_US 
2014/12/19 20:19:54 INFO  - jmeter.JMeter: Loading user properties from: /usr/local/Cellar/jmeter/2.12/libexec/bin/user.properties 
2014/12/19 20:19:54 INFO  - jmeter.JMeter: Loading system properties from: /usr/local/Cellar/jmeter/2.12/libexec/bin/system.properties 
2014/12/19 20:19:54 INFO  - jmeter.JMeter: Copyright (c) 1998-2014 The Apache Software Foundation 
2014/12/19 20:19:54 INFO  - jmeter.JMeter: Version 2.12 r1636949 
2014/12/19 20:19:54 INFO  - jmeter.JMeter: java.version=1.8.0_25 
2014/12/19 20:19:54 INFO  - jmeter.JMeter: java.vm.name=Java HotSpot(TM) 64-Bit Server VM 
2014/12/19 20:19:54 INFO  - jmeter.JMeter: os.name=Mac OS X 
2014/12/19 20:19:54 INFO  - jmeter.JMeter: os.arch=x86_64 
2014/12/19 20:19:54 INFO  - jmeter.JMeter: os.version=10.10.1 
2014/12/19 20:19:54 INFO  - jmeter.JMeter: file.encoding=UTF-8 
2014/12/19 20:19:54 INFO  - jmeter.JMeter: Default Locale=English (United States) 
2014/12/19 20:19:54 INFO  - jmeter.JMeter: JMeter  Locale=English (United States) 
2014/12/19 20:19:54 INFO  - jmeter.JMeter: JMeterHome=/usr/local/Cellar/jmeter/2.12/libexec 
2014/12/19 20:19:54 INFO  - jmeter.JMeter: user.dir  =/Users/asamorukov/Desktop 
2014/12/19 20:19:54 INFO  - jmeter.JMeter: PWD       =/Users/asamorukov/Desktop 
2014/12/19 20:19:54 INFO  - jmeter.JMeter: IP: 192.168.101.144 Name: LM-PRG-00963913 FullName: 192.168.101.144 
2014/12/19 20:19:54 INFO  - jmeter.JMeter: Loaded icon properties from org/apache/jmeter/images/icon.properties 
2014/12/19 20:19:55 INFO  - jmeter.engine.util.CompoundVariable: Note: Function class names must contain the string: '.functions.' 
2014/12/19 20:19:55 INFO  - jmeter.engine.util.CompoundVariable: Note: Function class names must not contain the string: '.gui.' 
2014/12/19 20:19:55 INFO  - jmeter.gui.action.LookAndFeelCommand: Using look and feel: com.apple.laf.AquaLookAndFeel [Mac OS X, System] 
2014/12/19 20:19:56 INFO  - jmeter.JMeter: Loading file: benchmark-generic_4b.jmx 
2014/12/19 20:19:56 INFO  - jmeter.services.FileServer: Default base='/Users/asamorukov/Desktop' 
2014/12/19 20:19:56 INFO  - jmeter.services.FileServer: Set new base='/Users/asamorukov/Desktop' 
2014/12/19 20:19:56 INFO  - jmeter.util.BSFTestElement: Registering JMeter version of JavaScript engine as work-round for BSF-22 
2014/12/19 20:19:56 INFO  - jmeter.save.SaveService: Testplan (JMX) version: 2.2. Testlog (JTL) version: 2.2 
2014/12/19 20:19:56 INFO  - jmeter.save.SaveService: Using SaveService properties file encoding UTF-8 
2014/12/19 20:19:56 INFO  - jmeter.save.SaveService: Using SaveService properties version 2.7 
2014/12/19 20:19:56 INFO  - jmeter.save.SaveService: Using SaveService properties file version 1618048 
2014/12/19 20:19:56 INFO  - jmeter.save.SaveService: All converter versions present and correct 
2014/12/19 20:19:56 INFO  - jmeter.protocol.http.control.CookieManager: Settings: Delete null: true Check: true Allow variable: true Save: false Prefix: COOKIE_ 
2014/12/19 20:19:56 INFO  - jmeter.protocol.http.sampler.HTTPSamplerBase: Cannot find .className property for htmlParser, using default 
2014/12/19 20:19:56 INFO  - jmeter.protocol.http.sampler.HTTPSamplerBase: Parser for text/html is  
2014/12/19 20:19:56 INFO  - jmeter.protocol.http.sampler.HTTPSamplerBase: Parser for application/xhtml+xml is  
2014/12/19 20:19:56 INFO  - jmeter.protocol.http.sampler.HTTPSamplerBase: Parser for application/xml is  
2014/12/19 20:19:56 INFO  - jmeter.protocol.http.sampler.HTTPSamplerBase: Parser for text/xml is  
2014/12/19 20:19:56 INFO  - jmeter.protocol.http.sampler.HTTPSamplerBase: Parser for text/vnd.wap.wml is org.apache.jmeter.protocol.http.parser.RegexpHTMLParser 
2014/12/19 20:19:56 INFO  - jmeter.gui.util.MenuFactory: Skipping org.apache.jmeter.protocol.http.control.gui.WebServiceSamplerGui 
2014/12/19 20:19:56 INFO  - jmeter.gui.util.MenuFactory: Skipping org.apache.jmeter.protocol.http.modifier.gui.ParamModifierGui 
2014/12/19 20:19:56 ERROR - jmeter.save.SaveService: Conversion error com.thoughtworks.xstream.converters.ConversionException: kg.apc.jmeter.vizualizers.CorrectedResultCollector : kg.apc.jmeter.vizualizers.CorrectedResultCollector
---- Debugging information ----
message             : kg.apc.jmeter.vizualizers.CorrectedResultCollector
cause-exception     : com.thoughtworks.xstream.mapper.CannotResolveClassException
cause-message       : kg.apc.jmeter.vizualizers.CorrectedResultCollector
class               : org.apache.jorphan.collections.ListedHashTree
required-type       : org.apache.jorphan.collections.ListedHashTree
converter-type      : org.apache.jmeter.save.converters.HashTreeConverter
path                : /jmeterTestPlan/hashTree/hashTree/kg.apc.jmeter.vizualizers.CorrectedResultCollector
line number         : 4761
------------------------------- : kg.apc.jmeter.vizualizers.CorrectedResultCollector : kg.apc.jmeter.vizualizers.CorrectedResultCollector
---- Debugging information ----
message             : kg.apc.jmeter.vizualizers.CorrectedResultCollector
cause-exception     : com.thoughtworks.xstream.mapper.CannotResolveClassException
cause-message       : kg.apc.jmeter.vizualizers.CorrectedResultCollector
class               : org.apache.jorphan.collections.ListedHashTree
required-type       : org.apache.jorphan.collections.ListedHashTree
converter-type      : org.apache.jmeter.save.converters.HashTreeConverter
path                : /jmeterTestPlan/hashTree/hashTree/kg.apc.jmeter.vizualizers.CorrectedResultCollector
line number         : 4761
-------------------------------
message             : kg.apc.jmeter.vizualizers.CorrectedResultCollector : kg.apc.jmeter.vizualizers.CorrectedResultCollector
---- Debugging information ----
message             : kg.apc.jmeter.vizualizers.CorrectedResultCollector
cause-exception     : com.thoughtworks.xstream.mapper.CannotResolveClassException
cause-message       : kg.apc.jmeter.vizualizers.CorrectedResultCollector
class               : org.apache.jorphan.collections.ListedHashTree
required-type       : org.apache.jorphan.collections.ListedHashTree
converter-type      : org.apache.jmeter.save.converters.HashTreeConverter
path                : /jmeterTestPlan/hashTree/hashTree/kg.apc.jmeter.vizualizers.CorrectedResultCollector
line number         : 4761
-------------------------------
cause-exception     : com.thoughtworks.xstream.converters.ConversionException
cause-message       : kg.apc.jmeter.vizualizers.CorrectedResultCollector : kg.apc.jmeter.vizualizers.CorrectedResultCollector
first-jmeter-class  : org.apache.jmeter.save.converters.HashTreeConverter.unmarshal(HashTreeConverter.java:65)
class               : org.apache.jmeter.save.ScriptWrapper
required-type       : org.apache.jorphan.collections.ListedHashTree
converter-type      : org.apache.jmeter.save.ScriptWrapperConverter
path                : /jmeterTestPlan/hashTree/hashTree/kg.apc.jmeter.vizualizers.CorrectedResultCollector
line number         : 4761
version             : 2.12 r1636949
------------------------------- 
2014/12/19 20:19:56 INFO  - jmeter.services.FileServer: Set new base='/Users/asamorukov/Desktop' 
2014/12/19 20:19:56 ERROR - jmeter.JMeter: Failure loading test file org.apache.jmeter.exceptions.IllegalUserActionException: Empty TestPlan or error reading test plan - see log file
	at org.apache.jmeter.gui.action.Load.insertLoadedTree(Load.java:175)
	at org.apache.jmeter.gui.action.Load.insertLoadedTree(Load.java:235)
	at org.apache.jmeter.JMeter.startGui(JMeter.java:250)
	at org.apache.jmeter.JMeter.start(JMeter.java:380)
	at sun.reflect.NativeMethodAccessorImpl.invoke0(Native Method)
	at sun.reflect.NativeMethodAccessorImpl.invoke(NativeMethodAccessorImpl.java:62)
	at sun.reflect.DelegatingMethodAccessorImpl.invoke(DelegatingMethodAccessorImpl.java:43)
	at java.lang.reflect.Method.invoke(Method.java:483)
	at org.apache.jmeter.NewDriver.main(NewDriver.java:259)

2014/12/19 20:19:56 INFO  - jorphan.exec.KeyToolUtils: keytool found at 'keytool' 
2014/12/19 20:19:56 INFO  - jmeter.protocol.http.proxy.ProxyControl: HTTP(S) Test Script Recorder SSL Proxy will use keys that support embedded 3rd party resources in file /usr/local/Cellar/jmeter/2.12/libexec/bin/proxyserver.jks 
2014/12/19 20:19:57 INFO  - jmeter.samplers.SampleResult: Note: Sample TimeStamps are START times 
2014/12/19 20:19:57 INFO  - jmeter.samplers.SampleResult: sampleresult.default.encoding is set to ISO-8859-1 
2014/12/19 20:19:57 INFO  - jmeter.samplers.SampleResult: sampleresult.useNanoTime=true 
2014/12/19 20:19:57 INFO  - jmeter.samplers.SampleResult: sampleresult.nanoThreadSleep=5000 
