********************** Disk ACTIVE **********************

C:\>smartctl -r ioctl,2 -n standby -d ata -i sdc
smartctl 6.3 2014-07-26 r3976 [x86_64-w64-mingw32-win7-sp1] (sf-6.3-1)
Copyright (C) 2002-14, Bruce Allen, Christian Franke, www.smartmontools.org

\\.\PhysicalDrive2: successfully opened

REPORT-IOCTL: Device=sdc Command=CHECK POWER MODE
 Input:   FR=...., SC=...., LL=...., LM=...., LH=...., DEV=...., CMD=0xe5
  GetDevicePowerState() succeeded, state=1
  IOCTL_ATA_PASS_THROUGH suceeded, bytes returned: 48
    Input : CMD=0xe5, FR=0x00, SC=0x00, SN=0x00, CL=0x00, CH=0x00, SEL=0x00
    Output: STS=0x50,ERR=0x00, SC=0xff, SN=0x00, CL=0x00, CH=0x00, SEL=0xe0
 [Duration: 0.001s]
 Output: ERR=0x00, SC=0xff, LL=0x00, LM=0x00, LH=0x00, DEV=0xe0, STS=0x50
REPORT-IOCTL: Device=sdc Command=CHECK POWER MODE returned 0
Sector Count Register (BASE-16): ff

REPORT-IOCTL: Device=sdc Command=IDENTIFY DEVICE
 Input:   FR=...., SC=0x01, LL=...., LM=...., LH=...., DEV=...., CMD=0xec IN
  IOCTL_ATA_PASS_THROUGH suceeded, bytes returned: 564
    Input : CMD=0xec, FR=0x00, SC=0x01, SN=0x00, CL=0x00, CH=0x00, SEL=0x00
    Output: STS=0x50,ERR=0x00, SC=0xff, SN=0x00, CL=0x00, CH=0x00, SEL=0xe0
 [Duration: 0.002s]
 Output: ERR=0x00, SC=0xff, LL=0x00, LM=0x00, LH=0x00, DEV=0xe0, STS=0x50
REPORT-IOCTL: Device=sdc Command=IDENTIFY DEVICE returned 0

===== [IDENTIFY DEVICE] DATA START (BASE-16) =====
000-015: 5a 0c ff 3f 37 c8 10 00 00 00 00 00 3f 00 00 00 |Z..?7.......?...|
016-031: 00 00 00 00 20 20 20 20 20 20 20 20 20 20 20 20 |....            |
032-047: 56 39 32 53 37 37 56 4a 00 00 00 00 04 00 43 43 |V92S77VJ......CC|
048-063: 48 31 20 20 20 20 54 53 31 33 30 35 33 30 31 34 |H1    TS13053014|
064-079: 53 41 20 20 20 20 20 20 20 20 20 20 20 20 20 20 |SA              |
080-095: 20 20 20 20 20 20 20 20 20 20 20 20 20 20 10 80 |              ..|
096-111: 00 00 00 2f 00 40 00 02 00 02 07 00 ff 3f 10 00 |.../.@.......?..|
112-127: 3f 00 10 fc fb 00 10 01 ff ff ff 0f 00 00 07 00 |?...............|
128-143: 03 00 78 00 78 00 78 00 78 00 00 00 00 00 00 00 |..x.x.x.x.......|
144-159: 00 00 00 00 00 00 1f 00 06 05 00 00 48 00 40 00 |............H.@.|
160-175: f0 01 29 00 6b 34 01 7f 63 41 69 34 01 be 63 41 |..).k4..cAi4..cA|
176-191: 7f 20 81 00 81 00 00 00 fe ff 00 00 00 fe 00 00 |. ..............|
192-207: 00 00 00 00 00 00 00 00 ef 72 a8 ae 00 00 00 00 |.........r......|
208-223: 00 00 00 00 00 00 00 00 00 50 00 c5 1e 15 68 fa |.........P....h.|
224-239: 00 00 00 00 00 00 00 00 00 00 00 00 00 00 1e 40 |...............@|
240-255: 1c 40 00 00 00 00 00 00 00 00 00 00 00 00 00 00 |.@..............|
256-271: 29 00 30 7b a8 ae 30 7b a8 ae 20 20 02 00 40 01 |).0{..0{..  ..@.|
272-287: 00 01 00 50 06 3c 0a 3c 00 00 3c 00 00 00 08 00 |...P.<.<..<.....|
288-303: 00 00 00 00 0f 00 80 02 00 00 00 00 0a 00 00 00 |................|
304-319: 00 00 00 00 00 00 00 00 00 00 00 00 00 2d 00 80 |.............-..|
320-335: 00 00 00 00 00 00 00 00 00 00 00 00 00 00 00 00 |................|
336-351: 00 00 00 00 00 00 00 00 00 00 00 00 00 00 00 00 |................|
352-367: 00 00 00 00 00 00 00 00 00 00 00 00 00 00 00 00 |................|
368-383: 00 00 00 00 00 00 00 00 00 00 00 00 00 00 00 00 |................|
384-399: 00 00 00 00 00 00 00 00 00 00 00 00 00 00 00 00 |................|
400-415: 00 00 00 00 00 00 00 00 00 00 00 00 3f 10 00 00 |............?...|
416-431: 00 00 00 00 00 00 00 00 00 00 00 00 00 00 00 00 |................|
432-447: 00 00 20 1c 00 00 00 00 00 00 00 00 10 10 00 00 |.. .............|
448-463: 00 00 00 00 00 00 00 00 00 00 00 00 00 00 00 00 |................|
464-479: 00 00 00 00 00 00 00 00 00 00 00 00 00 00 00 00 |................|
480-495: 00 00 00 00 00 00 00 00 00 00 00 00 00 00 00 00 |................|
496-511: 00 00 00 00 00 00 00 00 00 00 00 00 00 00 a5 4f |...............O|
===== [IDENTIFY DEVICE] DATA END (512 Bytes) =====

=== START OF INFORMATION SECTION ===
Model Family:     Seagate Barracuda 7200.11
Device Model:     ST31500341AS
Serial Number:    9VS277JV
LU WWN Device Id: 5 000c50 0151efa68
Firmware Version: CC1H
User Capacity:    1.500.300.828.160 bytes [1,50 TB]
Sector Size:      512 bytes logical/physical
Rotation Rate:    7200 rpm
Device is:        In smartctl database [for details use: -P show]
ATA Version is:   ATA8-ACS T13/1699-D revision 4
SATA Version is:  SATA 2.6, 3.0 Gb/s
Local Time is:    Sun Jan 18 16:03:53 2015
SMART support is: Available - device has SMART capability.
SMART support is: Enabled
Power mode is:    ACTIVE or IDLE


********************** Disk IN STANDBY **********************

C:\>smartctl -r ioctl,2 -n standby -d ata -i sdc
smartctl 6.3 2014-07-26 r3976 [x86_64-w64-mingw32-win7-sp1] (sf-6.3-1)
Copyright (C) 2002-14, Bruce Allen, Christian Franke, www.smartmontools.org

\\.\PhysicalDrive2: successfully opened

REPORT-IOCTL: Device=sdc Command=CHECK POWER MODE
 Input:   FR=...., SC=...., LL=...., LM=...., LH=...., DEV=...., CMD=0xe5
  GetDevicePowerState() succeeded, state=1
  IOCTL_ATA_PASS_THROUGH suceeded, bytes returned: 48
    Input : CMD=0xe5, FR=0x00, SC=0x00, SN=0x00, CL=0x00, CH=0x00, SEL=0x00
    Output: STS=0x50,ERR=0x00, SC=0x00, SN=0x00, CL=0x00, CH=0x00, SEL=0xe0
 [Duration: 0.002s]
 Output: ERR=0x00, SC=0x00, LL=0x00, LM=0x00, LH=0x00, DEV=0xe0, STS=0x50
REPORT-IOCTL: Device=sdc Command=CHECK POWER MODE returned 0
Sector Count Register (BASE-16): 00
Device is in STANDBY mode, exit(2)


********************** Disk IN STANDBY (but Windows thinks it is not) **********************

C:\>smartctl -r ioctl,2 -n standby -d ata -i sdc
smartctl 6.3 2014-07-26 r3976 [x86_64-w64-mingw32-win7-sp1] (sf-6.3-1)
Copyright (C) 2002-14, Bruce Allen, Christian Franke, www.smartmontools.org

\\.\PhysicalDrive2: successfully opened

REPORT-IOCTL: Device=sdc Command=CHECK POWER MODE
 Input:   FR=...., SC=...., LL=...., LM=...., LH=...., DEV=...., CMD=0xe5
  GetDevicePowerState() succeeded, state=1
  IOCTL_ATA_PASS_THROUGH suceeded, bytes returned: 48
    Input : CMD=0xe5, FR=0x00, SC=0x00, SN=0x00, CL=0x00, CH=0x00, SEL=0x00
    Output: STS=0x50,ERR=0x00, SC=0x00, SN=0x00, CL=0x00, CH=0x00, SEL=0xe0
 [Duration: 0.002s]
 Output: ERR=0x00, SC=0x00, LL=0x00, LM=0x00, LH=0x00, DEV=0xe0, STS=0x50
REPORT-IOCTL: Device=sdc Command=CHECK POWER MODE returned 0
Sector Count Register (BASE-16): 00
Device is in STANDBY mode, exit(2)
