smartctl 5.39 2009-12-09 r2995 [i686-pc-mingw32-xp-sp3] (sf-win32-5.39-1)
Copyright (C) 2002-9 by Bruce Allen, http://smartmontools.sourceforge.net

=== START OF INFORMATION SECTION ===
Device Model:     Hitachi HTS723225L9A360
Serial Number:    090119FC1D20NJG3A1RD
Firmware Version: FCDOC30F
User Capacity:    250,059,350,016 bytes
Device is:        Not in smartctl database [for details use: -P showall]
ATA Version is:   8
ATA Standard is:  ATA-8-ACS revision 3f
Local Time is:    Fri Dec 18 08:37:36 2009 CST
SMART support is: Available - device has SMART capability.
                  Enabled status cached by OS, trying SMART RETURN STATUS cmd.
SMART support is: Enabled

=== START OF READ SMART DATA SECTION ===
SMART overall-health self-assessment test result: PASSED

General SMART Values:
Offline data collection status:  (0x82)	Offline data collection activity
					was completed without error.
					Auto Offline Data Collection: Enabled.
Self-test execution status:      (   0)	The previous self-test routine completed
					without error or no self-test has ever 
					been run.
Total time to complete Offline 
data collection: 		 ( 645) seconds.
Offline data collection
capabilities: 			 (0x5b) SMART execute Offline immediate.
					Auto Offline data collection on/off support.
					Suspend Offline collection upon new
					command.
					Offline surface scan supported.
					Self-test supported.
					No Conveyance Self-test supported.
					Selective Self-test supported.
SMART capabilities:            (0x0003)	Saves SMART data before entering
					power-saving mode.
					Supports SMART auto save timer.
Error logging capability:        (0x01)	Error logging supported.
					General Purpose Logging supported.
Short self-test routine 
recommended polling time: 	 (   2) minutes.
Extended self-test routine
recommended polling time: 	 (  83) minutes.
SCT capabilities: 	       (0x003d)	SCT Status supported.
					SCT Feature Control supported.
					SCT Data Table supported.

SMART Attributes Data Structure revision number: 16
Vendor Specific SMART Attributes with Thresholds:
ID# ATTRIBUTE_NAME          FLAG     VALUE WORST THRESH TYPE      UPDATED  WHEN_FAILED RAW_VALUE
  1 Raw_Read_Error_Rate     0x000b   100   100   062    Pre-fail  Always       -       0
  2 Throughput_Performance  0x0005   117   117   040    Pre-fail  Offline      -       3337
  3 Spin_Up_Time            0x0007   219   219   033    Pre-fail  Always       -       2
  4 Start_Stop_Count        0x0012   100   100   000    Old_age   Always       -       203
  5 Reallocated_Sector_Ct   0x0033   100   100   005    Pre-fail  Always       -       0
  7 Seek_Error_Rate         0x000b   100   100   067    Pre-fail  Always       -       0
  8 Seek_Time_Performance   0x0005   113   113   040    Pre-fail  Offline      -       35
  9 Power_On_Hours          0x0012   086   086   000    Old_age   Always       -       6165
 10 Spin_Retry_Count        0x0013   100   100   060    Pre-fail  Always       -       0
 12 Power_Cycle_Count       0x0032   100   100   000    Old_age   Always       -       166
191 G-Sense_Error_Rate      0x000a   100   100   000    Old_age   Always       -       0
192 Power-Off_Retract_Count 0x0032   100   100   000    Old_age   Always       -       125042697
193 Load_Cycle_Count        0x0012   075   075   000    Old_age   Always       -       258669
194 Temperature_Celsius     0x0002   166   166   000    Old_age   Always       -       33 (Lifetime Min/Max 14/45)
196 Reallocated_Event_Count 0x0032   100   100   000    Old_age   Always       -       0
197 Current_Pending_Sector  0x0022   100   100   000    Old_age   Always       -       0
198 Offline_Uncorrectable   0x0008   100   100   000    Old_age   Offline      -       0
199 UDMA_CRC_Error_Count    0x000a   200   200   000    Old_age   Always       -       0
223 Load_Retry_Count        0x000a   100   100   000    Old_age   Always       -       0

SMART Error Log Version: 1
No Errors Logged

SMART Self-test log structure revision number 1
Num  Test_Description    Status                  Remaining  LifeTime(hours)  LBA_of_first_error
# 1  Short offline       Completed without error       00%      6158         -
# 2  Short offline       Completed without error       00%      6134         -
# 3  Short offline       Completed without error       00%      6110         -
# 4  Short offline       Completed without error       00%      6086         -
# 5  Short offline       Completed without error       00%      6063         -
# 6  Short offline       Completed without error       00%      6038         -
# 7  Extended offline    Completed without error       00%      6017         -
# 8  Short offline       Completed without error       00%      6014         -
# 9  Short offline       Completed without error       00%      5990         -
#10  Short offline       Completed without error       00%      5966         -
#11  Short offline       Completed without error       00%      5942         -
#12  Short offline       Completed without error       00%      5942         -
#13  Short offline       Completed without error       00%      5918         -
#14  Short offline       Completed without error       00%      5894         -
#15  Short offline       Completed without error       00%      5870         -
#16  Short offline       Completed without error       00%      5870         -
#17  Short offline       Completed without error       00%      5870         -
#18  Extended offline    Completed without error       00%      5848         -
#19  Short offline       Completed without error       00%      5846         -
#20  Short offline       Completed without error       00%      5846         -
#21  Short offline       Completed without error       00%      5846         -

SMART Selective self-test log data structure revision number 1
 SPAN  MIN_LBA  MAX_LBA  CURRENT_TEST_STATUS
    1        0        0  Not_testing
    2        0        0  Not_testing
    3        0        0  Not_testing
    4        0        0  Not_testing
    5        0        0  Not_testing
Selective self-test flags (0x0):
  After scanning selected spans, do NOT read-scan remainder of disk.
If Selective self-test is pending on power-up, resume after 0 minute delay.

