smartctl 7.3 2022-02-28 r5338 [i686-w64-mingw32-win7-sp1(64)] (sf-7.3-1)
Copyright (C) 2002-22, Bruce Allen, Christian Franke, www.smartmontools.org

=== START OF INFORMATION SECTION ===
Device Model:     #DI LCB0D #DFULCB0D0033
Serial Number:    75UECBGIT
LU WWN Device Id: 5 000039 66398a103
Firmware Version: AM001K
User Capacity:    320,072,933,376 bytes [320 GB]
Sector Sizes:     512 bytes logical, 4096 bytes physical
Rotation Rate:    5400 rpm
Form Factor:      2.5 inches
Device is:        Not in smartctl database 7.3/5319
ATA Version is:   ATA8-ACS (minor revision not indicated)
SATA Version is:  SATA 2.6, 3.0 Gb/s (current: 3.0 Gb/s)
Local Time is:    Thu Jul 21 12:24:33 2022 CDT
SMART support is: Available - device has SMART capability.
SMART support is: Enabled
AAM feature is:   Unavailable
APM level is:     128 (minimum power consumption without standby)
Rd look-ahead is: Enabled
Write cache is:   Enabled
DSN feature is:   Unavailable
ATA Security is:  Disabled, NOT FROZEN [SEC1]
Wt Cache Reorder: Enabled

=== START OF READ SMART DATA SECTION ===
SMART overall-health self-assessment test result: PASSED

General SMART Values:
Offline data collection status:  (0x00)	Offline data collection activity
					was never started.
					Auto Offline Data Collection: Disabled.
Self-test execution status:      (   0)	The previous self-test routine completed
					without error or no self-test has ever 
					been run.
Total time to complete Offline 
data collection: 		(  120) seconds.
Offline data collection
capabilities: 			 (0x5b) SMART execute Offline immediate.
					Auto Offline data collection on/off support.
					Suspend Offline collection upon new
					command.
					Offline surface scan supported.
					Self-test supported.
					No Conveyance Self-test supported.
					Selective Self-test supported.
SMART capabilities:            (0x0003)	Saves SMART data before entering
					power-saving mode.
					Supports SMART auto save timer.
Error logging capability:        (0x01)	Error logging supported.
					General Purpose Logging supported.
Short self-test routine 
recommended polling time: 	 (   2) minutes.
Extended self-test routine
recommended polling time: 	 (  69) minutes.
SCT capabilities: 	       (0x003d)	SCT Status supported.
					SCT Error Recovery Control supported.
					SCT Feature Control supported.
					SCT Data Table supported.

SMART Attributes Data Structure revision number: 16
Vendor Specific SMART Attributes with Thresholds:
ID# ATTRIBUTE_NAME          FLAGS    VALUE WORST THRESH FAIL RAW_VALUE
  1 Raw_Read_Error_Rate     PO-R--   100   100   050    -    0
  2 Throughput_Performance  P-S---   100   100   050    -    0
  3 Spin_Up_Time            POS--K   100   100   001    -    1356
  4 Start_Stop_Count        -O--CK   100   100   000    -    1292
  5 Reallocated_Sector_Ct   PO--CK   100   100   050    -    0
  7 Seek_Error_Rate         PO-R--   100   100   050    -    0
  8 Seek_Time_Performance   P-S---   100   100   050    -    0
  9 Power_On_Hours          -O--CK   071   071   000    -    11943
 10 Spin_Retry_Count        PO--CK   125   100   030    -    0
 12 Power_Cycle_Count       -O--CK   100   100   000    -    1283
191 G-Sense_Error_Rate      -O--CK   100   100   000    -    17
192 Power-Off_Retract_Count -O--CK   100   100   000    -    66
193 Load_Cycle_Count        -O--CK   090   090   000    -    105549
194 Temperature_Celsius     -O---K   100   100   000    -    38 (Min/Max 12/49)
196 Reallocated_Event_Count -O--CK   100   100   000    -    0
197 Current_Pending_Sector  -O--CK   100   100   000    -    0
198 Offline_Uncorrectable   ----CK   100   100   000    -    0
199 UDMA_CRC_Error_Count    -O--CK   200   200   000    -    0
220 Disk_Shift              -O----   100   100   000    -    0
222 Loaded_Hours            -O--CK   071   071   000    -    11854
223 Load_Retry_Count        -O--CK   100   100   000    -    0
224 Load_Friction           -O---K   100   100   000    -    0
226 Load-in_Time            -OS--K   100   100   000    -    247
240 Head_Flying_Hours       P-----   100   100   001    -    0
                            ||||||_ K auto-keep
                            |||||__ C event count
                            ||||___ R error rate
                            |||____ S speed/performance
                            ||_____ O updated online
                            |______ P prefailure warning

General Purpose Log Directory Version 1
SMART           Log Directory Version 1 [multi-sector log support]
Address    Access  R/W   Size  Description
0x00       GPL,SL  R/O      1  Log Directory
0x01           SL  R/O      1  Summary SMART error log
0x02           SL  R/O     51  Comprehensive SMART error log
0x03       GPL     R/O     64  Ext. Comprehensive SMART error log
0x04       GPL,SL  R/O      8  Device Statistics log
0x06           SL  R/O      1  SMART self-test log
0x07       GPL     R/O      1  Extended self-test log
0x09           SL  R/W      1  Selective self-test log
0x10       GPL     R/O      1  NCQ Command Error log
0x11       GPL     R/O      1  SATA Phy Event Counters log
0x80-0x9f  GPL,SL  R/W     16  Host vendor specific log
0xe0       GPL,SL  R/W      1  SCT Command/Status
0xe1       GPL,SL  R/W      1  SCT Data Transfer

SMART Extended Comprehensive Error Log Version: 1 (64 sectors)
Device Error Count: 283 (device log contains only the most recent 256 errors)
	CR     = Command Register
	FEATR  = Features Register
	COUNT  = Count (was: Sector Count) Register
	LBA_48 = Upper bytes of LBA High/Mid/Low Registers ]  ATA-8
	LH     = LBA High (was: Cylinder High) Register    ]   LBA
	LM     = LBA Mid (was: Cylinder Low) Register      ] Register
	LL     = LBA Low (was: Sector Number) Register     ]
	DV     = Device (was: Device/Head) Register
	DC     = Device Control Register
	ER     = Error register
	ST     = Status register
Powered_Up_Time is measured from power on, and printed as
DDd+hh:mm:SS.sss where DD=days, hh=hours, mm=minutes,
SS=sec, and sss=millisec. It "wraps" after 49.710 days.

Error 283 [26] occurred at disk power-on lifetime: 9243 hours (385 days + 3 hours)
  When the command that caused the error occurred, the device was active or idle.

  After command completion occurred, registers were:
  ER -- ST COUNT  LBA_48  LH LM LL DV DC
  -- -- -- == -- == == == -- -- -- -- --
  40 -- 41 00 00 00 00 02 f3 8e 70 40 00  Error: WP at LBA = 0x02f38e70 = 49516144

  Commands leading to the command that caused the error were:
  CR FEATR COUNT  LBA_48  LH LM LL DV DC  Powered_Up_Time  Command/Feature_Name
  -- == -- == -- == == == -- -- -- -- --  ---------------  --------------------
  61 00 48 00 70 00 00 00 03 c5 50 40 00     07:34:10.367  WRITE FPDMA QUEUED
  61 01 00 00 68 00 00 02 f5 a0 b8 40 00     07:34:10.367  WRITE FPDMA QUEUED
  61 01 00 00 60 00 00 02 f5 9f b8 40 00     07:34:10.367  WRITE FPDMA QUEUED
  61 01 00 00 58 00 00 02 f5 9e b8 40 00     07:34:10.367  WRITE FPDMA QUEUED
  61 01 00 00 50 00 00 02 f5 9d b8 40 00     07:34:10.367  WRITE FPDMA QUEUED

Error 282 [25] occurred at disk power-on lifetime: 9243 hours (385 days + 3 hours)
  When the command that caused the error occurred, the device was active or idle.

  After command completion occurred, registers were:
  ER -- ST COUNT  LBA_48  LH LM LL DV DC
  -- -- -- == -- == == == -- -- -- -- --
  40 -- 41 00 00 00 00 02 f3 8e 70 40 00  Error: WP at LBA = 0x02f38e70 = 49516144

  Commands leading to the command that caused the error were:
  CR FEATR COUNT  LBA_48  LH LM LL DV DC  Powered_Up_Time  Command/Feature_Name
  -- == -- == -- == == == -- -- -- -- --  ---------------  --------------------
  61 00 08 00 20 00 00 00 03 30 a0 40 00     07:33:10.091  WRITE FPDMA QUEUED
  61 00 08 00 30 00 00 00 05 92 80 40 00     07:33:09.640  WRITE FPDMA QUEUED
  61 00 08 00 20 00 00 00 10 8a f0 40 00     07:33:09.639  WRITE FPDMA QUEUED
  61 00 08 00 28 00 00 00 08 0f 90 40 00     07:33:09.639  WRITE FPDMA QUEUED
  61 00 08 00 20 00 00 00 05 51 b8 40 00     07:33:09.639  WRITE FPDMA QUEUED

Error 281 [24] occurred at disk power-on lifetime: 9243 hours (385 days + 3 hours)
  When the command that caused the error occurred, the device was active or idle.

  After command completion occurred, registers were:
  ER -- ST COUNT  LBA_48  LH LM LL DV DC
  -- -- -- == -- == == == -- -- -- -- --
  40 -- 41 00 40 00 00 02 f3 8e 70 40 00  Error: UNC at LBA = 0x02f38e70 = 49516144

  Commands leading to the command that caused the error were:
  CR FEATR COUNT  LBA_48  LH LM LL DV DC  Powered_Up_Time  Command/Feature_Name
  -- == -- == -- == == == -- -- -- -- --  ---------------  --------------------
  60 00 08 00 28 00 00 02 ee 6c 30 40 00     07:33:00.270  READ FPDMA QUEUED
  60 00 20 00 08 00 00 00 16 75 69 40 00     07:33:00.270  READ FPDMA QUEUED
  61 01 00 00 00 00 00 03 05 44 40 40 00     07:32:59.952  WRITE FPDMA QUEUED
  61 01 00 00 f8 00 00 03 05 45 40 40 00     07:32:59.952  WRITE FPDMA QUEUED
  61 01 00 00 f0 00 00 03 05 46 40 40 00     07:32:59.952  WRITE FPDMA QUEUED

Error 280 [23] occurred at disk power-on lifetime: 9243 hours (385 days + 3 hours)
  When the command that caused the error occurred, the device was active or idle.

  After command completion occurred, registers were:
  ER -- ST COUNT  LBA_48  LH LM LL DV DC
  -- -- -- == -- == == == -- -- -- -- --
  40 -- 41 00 00 00 00 02 f3 8e 70 40 00  Error: WP at LBA = 0x02f38e70 = 49516144

  Commands leading to the command that caused the error were:
  CR FEATR COUNT  LBA_48  LH LM LL DV DC  Powered_Up_Time  Command/Feature_Name
  -- == -- == -- == == == -- -- -- -- --  ---------------  --------------------
  61 00 08 00 10 00 00 00 05 69 58 40 00     07:30:33.356  WRITE FPDMA QUEUED
  61 00 08 00 10 00 00 00 03 30 88 40 00     07:30:33.138  WRITE FPDMA QUEUED
  61 00 08 00 10 00 00 00 03 30 a0 40 00     07:30:33.138  WRITE FPDMA QUEUED
  61 00 20 00 10 00 00 00 03 c3 60 40 00     07:30:33.137  WRITE FPDMA QUEUED
  60 00 20 00 08 00 00 00 16 75 69 40 00     07:30:32.933  READ FPDMA QUEUED

Error 279 [22] occurred at disk power-on lifetime: 9243 hours (385 days + 3 hours)
  When the command that caused the error occurred, the device was active or idle.

  After command completion occurred, registers were:
  ER -- ST COUNT  LBA_48  LH LM LL DV DC
  -- -- -- == -- == == == -- -- -- -- --
  40 -- 41 00 00 00 00 02 f3 8e 70 40 00  Error: WP at LBA = 0x02f38e70 = 49516144

  Commands leading to the command that caused the error were:
  CR FEATR COUNT  LBA_48  LH LM LL DV DC  Powered_Up_Time  Command/Feature_Name
  -- == -- == -- == == == -- -- -- -- --  ---------------  --------------------
  61 00 08 00 08 00 00 00 03 30 98 40 00     07:30:15.573  WRITE FPDMA QUEUED
  61 00 20 00 08 00 00 00 03 c2 d8 40 00     07:30:15.573  WRITE FPDMA QUEUED
  61 01 00 00 40 00 00 02 fc ec 00 40 00     07:30:15.435  WRITE FPDMA QUEUED
  61 01 00 00 38 00 00 02 fc eb 00 40 00     07:30:15.435  WRITE FPDMA QUEUED
  61 01 00 00 30 00 00 02 fc ea 00 40 00     07:30:15.435  WRITE FPDMA QUEUED

Error 278 [21] occurred at disk power-on lifetime: 9243 hours (385 days + 3 hours)
  When the command that caused the error occurred, the device was active or idle.

  After command completion occurred, registers were:
  ER -- ST COUNT  LBA_48  LH LM LL DV DC
  -- -- -- == -- == == == -- -- -- -- --
  40 -- 41 00 00 00 00 02 f3 8e 70 40 00  Error: WP at LBA = 0x02f38e70 = 49516144

  Commands leading to the command that caused the error were:
  CR FEATR COUNT  LBA_48  LH LM LL DV DC  Powered_Up_Time  Command/Feature_Name
  -- == -- == -- == == == -- -- -- -- --  ---------------  --------------------
  61 00 10 00 20 00 00 00 46 93 c8 40 00     07:30:04.708  WRITE FPDMA QUEUED
  60 00 08 00 18 00 00 00 05 df 98 40 00     07:30:02.547  READ FPDMA QUEUED
  60 00 08 00 10 00 00 00 05 df 98 40 00     07:30:02.453  READ FPDMA QUEUED
  60 00 08 00 08 00 00 00 05 df 98 40 00     07:30:02.443  READ FPDMA QUEUED
  61 00 08 00 08 00 00 00 03 30 90 40 00     07:30:02.228  WRITE FPDMA QUEUED

Error 277 [20] occurred at disk power-on lifetime: 9243 hours (385 days + 3 hours)
  When the command that caused the error occurred, the device was active or idle.

  After command completion occurred, registers were:
  ER -- ST COUNT  LBA_48  LH LM LL DV DC
  -- -- -- == -- == == == -- -- -- -- --
  40 -- 41 00 00 00 00 02 f3 8e 70 40 00  Error: WP at LBA = 0x02f38e70 = 49516144

  Commands leading to the command that caused the error were:
  CR FEATR COUNT  LBA_48  LH LM LL DV DC  Powered_Up_Time  Command/Feature_Name
  -- == -- == -- == == == -- -- -- -- --  ---------------  --------------------
  61 00 08 00 08 00 00 00 03 30 88 40 00     07:29:51.939  WRITE FPDMA QUEUED
  61 00 08 00 08 00 00 00 03 30 a0 40 00     07:29:51.938  WRITE FPDMA QUEUED
  61 00 18 00 08 00 00 00 03 c2 30 40 00     07:29:51.938  WRITE FPDMA QUEUED
  61 00 08 00 08 00 00 00 35 01 68 40 00     07:29:51.627  WRITE FPDMA QUEUED
  61 00 08 00 08 00 00 00 35 0b 58 40 00     07:29:51.627  WRITE FPDMA QUEUED

Error 276 [19] occurred at disk power-on lifetime: 9243 hours (385 days + 3 hours)
  When the command that caused the error occurred, the device was active or idle.

  After command completion occurred, registers were:
  ER -- ST COUNT  LBA_48  LH LM LL DV DC
  -- -- -- == -- == == == -- -- -- -- --
  40 -- 41 00 00 00 00 02 f3 8e 70 40 00  Error: WP at LBA = 0x02f38e70 = 49516144

  Commands leading to the command that caused the error were:
  CR FEATR COUNT  LBA_48  LH LM LL DV DC  Powered_Up_Time  Command/Feature_Name
  -- == -- == -- == == == -- -- -- -- --  ---------------  --------------------
  61 00 08 00 08 00 00 00 03 30 a0 40 00     07:29:43.532  WRITE FPDMA QUEUED
  61 00 08 00 08 00 00 00 03 c1 f8 40 00     07:29:43.531  WRITE FPDMA QUEUED
  60 00 80 00 00 00 00 02 f3 8e 70 40 00     07:29:42.565  READ FPDMA QUEUED
  61 00 08 00 00 00 00 00 05 ad 88 40 00     07:29:41.736  WRITE FPDMA QUEUED
  2f 00 00 00 01 00 00 00 00 00 10 28 00     07:29:39.468  READ LOG EXT

SMART Extended Self-test Log Version: 1 (1 sectors)
Num  Test_Description    Status                  Remaining  LifeTime(hours)  LBA_of_first_error
# 1  Short offline       Completed without error       00%     11942         -

SMART Selective self-test log data structure revision number 1
 SPAN  MIN_LBA  MAX_LBA  CURRENT_TEST_STATUS
    1        0        0  Not_testing
    2        0        0  Not_testing
    3        0        0  Not_testing
    4        0        0  Not_testing
    5        0        0  Not_testing
Selective self-test flags (0x0):
  After scanning selected spans, do NOT read-scan remainder of disk.
If Selective self-test is pending on power-up, resume after 0 minute delay.

SCT Status Version:                  2
SCT Version (vendor specific):       1 (0x0001)
Device State:                        Active (0)
Current Temperature:                    38 Celsius
Power Cycle Min/Max Temperature:     28/39 Celsius
Lifetime    Min/Max Temperature:     12/49 Celsius
Under/Over Temperature Limit Count:   0/0

SCT Temperature History Version:     2
Temperature Sampling Period:         1 minute
Temperature Logging Interval:        1 minute
Min/Max recommended Temperature:      5/55 Celsius
Min/Max Temperature Limit:            5/55 Celsius
Temperature History Size (Index):    478 (60)

Index    Estimated Time   Temperature Celsius
  61    2022-07-21 04:27    33  **************
 ...    ..( 23 skipped).    ..  **************
  85    2022-07-21 04:51    33  **************
  86    2022-07-21 04:52    34  ***************
  87    2022-07-21 04:53    34  ***************
  88    2022-07-21 04:54    33  **************
  89    2022-07-21 04:55    33  **************
  90    2022-07-21 04:56    34  ***************
  91    2022-07-21 04:57    33  **************
 ...    ..( 16 skipped).    ..  **************
 108    2022-07-21 05:14    33  **************
 109    2022-07-21 05:15    34  ***************
 110    2022-07-21 05:16    33  **************
 ...    ..( 11 skipped).    ..  **************
 122    2022-07-21 05:28    33  **************
 123    2022-07-21 05:29    34  ***************
 124    2022-07-21 05:30    33  **************
 ...    ..(  7 skipped).    ..  **************
 132    2022-07-21 05:38    33  **************
 133    2022-07-21 05:39    34  ***************
 134    2022-07-21 05:40    33  **************
 ...    ..( 32 skipped).    ..  **************
 167    2022-07-21 06:13    33  **************
 168    2022-07-21 06:14    34  ***************
 ...    ..( 10 skipped).    ..  ***************
 179    2022-07-21 06:25    34  ***************
 180    2022-07-21 06:26    33  **************
 ...    ..( 14 skipped).    ..  **************
 195    2022-07-21 06:41    33  **************
 196    2022-07-21 06:42    34  ***************
 ...    ..(  4 skipped).    ..  ***************
 201    2022-07-21 06:47    34  ***************
 202    2022-07-21 06:48    33  **************
 ...    ..(  3 skipped).    ..  **************
 206    2022-07-21 06:52    33  **************
 207    2022-07-21 06:53    34  ***************
 208    2022-07-21 06:54    34  ***************
 209    2022-07-21 06:55    33  **************
 ...    ..( 21 skipped).    ..  **************
 231    2022-07-21 07:17    33  **************
 232    2022-07-21 07:18    34  ***************
 233    2022-07-21 07:19    34  ***************
 234    2022-07-21 07:20    33  **************
 235    2022-07-21 07:21    33  **************
 236    2022-07-21 07:22    34  ***************
 ...    ..( 13 skipped).    ..  ***************
 250    2022-07-21 07:36    34  ***************
 251    2022-07-21 07:37    35  ****************
 252    2022-07-21 07:38    34  ***************
 ...    ..(  5 skipped).    ..  ***************
 258    2022-07-21 07:44    34  ***************
 259    2022-07-21 07:45    35  ****************
 260    2022-07-21 07:46    36  *****************
 261    2022-07-21 07:47    36  *****************
 262    2022-07-21 07:48    37  ******************
 263    2022-07-21 07:49    37  ******************
 264    2022-07-21 07:50    36  *****************
 265    2022-07-21 07:51    36  *****************
 266    2022-07-21 07:52    36  *****************
 267    2022-07-21 07:53    35  ****************
 ...    ..(  2 skipped).    ..  ****************
 270    2022-07-21 07:56    35  ****************
 271    2022-07-21 07:57    34  ***************
 272    2022-07-21 07:58    34  ***************
 273    2022-07-21 07:59    35  ****************
 274    2022-07-21 08:00    34  ***************
 ...    ..( 18 skipped).    ..  ***************
 293    2022-07-21 08:19    34  ***************
 294    2022-07-21 08:20    33  **************
 295    2022-07-21 08:21    34  ***************
 ...    ..( 37 skipped).    ..  ***************
 333    2022-07-21 08:59    34  ***************
 334    2022-07-21 09:00    33  **************
 ...    ..(  2 skipped).    ..  **************
 337    2022-07-21 09:03    33  **************
 338    2022-07-21 09:04    34  ***************
 339    2022-07-21 09:05    33  **************
 340    2022-07-21 09:06    33  **************
 341    2022-07-21 09:07    34  ***************
 342    2022-07-21 09:08    33  **************
 ...    ..(  5 skipped).    ..  **************
 348    2022-07-21 09:14    33  **************
 349    2022-07-21 09:15    34  ***************
 ...    ..(  8 skipped).    ..  ***************
 358    2022-07-21 09:24    34  ***************
 359    2022-07-21 09:25    33  **************
 360    2022-07-21 09:26    33  **************
 361    2022-07-21 09:27    33  **************
 362    2022-07-21 09:28    34  ***************
 363    2022-07-21 09:29    33  **************
 ...    ..(  3 skipped).    ..  **************
 367    2022-07-21 09:33    33  **************
 368    2022-07-21 09:34    34  ***************
 ...    ..( 68 skipped).    ..  ***************
 437    2022-07-21 10:43    34  ***************
 438    2022-07-21 10:44    36  *****************
 439    2022-07-21 10:45    36  *****************
 440    2022-07-21 10:46    37  ******************
 441    2022-07-21 10:47    37  ******************
 442    2022-07-21 10:48    38  *******************
 ...    ..(  3 skipped).    ..  *******************
 446    2022-07-21 10:52    38  *******************
 447    2022-07-21 10:53    39  ********************
 448    2022-07-21 10:54    39  ********************
 449    2022-07-21 10:55    39  ********************
 450    2022-07-21 10:56    38  *******************
 451    2022-07-21 10:57    38  *******************
 452    2022-07-21 10:58    38  *******************
 453    2022-07-21 10:59    37  ******************
 ...    ..(  2 skipped).    ..  ******************
 456    2022-07-21 11:02    37  ******************
 457    2022-07-21 11:03    36  *****************
 ...    ..(  5 skipped).    ..  *****************
 463    2022-07-21 11:09    36  *****************
 464    2022-07-21 11:10    35  ****************
 ...    ..(  5 skipped).    ..  ****************
 470    2022-07-21 11:16    35  ****************
 471    2022-07-21 11:17    34  ***************
 ...    ..(  2 skipped).    ..  ***************
 474    2022-07-21 11:20    34  ***************
 475    2022-07-21 11:21    35  ****************
 476    2022-07-21 11:22    34  ***************
 ...    ..(  3 skipped).    ..  ***************
   2    2022-07-21 11:26    34  ***************
   3    2022-07-21 11:27    35  ****************
 ...    ..( 10 skipped).    ..  ****************
  14    2022-07-21 11:38    35  ****************
  15    2022-07-21 11:39    34  ***************
  16    2022-07-21 11:40    34  ***************
  17    2022-07-21 11:41    35  ****************
 ...    ..( 25 skipped).    ..  ****************
  43    2022-07-21 12:07    35  ****************
  44    2022-07-21 12:08    36  *****************
  45    2022-07-21 12:09    35  ****************
  46    2022-07-21 12:10    36  *****************
 ...    ..(  2 skipped).    ..  *****************
  49    2022-07-21 12:13    36  *****************
  50    2022-07-21 12:14    35  ****************
  51    2022-07-21 12:15    36  *****************
 ...    ..(  5 skipped).    ..  *****************
  57    2022-07-21 12:21    36  *****************
  58    2022-07-21 12:22    37  ******************
  59    2022-07-21 12:23    38  *******************
  60    2022-07-21 12:24    38  *******************

SCT Error Recovery Control:
           Read: Disabled
          Write: Disabled

Device Statistics (GP Log 0x04)
Page  Offset Size        Value Flags Description
0x01  =====  =               =  ===  == General Statistics (rev 2) ==
0x01  0x008  4            1283  ---  Lifetime Power-On Resets
0x01  0x010  4           11943  ---  Power-on Hours
0x01  0x018  6     16550876616  ---  Logical Sectors Written
0x01  0x020  6       310727086  ---  Number of Write Commands
0x01  0x028  6     24974457447  ---  Logical Sectors Read
0x01  0x030  6       501060494  ---  Number of Read Commands
0x02  =====  =               =  ===  == Free-Fall Statistics (rev 1) ==
0x02  0x010  4              17  ---  Overlimit Shock Events
0x03  =====  =               =  ===  == Rotating Media Statistics (rev 1) ==
0x03  0x008  4           11762  ---  Spindle Motor Power-on Hours
0x03  0x010  4           11854  ---  Head Flying Hours
0x03  0x018  4          105549  ---  Head Load Events
0x03  0x020  4               0  ---  Number of Reallocated Logical Sectors
0x03  0x028  4               0  ---  Read Recovery Attempts
0x03  0x030  4               0  ---  Number of Mechanical Start Failures
0x04  =====  =               =  ===  == General Errors Statistics (rev 1) ==
0x04  0x008  4             283  ---  Number of Reported Uncorrectable Errors
0x04  0x010  4               0  ---  Resets Between Cmd Acceptance and Completion
0x05  =====  =               =  ===  == Temperature Statistics (rev 1) ==
0x05  0x008  1              38  ---  Current Temperature
0x05  0x010  1              36  N--  Average Short Term Temperature
0x05  0x018  1              31  N--  Average Long Term Temperature
0x05  0x020  1              49  ---  Highest Temperature
0x05  0x028  1              12  ---  Lowest Temperature
0x05  0x030  1              38  N--  Highest Average Short Term Temperature
0x05  0x038  1              20  N--  Lowest Average Short Term Temperature
0x05  0x040  1              31  N--  Highest Average Long Term Temperature
0x05  0x048  1              25  N--  Lowest Average Long Term Temperature
0x05  0x050  4               0  ---  Time in Over-Temperature
0x05  0x058  1              55  ---  Specified Maximum Operating Temperature
0x05  0x060  4               0  ---  Time in Under-Temperature
0x05  0x068  1               5  ---  Specified Minimum Operating Temperature
0x06  =====  =               =  ===  == Transport Statistics (rev 1) ==
0x06  0x008  4             327  ---  Number of Hardware Resets
0x06  0x018  4               0  ---  Number of Interface CRC Errors
0x07  =====  =               =  ===  == Solid State Device Statistics (rev 1) ==
0x07  0x008  1              19  N--  Percentage Used Endurance Indicator
                                |||_ C monitored condition met
                                ||__ D supports DSN
                                |___ N normalized value

Pending Defects log (GP Log 0x0c) not supported

SATA Phy Event Counters (GP Log 0x11)
ID      Size     Value  Description
0x0001  4            0  Command failed due to ICRC error
0x0002  4            0  R_ERR response for data FIS
0x0003  4            0  R_ERR response for device-to-host data FIS
0x0004  4            0  R_ERR response for host-to-device data FIS
0x0005  4            0  R_ERR response for non-data FIS
0x0006  4            0  R_ERR response for device-to-host non-data FIS
0x0007  4            0  R_ERR response for host-to-device non-data FIS
0x0008  4            0  Device-to-host non-data FIS retries
0x0009  4            2  Transition from drive PhyRdy to drive PhyNRdy
0x000a  4            2  Device-to-host register FISes sent due to a COMRESET
0x000b  4            0  CRC errors within host-to-device FIS
0x000d  4            0  Non-CRC errors within host-to-device FIS
0x000f  4            0  R_ERR response for host-to-device data FIS, CRC
0x0010  4            0  R_ERR response for host-to-device data FIS, non-CRC
0x0012  4            0  R_ERR response for host-to-device non-data FIS, CRC
0x0013  4            0  R_ERR response for host-to-device non-data FIS, non-CRC

