smartctl 7.0 2018-12-30 r4883 [x86_64-w64-mingw32-w10-1809] (sf-7.0-1)
Copyright (C) 2002-18, Bruce Allen, Christian Franke, www.smartmontools.org

=== START OF INFORMATION SECTION ===
Model Family:     Samsung based SSDs
Device Model:     SAMSUNG MZNLF128HCHP-000H1
Serial Number:    xxxxxxxxxxxxxx
LU WWN Device Id: 5 002538 7400ad5f1
Firmware Version: FXT21H1Q
User Capacity:    128,035,676,160 bytes [128 GB]
Sector Size:      512 bytes logical/physical
Rotation Rate:    Solid State Device
Device is:        In smartctl database [for details use: -P show]
ATA Version is:   ACS-2, ATA8-ACS T13/1699-D revision 4c
SATA Version is:  SATA 3.1, 6.0 Gb/s (current: 6.0 Gb/s)
Local Time is:    Sun Jul 28 17:20:02 2019 RTZST
SMART support is: Available - device has SMART capability.
SMART support is: Enabled
AAM feature is:   Unavailable
APM feature is:   Unavailable
Rd look-ahead is: Enabled
Write cache is:   Enabled
DSN feature is:   Unavailable
ATA Security is:  Disabled, frozen [SEC2]
Wt Cache Reorder: Unavailable

=== START OF READ SMART DATA SECTION ===
SMART overall-health self-assessment test result: PASSED

General SMART Values:
Offline data collection status:  (0x82)	Offline data collection activity
					was completed without error.
					Auto Offline Data Collection: Enabled.
Self-test execution status:      (   0)	The previous self-test routine completed
					without error or no self-test has ever 
					been run.
Total time to complete Offline 
data collection: 		( 1800) seconds.
Offline data collection
capabilities: 			 (0x5b) SMART execute Offline immediate.
					Auto Offline data collection on/off support.
					Suspend Offline collection upon new
					command.
					Offline surface scan supported.
					Self-test supported.
					No Conveyance Self-test supported.
					Selective Self-test supported.
SMART capabilities:            (0x0003)	Saves SMART data before entering
					power-saving mode.
					Supports SMART auto save timer.
Error logging capability:        (0x01)	Error logging supported.
					General Purpose Logging supported.
Short self-test routine 
recommended polling time: 	 (   2) minutes.
Extended self-test routine
recommended polling time: 	 (  30) minutes.

SMART Attributes Data Structure revision number: 1
Vendor Specific SMART Attributes with Thresholds:
ID# ATTRIBUTE_NAME          FLAGS    VALUE WORST THRESH FAIL RAW_VALUE
  1 Raw_Read_Error_Rate     POSR-K   199   199   002    -    5
  5 Reallocated_Sector_Ct   PO--CK   100   100   010    -    0
  9 Power_On_Hours          -O--CK   092   092   001    -    4987
 11 Unknown_SSD_Attribute   -O---K   099   099   001    -    144
 12 Power_Cycle_Count       -O--CK   097   097   001    -    2303
170 Unused_Rsvd_Blk_Ct_Chip PO--CK   100   100   010    -    1066
171 Program_Fail_Count_Chip -O---K   100   100   010    -    0
172 Erase_Fail_Count_Chip   -O--CK   100   100   010    -    0
173 Wear_Leveling_Count     PO--CK   097   097   005    -    46
174 Unexpect_Power_Loss_Ct  -O--CK   099   099   001    -    144
183 Runtime_Bad_Block       -O--CK   100   100   001    -    0
184 End-to-End_Error        PO--CK   100   100   097    -    0
187 Uncorrectable_Error_Cnt -O--CK   100   100   000    -    5
188 Command_Timeout         -O--CK   100   100   000    -    0
190 Airflow_Temperature_Cel -O---K   062   045   040    -    38
196 Reallocated_Event_Count -O--CK   253   253   001    -    0
198 Offline_Uncorrectable   ----CK   100   100   001    -    0
199 CRC_Error_Count         -O---K   100   100   001    -    0
                            ||||||_ K auto-keep
                            |||||__ C event count
                            ||||___ R error rate
                            |||____ S speed/performance
                            ||_____ O updated online
                            |______ P prefailure warning

General Purpose Log Directory Version 1
SMART           Log Directory Version 1 [multi-sector log support]
Address    Access  R/W   Size  Description
0x00       GPL,SL  R/O      1  Log Directory
0x01           SL  R/O      1  Summary SMART error log
0x02           SL  R/O      1  Comprehensive SMART error log
0x03       GPL     R/O      1  Ext. Comprehensive SMART error log
0x04       GPL,SL  R/O      3  Device Statistics log
0x06           SL  R/O      1  SMART self-test log
0x07       GPL     R/O      1  Extended self-test log
0x09           SL  R/W      1  Selective self-test log
0x10       GPL     R/O      1  NCQ Command Error log
0x11       GPL     R/O      1  SATA Phy Event Counters log
0x13       GPL     R/O      1  SATA NCQ Send and Receive log
0x30       GPL,SL  R/O      9  IDENTIFY DEVICE data log
0x80-0x9f  GPL,SL  R/W     16  Host vendor specific log
0xb6       GPL,SL  VS     127  Device vendor specific log
0xe0       GPL,SL  R/W      1  SCT Command/Status
0xe1       GPL,SL  R/W      1  SCT Data Transfer

SMART Extended Comprehensive Error Log Version: 1 (1 sectors)
Device Error Count: 5 (device log contains only the most recent 4 errors)
	CR     = Command Register
	FEATR  = Features Register
	COUNT  = Count (was: Sector Count) Register
	LBA_48 = Upper bytes of LBA High/Mid/Low Registers ]  ATA-8
	LH     = LBA High (was: Cylinder High) Register    ]   LBA
	LM     = LBA Mid (was: Cylinder Low) Register      ] Register
	LL     = LBA Low (was: Sector Number) Register     ]
	DV     = Device (was: Device/Head) Register
	DC     = Device Control Register
	ER     = Error register
	ST     = Status register
Powered_Up_Time is measured from power on, and printed as
DDd+hh:mm:SS.sss where DD=days, hh=hours, mm=minutes,
SS=sec, and sss=millisec. It "wraps" after 49.710 days.

Error 5 [0] occurred at disk power-on lifetime: 3665 hours (152 days + 17 hours)
  When the command that caused the error occurred, the device was active or idle.

  After command completion occurred, registers were:
  ER -- ST COUNT  LBA_48  LH LM LL DV DC
  -- -- -- == -- == == == -- -- -- -- --
  40 -- 51 00 40 00 00 00 00 00 14 40 00  Error: UNC at LBA = 0x00000014 = 20

  Commands leading to the command that caused the error were:
  CR FEATR COUNT  LBA_48  LH LM LL DV DC  Powered_Up_Time  Command/Feature_Name
  -- == -- == -- == == == -- -- -- -- --  ---------------  --------------------
  60 00 01 00 40 00 00 00 00 00 14 40 08     00:02:31.000  READ FPDMA QUEUED
  60 00 01 00 38 00 00 00 00 00 13 40 07     00:02:31.000  READ FPDMA QUEUED
  60 00 01 00 30 00 00 00 00 00 12 40 06     00:02:31.000  READ FPDMA QUEUED
  60 00 01 00 28 00 00 00 00 00 11 40 05     00:02:31.000  READ FPDMA QUEUED
  60 00 01 00 20 00 00 00 00 00 10 40 04     00:02:31.000  READ FPDMA QUEUED

Error 4 [3] occurred at disk power-on lifetime: 3525 hours (146 days + 21 hours)
  When the command that caused the error occurred, the device was active or idle.

  After command completion occurred, registers were:
  ER -- ST COUNT  LBA_48  LH LM LL DV DC
  -- -- -- == -- == == == -- -- -- -- --
  40 -- 51 00 20 00 00 00 00 00 10 40 00  Error: UNC at LBA = 0x00000010 = 16

  Commands leading to the command that caused the error were:
  CR FEATR COUNT  LBA_48  LH LM LL DV DC  Powered_Up_Time  Command/Feature_Name
  -- == -- == -- == == == -- -- -- -- --  ---------------  --------------------
  60 00 01 00 20 00 00 00 00 00 10 40 04     00:00:30.000  READ FPDMA QUEUED
  60 00 01 00 18 00 00 00 00 00 0f 40 03     00:00:30.000  READ FPDMA QUEUED
  60 00 01 00 10 00 00 00 00 00 0e 40 02     00:00:30.000  READ FPDMA QUEUED
  60 00 01 00 08 00 00 00 00 00 0d 40 01     00:00:30.000  READ FPDMA QUEUED
  60 00 01 00 f8 00 00 00 00 00 0c 40 1f     00:00:30.000  READ FPDMA QUEUED

Error 3 [2] occurred at disk power-on lifetime: 3483 hours (145 days + 3 hours)
  When the command that caused the error occurred, the device was active or idle.

  After command completion occurred, registers were:
  ER -- ST COUNT  LBA_48  LH LM LL DV DC
  -- -- -- == -- == == == -- -- -- -- --
  40 -- 51 00 40 00 00 00 00 00 14 40 00  Error: UNC at LBA = 0x00000014 = 20

  Commands leading to the command that caused the error were:
  CR FEATR COUNT  LBA_48  LH LM LL DV DC  Powered_Up_Time  Command/Feature_Name
  -- == -- == -- == == == -- -- -- -- --  ---------------  --------------------
  60 00 01 00 40 00 00 00 00 00 14 40 08     00:00:13.000  READ FPDMA QUEUED
  60 00 01 00 38 00 00 00 00 00 13 40 07     00:00:13.000  READ FPDMA QUEUED
  60 00 01 00 30 00 00 00 00 00 12 40 06     00:00:13.000  READ FPDMA QUEUED
  60 00 01 00 28 00 00 00 00 00 11 40 05     00:00:13.000  READ FPDMA QUEUED
  60 00 01 00 20 00 00 00 00 00 10 40 04     00:00:13.000  READ FPDMA QUEUED

Error 2 [1] occurred at disk power-on lifetime: 3348 hours (139 days + 12 hours)
  When the command that caused the error occurred, the device was active or idle.

  After command completion occurred, registers were:
  ER -- ST COUNT  LBA_48  LH LM LL DV DC
  -- -- -- == -- == == == -- -- -- -- --
  40 -- 51 00 40 00 00 00 00 00 14 40 00  Error: UNC at LBA = 0x00000014 = 20

  Commands leading to the command that caused the error were:
  CR FEATR COUNT  LBA_48  LH LM LL DV DC  Powered_Up_Time  Command/Feature_Name
  -- == -- == -- == == == -- -- -- -- --  ---------------  --------------------
  60 00 01 00 40 00 00 00 00 00 14 40 08     00:00:17.000  READ FPDMA QUEUED
  60 00 01 00 38 00 00 00 00 00 13 40 07     00:00:17.000  READ FPDMA QUEUED
  60 00 01 00 30 00 00 00 00 00 12 40 06     00:00:17.000  READ FPDMA QUEUED
  60 00 01 00 28 00 00 00 00 00 11 40 05     00:00:17.000  READ FPDMA QUEUED
  60 00 01 00 20 00 00 00 00 00 10 40 04     00:00:17.000  READ FPDMA QUEUED

SMART Extended Self-test Log Version: 1 (1 sectors)
Num  Test_Description    Status                  Remaining  LifeTime(hours)  LBA_of_first_error
# 1  Extended offline    Completed without error       00%      4987         -
# 2  Short offline       Completed without error       00%      4985         -
# 3  Selective offline   Aborted by host               90%      4968         -
# 4  Short offline       Aborted by host               90%      4968         -
# 5  Extended offline    Aborted by host               90%      4780         -
# 6  Extended offline    Aborted by host               90%      4776         -
# 7  Short offline       Aborted by host               90%      4762         -
# 8  Extended offline    Completed without error       00%      4632         -
# 9  Short offline       Completed without error       00%      4631         -
#10  Short offline       Aborted by host               90%      4622         -
#11  Extended offline    Aborted by host               90%      4622         -
#12  Extended offline    Completed without error       00%      4482         -
#13  Extended offline    Aborted by host               90%      4476         -
#14  Short offline       Completed without error       00%      4471         -
#15  Extended offline    Interrupted (host reset)      90%      4114         -
#16  Extended offline    Aborted by host               90%      4050         -
#17  Extended offline    Completed without error       00%      3988         -
#18  Extended offline    Completed without error       00%      3930         -
#19  Extended offline    Completed without error       00%      3877         -

Warning! SMART Selective Self-Test Log Structure error: invalid SMART checksum.
SMART Selective self-test log data structure revision number 1
 SPAN  MIN_LBA  MAX_LBA  CURRENT_TEST_STATUS
    1        0       10  Not_testing
    2        0        0  Not_testing
    3        0        0  Not_testing
    4        0        0  Not_testing
    5        0        0  Not_testing
  255        0    65535  Read_scanning was completed without error
Selective self-test flags (0x0):
  After scanning selected spans, do NOT read-scan remainder of disk.
If Selective self-test is pending on power-up, resume after 0 minute delay.

SCT Commands not supported

Device Statistics (GP Log 0x04)
Page  Offset Size        Value Flags Description
0x01  =====  =               =  ===  == General Statistics (rev 2) ==
0x01  0x018  6      6900035863  ---  Logical Sectors Written
0x01  0x028  6      6047666992  ---  Logical Sectors Read
0x01  0x1f8  7               -  N--+ Unknown
0x05  =====  =               =  ===  == Temperature Statistics (rev 1) ==
0x05  0x008  1              38  ---  Current Temperature
0x05  0x020  1              47  ---  Highest Temperature
0x05  0x028  1              26  ---  Lowest Temperature
                                |||_ C monitored condition met
                                ||__ D supports DSN
                                |___ N normalized value

Pending Defects log (GP Log 0x0c) not supported

SATA Phy Event Counters (GP Log 0x11)
ID      Size     Value  Description
0x0001  2            0  Command failed due to ICRC error
0x0002  2            0  R_ERR response for data FIS
0x0003  2            0  R_ERR response for device-to-host data FIS
0x0004  2            0  R_ERR response for host-to-device data FIS
0x0005  2            0  R_ERR response for non-data FIS
0x0006  2            0  R_ERR response for device-to-host non-data FIS
0x0007  2            0  R_ERR response for host-to-device non-data FIS
0x0008  2            0  Device-to-host non-data FIS retries
0x0009  2            2  Transition from drive PhyRdy to drive PhyNRdy
0x000a  2            2  Device-to-host register FISes sent due to a COMRESET
0x000b  2            0  CRC errors within host-to-device FIS
0x000d  2            0  Non-CRC errors within host-to-device FIS
0x000f  2            0  R_ERR response for host-to-device data FIS, CRC
0x0010  2            0  R_ERR response for host-to-device data FIS, non-CRC
0x0012  2            0  R_ERR response for host-to-device non-data FIS, CRC
0x0013  2            0  R_ERR response for host-to-device non-data FIS, non-CRC

