smartctl 6.5 2016-05-07 r4318 [x86_64-linux-4.13.7-1-ARCH] (local build)
Copyright (C) 2002-16, Bruce Allen, Christian Franke, www.smartmontools.org

 [inquiry: 12 00 00 00 24 00 ]
  scsi_status=0x0, host_status=0x0, driver_status=0x0
  info=0x0  duration=0 milliseconds  resid=0
  Incoming data, len=36:
 00     00 00 05 02 5b 00 00 02  41 54 41 20 20 20 20 20
 10     54 53 36 34 47 53 53 44  33 37 30 53 20 20 20 20
 20     35 47 20 20
 [ata pass-through(16): 85 08 0e 00 00 00 01 00 00 00 00 00 00 00 ec 00 ]
  scsi_status=0x0, host_status=0x0, driver_status=0x0
  info=0x0  duration=0 milliseconds  resid=0
  Incoming data, len=512 [only first 256 bytes shown]:
 00     40 00 ff 3f 37 c8 10 00  00 00 00 00 3f 00 00 00
 10     00 00 00 00 34 44 38 34  34 33 36 33 32 34 20 20
 20     20 20 20 20 20 20 20 20  00 00 00 00 00 00 31 4f
 30     32 32 47 35 20 20 53 54  34 36 53 47 44 53 37 33
 40     53 30 20 20 20 20 20 20  20 20 20 20 20 20 20 20
 50     20 20 20 20 20 20 20 20  20 20 20 20 20 20 02 80
 60     00 40 00 2f 00 40 00 00  00 00 07 00 ff 3f 10 00
 70     3f 00 10 fc fb 00 02 b1  b0 0a 74 07 00 00 07 00
 80     03 00 78 00 78 00 78 00  78 00 20 4d 00 00 00 00
 90     00 00 00 00 00 00 1f 00  0e 83 86 00 4c 01 44 00
 a0     f0 03 00 00 6b 74 01 77  63 40 69 74 01 b4 63 40
 b0     7f 40 02 00 02 00 00 00  fe ff 00 00 00 00 00 00
 c0     00 00 00 00 00 00 00 00  b0 0a 74 07 00 00 00 00
 d0     00 00 08 00 00 40 00 00  00 00 00 00 00 00 00 00
 e0     00 00 00 00 00 00 00 00  00 00 00 01 00 00 18 40
 f0     18 40 00 00 00 00 00 00  00 00 00 00 00 00 00 00
/dev/sda [SAT]: Device open changed type from 'scsi' to 'sat'

REPORT-IOCTL: Device=/dev/sda Command=IDENTIFY DEVICE
 Input:   FR=...., SC=0x01, LL=...., LM=...., LH=...., DEV=...., CMD=0xec IN
 [ata pass-through(16): 85 08 0e 00 00 00 01 00 00 00 00 00 00 00 ec 00 ]
  scsi_status=0x0, host_status=0x0, driver_status=0x0
  info=0x0  duration=0 milliseconds  resid=0
  Incoming data, len=512 [only first 256 bytes shown]:
 00     40 00 ff 3f 37 c8 10 00  00 00 00 00 3f 00 00 00
 10     00 00 00 00 34 44 38 34  34 33 36 33 32 34 20 20
 20     20 20 20 20 20 20 20 20  00 00 00 00 00 00 31 4f
 30     32 32 47 35 20 20 53 54  34 36 53 47 44 53 37 33
 40     53 30 20 20 20 20 20 20  20 20 20 20 20 20 20 20
 50     20 20 20 20 20 20 20 20  20 20 20 20 20 20 02 80
 60     00 40 00 2f 00 40 00 00  00 00 07 00 ff 3f 10 00
 70     3f 00 10 fc fb 00 02 b1  b0 0a 74 07 00 00 07 00
 80     03 00 78 00 78 00 78 00  78 00 20 4d 00 00 00 00
 90     00 00 00 00 00 00 1f 00  0e 83 86 00 4c 01 44 00
 a0     f0 03 00 00 6b 74 01 77  63 40 69 74 01 b4 63 40
 b0     7f 40 02 00 02 00 00 00  fe ff 00 00 00 00 00 00
 c0     00 00 00 00 00 00 00 00  b0 0a 74 07 00 00 00 00
 d0     00 00 08 00 00 40 00 00  00 00 00 00 00 00 00 00
 e0     00 00 00 00 00 00 00 00  00 00 00 01 00 00 18 40
 f0     18 40 00 00 00 00 00 00  00 00 00 00 00 00 00 00
REPORT-IOCTL: Device=/dev/sda Command=IDENTIFY DEVICE returned 0

===== [IDENTIFY DEVICE] DATA START (BASE-16) =====
000-015: 40 00 ff 3f 37 c8 10 00 00 00 00 00 3f 00 00 00 |@..?7.......?...|
016-031: 00 00 00 00 34 44 38 34 34 33 36 33 32 34 20 20 |....4D84436324  |
032-047: 20 20 20 20 20 20 20 20 00 00 00 00 00 00 31 4f |        ......1O|
048-063: 32 32 47 35 20 20 53 54 34 36 53 47 44 53 37 33 |22G5  ST46SGDS73|
064-079: 53 30 20 20 20 20 20 20 20 20 20 20 20 20 20 20 |S0              |
080-095: 20 20 20 20 20 20 20 20 20 20 20 20 20 20 02 80 |              ..|
096-111: 00 40 00 2f 00 40 00 00 00 00 07 00 ff 3f 10 00 |.@./.@.......?..|
112-127: 3f 00 10 fc fb 00 02 b1 b0 0a 74 07 00 00 07 00 |?.........t.....|
128-143: 03 00 78 00 78 00 78 00 78 00 20 4d 00 00 00 00 |..x.x.x.x. M....|
144-159: 00 00 00 00 00 00 1f 00 0e 83 86 00 4c 01 44 00 |............L.D.|
160-175: f0 03 00 00 6b 74 01 77 63 40 69 74 01 b4 63 40 |....kt.wc@it..c@|
176-191: 7f 40 02 00 02 00 00 00 fe ff 00 00 00 00 00 00 |.@..............|
192-207: 00 00 00 00 00 00 00 00 b0 0a 74 07 00 00 00 00 |..........t.....|
208-223: 00 00 08 00 00 40 00 00 00 00 00 00 00 00 00 00 |.....@..........|
224-239: 00 00 00 00 00 00 00 00 00 00 00 01 00 00 18 40 |...............@|
240-255: 18 40 00 00 00 00 00 00 00 00 00 00 00 00 00 00 |.@..............|
256-271: 29 00 52 54 4e 41 43 53 4e 45 20 44 00 00 00 00 |).RTNACSNE D....|
272-287: 00 00 00 00 00 00 00 00 00 00 00 00 00 00 00 00 |................|
288-303: 00 00 00 00 00 00 00 00 00 00 00 00 00 00 00 00 |................|
304-319: 00 00 00 00 00 00 00 00 00 00 00 00 00 00 00 00 |................|
320-335: 00 00 00 00 00 00 00 00 00 00 00 00 00 00 00 00 |................|
336-351: 00 00 01 00 00 00 00 00 00 00 00 00 00 00 00 00 |................|
352-367: 00 00 00 00 00 00 00 00 00 00 00 00 00 00 00 00 |................|
368-383: 00 00 00 00 00 00 00 00 00 00 00 00 00 00 00 00 |................|
384-399: 00 00 00 00 00 00 00 00 00 00 00 00 00 00 00 00 |................|
400-415: 00 00 00 00 00 00 00 00 00 00 00 00 00 00 00 00 |................|
416-431: 00 00 00 40 00 00 00 00 00 00 00 00 00 00 00 00 |...@............|
432-447: 00 00 01 00 00 00 00 00 00 00 00 00 7f 10 00 00 |................|
448-463: 00 00 00 00 00 00 00 00 00 00 00 00 00 00 00 00 |................|
464-479: 00 00 00 00 01 00 00 02 00 00 00 00 00 00 00 00 |................|
480-495: 00 00 00 00 00 00 00 00 00 00 00 00 00 00 00 00 |................|
496-511: 00 00 00 00 00 00 00 00 00 00 00 00 00 00 a5 45 |...............E|
===== [IDENTIFY DEVICE] DATA END (512 Bytes) =====

=== START OF INFORMATION SECTION ===
Model Family:     SiliconMotion based SSDs
Device Model:     TS64GSSD370S
Serial Number:    D448343642
Firmware Version: O1225G
User Capacity:    64 023 257 088 bytes [64,0 GB]
Sector Size:      512 bytes logical/physical
Rotation Rate:    Solid State Device
Device is:        In smartctl database [for details use: -P show]
ATA Version is:   ACS-2 (minor revision not indicated)
SATA Version is:  SATA 3.1, 6.0 Gb/s (current: 6.0 Gb/s)
Local Time is:    Wed Oct 18 22:14:39 2017 MSK
SMART support is: Available - device has SMART capability.
SMART support is: Enabled


REPORT-IOCTL: Device=/dev/sda Command=SMART READ ATTRIBUTE VALUES
 Input:   FR=0xd0, SC=0x01, LL=...., LM=0x4f, LH=0xc2, DEV=...., CMD=0xb0 IN
 [ata pass-through(16): 85 08 0e 00 d0 00 01 00 00 00 4f 00 c2 00 b0 00 ]
  scsi_status=0x0, host_status=0x0, driver_status=0x0
  info=0x0  duration=0 milliseconds  resid=0
  Incoming data, len=512 [only first 256 bytes shown]:
 00     01 00 01 00 00 64 64 00  00 00 00 00 00 00 05 00
 10     00 64 64 00 00 00 00 00  00 00 09 00 00 64 64 1b
 20     03 00 00 00 00 00 0c 00  00 64 64 86 01 00 00 00
 30     00 00 a0 00 00 64 64 00  00 00 00 00 00 00 a1 00
 40     00 64 64 9b 00 00 00 00  00 00 a3 00 00 64 64 09
 50     00 00 00 00 00 00 a4 00  00 64 64 f3 38 00 00 00
 60     00 00 a5 00 00 64 64 25  00 00 00 00 00 00 a6 00
 70     00 64 64 00 00 00 00 00  00 00 a7 00 00 64 64 06
 80     00 00 00 00 00 00 a8 00  00 64 64 b8 0b 00 00 00
 90     00 00 a9 00 00 64 64 64  00 00 00 00 00 00 af 00
 a0     00 64 64 00 00 00 00 00  00 00 b0 00 00 64 64 00
 b0     00 00 00 00 00 00 b1 00  00 64 64 00 00 00 00 00
 c0     00 00 b2 00 00 64 64 00  00 00 00 00 00 00 b5 00
 d0     00 64 64 00 00 00 00 00  00 00 b6 00 00 64 64 00
 e0     00 00 00 00 00 00 c0 00  00 64 64 0a 00 00 00 00
 f0     00 00 c2 00 00 64 64 17  00 00 00 00 00 00 c3 00
 [Duration: 0,001s]
REPORT-IOCTL: Device=/dev/sda Command=SMART READ ATTRIBUTE VALUES returned 0

===== [SMART READ ATTRIBUTE VALUES] DATA START (BASE-16) =====
000-015: 01 00 01 00 00 64 64 00 00 00 00 00 00 00 05 00 |.....dd.........|
016-031: 00 64 64 00 00 00 00 00 00 00 09 00 00 64 64 1b |.dd..........dd.|
032-047: 03 00 00 00 00 00 0c 00 00 64 64 86 01 00 00 00 |.........dd.....|
048-063: 00 00 a0 00 00 64 64 00 00 00 00 00 00 00 a1 00 |.....dd.........|
064-079: 00 64 64 9b 00 00 00 00 00 00 a3 00 00 64 64 09 |.dd..........dd.|
080-095: 00 00 00 00 00 00 a4 00 00 64 64 f3 38 00 00 00 |.........dd.8...|
096-111: 00 00 a5 00 00 64 64 25 00 00 00 00 00 00 a6 00 |.....dd%........|
112-127: 00 64 64 00 00 00 00 00 00 00 a7 00 00 64 64 06 |.dd..........dd.|
128-143: 00 00 00 00 00 00 a8 00 00 64 64 b8 0b 00 00 00 |.........dd.....|
144-159: 00 00 a9 00 00 64 64 64 00 00 00 00 00 00 af 00 |.....ddd........|
160-175: 00 64 64 00 00 00 00 00 00 00 b0 00 00 64 64 00 |.dd..........dd.|
176-191: 00 00 00 00 00 00 b1 00 00 64 64 00 00 00 00 00 |.........dd.....|
192-207: 00 00 b2 00 00 64 64 00 00 00 00 00 00 00 b5 00 |.....dd.........|
208-223: 00 64 64 00 00 00 00 00 00 00 b6 00 00 64 64 00 |.dd..........dd.|
224-239: 00 00 00 00 00 00 c0 00 00 64 64 0a 00 00 00 00 |.........dd.....|
240-255: 00 00 c2 00 00 64 64 17 00 00 00 00 00 00 c3 00 |.....dd.........|
256-271: 00 64 64 fc 00 00 00 00 00 00 c4 00 00 64 64 00 |.dd..........dd.|
272-287: 00 00 00 00 00 00 c5 00 00 64 64 00 00 00 00 00 |.........dd.....|
288-303: 00 00 c6 00 00 64 64 00 00 00 00 00 00 00 c7 00 |.....dd.........|
304-319: 00 64 64 00 00 00 00 00 00 00 e8 00 00 64 64 64 |.dd..........ddd|
320-335: 00 00 00 00 00 00 f1 00 00 64 64 0a 17 00 00 00 |.........dd.....|
336-351: 00 00 f2 00 00 64 64 43 24 00 00 00 00 00 f5 00 |.....ddC$.......|
352-367: 00 64 64 f3 38 00 00 00 00 00 02 00 39 00 00 71 |.dd.8.......9..q|
368-383: 02 00 01 00 01 01 01 00 00 00 00 00 00 00 00 00 |................|
384-399: 00 00 4f 31 32 32 35 47 20 20 00 00 00 00 00 00 |..O1225G  ......|
400-415: 54 53 36 35 30 30 00 00 00 00 00 00 00 00 00 00 |TS6500..........|
416-431: 00 00 00 00 00 00 00 00 00 00 00 00 00 00 00 00 |................|
432-447: 00 00 00 00 00 00 00 00 00 00 00 00 00 00 00 00 |................|
448-463: 00 00 00 00 00 00 00 00 00 00 00 00 00 00 00 00 |................|
464-479: 00 00 00 00 00 00 00 00 00 00 00 00 00 00 00 00 |................|
480-495: 00 00 00 00 00 00 00 00 00 00 00 00 00 00 00 00 |................|
496-511: 00 00 00 00 00 00 00 00 00 00 00 00 00 00 00 a3 |................|
===== [SMART READ ATTRIBUTE VALUES] DATA END (512 Bytes) =====

=== START OF READ SMART DATA SECTION ===

REPORT-IOCTL: Device=/dev/sda Command=SMART READ LOG InputParameter=0
 Input:   FR=0xd5, SC=0x01, LL=0x00, LM=0x4f, LH=0xc2, DEV=...., CMD=0xb0 IN
 [ata pass-through(16): 85 08 0e 00 d5 00 01 00 00 00 4f 00 c2 00 b0 00 ]
  scsi_status=0x0, host_status=0x0, driver_status=0x0
  info=0x0  duration=0 milliseconds  resid=0
  Incoming data, len=512 [only first 256 bytes shown]:
 00     01 00 01 00 01 00 01 00  08 00 00 00 01 00 01 00
 10     00 00 01 00 00 00 00 00  00 00 00 00 00 00 00 00
 20     01 00 00 00 00 00 00 00  00 00 00 00 00 00 00 00
 30     00 00 00 00 00 00 00 00  00 00 00 00 00 00 00 00
 40     00 00 00 00 00 00 00 00  00 00 00 00 00 00 00 00
 50     00 00 00 00 00 00 00 00  00 00 00 00 00 00 00 00
 60     09 00 00 00 00 00 00 00  00 00 00 00 00 00 00 00
 70     00 00 00 00 00 00 00 00  00 00 00 00 00 00 00 00
 80     00 00 00 00 00 00 00 00  00 00 00 00 00 00 00 00
 90     00 00 00 00 00 00 00 00  00 00 00 00 00 00 00 00
 a0     00 00 00 00 00 00 00 00  00 00 00 00 00 00 00 00
 b0     00 00 00 00 00 00 00 00  00 00 00 00 00 00 00 00
 c0     00 00 00 00 00 00 00 00  00 00 00 00 00 00 00 00
 d0     00 00 00 00 00 00 00 00  00 00 00 00 00 00 00 00
 e0     00 00 00 00 00 00 00 00  00 00 00 00 00 00 00 00
 f0     00 00 00 00 00 00 00 00  00 00 00 00 00 00 00 00
REPORT-IOCTL: Device=/dev/sda Command=SMART READ LOG returned 0

===== [SMART READ LOG] DATA START (BASE-16) =====
000-015: 01 00 01 00 01 00 01 00 08 00 00 00 01 00 01 00 |................|
016-031: 00 00 01 00 00 00 00 00 00 00 00 00 00 00 00 00 |................|
032-047: 01 00 00 00 00 00 00 00 00 00 00 00 00 00 00 00 |................|
048-063: 00 00 00 00 00 00 00 00 00 00 00 00 00 00 00 00 |................|
064-079: 00 00 00 00 00 00 00 00 00 00 00 00 00 00 00 00 |................|
080-095: 00 00 00 00 00 00 00 00 00 00 00 00 00 00 00 00 |................|
096-111: 09 00 00 00 00 00 00 00 00 00 00 00 00 00 00 00 |................|
112-127: 00 00 00 00 00 00 00 00 00 00 00 00 00 00 00 00 |................|
128-143: 00 00 00 00 00 00 00 00 00 00 00 00 00 00 00 00 |................|
144-159: 00 00 00 00 00 00 00 00 00 00 00 00 00 00 00 00 |................|
160-175: 00 00 00 00 00 00 00 00 00 00 00 00 00 00 00 00 |................|
176-191: 00 00 00 00 00 00 00 00 00 00 00 00 00 00 00 00 |................|
192-207: 00 00 00 00 00 00 00 00 00 00 00 00 00 00 00 00 |................|
208-223: 00 00 00 00 00 00 00 00 00 00 00 00 00 00 00 00 |................|
224-239: 00 00 00 00 00 00 00 00 00 00 00 00 00 00 00 00 |................|
240-255: 00 00 00 00 00 00 00 00 00 00 00 00 00 00 00 00 |................|
256-271: 10 00 10 00 10 00 10 00 10 00 10 00 10 00 10 00 |................|
272-287: 10 00 10 00 10 00 10 00 10 00 10 00 10 00 10 00 |................|
288-303: 10 00 10 00 10 00 10 00 10 00 10 00 10 00 10 00 |................|
304-319: 10 00 10 00 10 00 10 00 10 00 10 00 10 00 10 00 |................|
320-335: 00 00 00 00 00 00 00 00 00 00 00 00 00 00 00 00 |................|
336-351: 00 00 00 00 00 00 00 00 00 00 00 00 00 00 00 00 |................|
352-367: 00 00 00 00 00 00 00 00 00 00 00 00 00 00 00 00 |................|
368-383: 00 00 00 00 00 00 00 00 00 00 00 00 00 00 00 00 |................|
384-399: 00 00 00 00 00 00 00 00 00 00 00 00 00 00 00 00 |................|
400-415: 00 00 00 00 00 00 00 00 00 00 00 00 00 00 00 00 |................|
416-431: 00 00 00 00 00 00 00 00 00 00 00 00 00 00 00 00 |................|
432-447: 00 00 00 00 00 00 00 00 00 00 00 00 00 00 00 00 |................|
448-463: 00 00 00 00 00 00 00 00 00 00 00 00 00 00 00 00 |................|
464-479: 00 00 00 00 00 00 00 00 00 00 00 00 00 00 00 00 |................|
480-495: 00 00 00 00 00 00 00 00 00 00 00 00 00 00 00 00 |................|
496-511: 00 00 00 00 00 00 00 00 00 00 00 00 00 00 00 00 |................|
===== [SMART READ LOG] DATA END (512 Bytes) =====


REPORT-IOCTL: Device=/dev/sda Command=SMART READ LOG InputParameter=6
 Input:   FR=0xd5, SC=0x01, LL=0x06, LM=0x4f, LH=0xc2, DEV=...., CMD=0xb0 IN
 [ata pass-through(16): 85 08 0e 00 d5 00 01 00 06 00 4f 00 c2 00 b0 00 ]
  scsi_status=0x0, host_status=0x0, driver_status=0x0
  info=0x0  duration=3 milliseconds  resid=0
  Incoming data, len=512 [only first 256 bytes shown]:
 00     01 00 01 00 de 00 00 00  00 00 00 00 00 00 00 00
 10     00 00 00 00 00 00 00 00  00 00 02 00 e2 00 00 00
 20     00 00 00 00 00 00 00 00  00 00 00 00 00 00 00 00
 30     00 00 02 00 e3 00 00 00  00 00 00 00 00 00 00 00
 40     00 00 00 00 00 00 00 00  00 00 01 00 e4 00 00 00
 50     00 00 00 00 00 00 00 00  00 00 00 00 00 00 00 00
 60     00 00 01 00 e8 00 00 00  00 00 00 00 00 00 00 00
 70     00 00 00 00 00 00 00 00  00 00 01 00 e9 00 00 00
 80     00 00 00 00 00 00 00 00  00 00 00 00 00 00 00 00
 90     00 00 01 00 ec 00 00 00  00 00 00 00 00 00 00 00
 a0     00 00 00 00 00 00 00 00  00 00 01 00 ed 00 00 00
 b0     00 00 00 00 00 00 00 00  00 00 00 00 00 00 00 00
 c0     00 00 01 00 f3 00 00 00  00 00 00 00 00 00 00 00
 d0     00 00 00 00 00 00 00 00  00 00 01 00 fa 00 00 00
 e0     00 00 00 00 00 00 00 00  00 00 00 00 00 00 00 00
 f0     00 00 02 00 fe 00 00 00  00 00 00 00 00 00 00 00
 [Duration: 0,001s]
REPORT-IOCTL: Device=/dev/sda Command=SMART READ LOG returned 0

===== [SMART READ LOG] DATA START (BASE-16) =====
000-015: 01 00 01 00 de 00 00 00 00 00 00 00 00 00 00 00 |................|
016-031: 00 00 00 00 00 00 00 00 00 00 02 00 e2 00 00 00 |................|
032-047: 00 00 00 00 00 00 00 00 00 00 00 00 00 00 00 00 |................|
048-063: 00 00 02 00 e3 00 00 00 00 00 00 00 00 00 00 00 |................|
064-079: 00 00 00 00 00 00 00 00 00 00 01 00 e4 00 00 00 |................|
080-095: 00 00 00 00 00 00 00 00 00 00 00 00 00 00 00 00 |................|
096-111: 00 00 01 00 e8 00 00 00 00 00 00 00 00 00 00 00 |................|
112-127: 00 00 00 00 00 00 00 00 00 00 01 00 e9 00 00 00 |................|
128-143: 00 00 00 00 00 00 00 00 00 00 00 00 00 00 00 00 |................|
144-159: 00 00 01 00 ec 00 00 00 00 00 00 00 00 00 00 00 |................|
160-175: 00 00 00 00 00 00 00 00 00 00 01 00 ed 00 00 00 |................|
176-191: 00 00 00 00 00 00 00 00 00 00 00 00 00 00 00 00 |................|
192-207: 00 00 01 00 f3 00 00 00 00 00 00 00 00 00 00 00 |................|
208-223: 00 00 00 00 00 00 00 00 00 00 01 00 fa 00 00 00 |................|
224-239: 00 00 00 00 00 00 00 00 00 00 00 00 00 00 00 00 |................|
240-255: 00 00 02 00 fe 00 00 00 00 00 00 00 00 00 00 00 |................|
256-271: 00 00 00 00 00 00 00 00 00 00 01 00 12 00 00 00 |................|
272-287: 00 00 00 00 00 00 00 00 00 00 00 00 00 00 00 00 |................|
288-303: 00 00 01 00 17 00 00 00 00 00 00 00 00 00 00 00 |................|
304-319: 00 00 00 00 00 00 00 00 00 00 01 00 17 00 00 00 |................|
320-335: 00 00 00 00 00 00 00 00 00 00 00 00 00 00 00 00 |................|
336-351: 00 00 01 00 c2 00 00 00 00 00 00 00 00 00 00 00 |................|
352-367: 00 00 00 00 00 00 00 00 00 00 02 00 c3 00 00 00 |................|
368-383: 00 00 00 00 00 00 00 00 00 00 00 00 00 00 00 00 |................|
384-399: 00 00 01 00 c5 00 00 00 00 00 00 00 00 00 00 00 |................|
400-415: 00 00 00 00 00 00 00 00 00 00 01 00 cc 00 00 00 |................|
416-431: 00 00 00 00 00 00 00 00 00 00 00 00 00 00 00 00 |................|
432-447: 00 00 01 00 d6 00 00 00 00 00 00 00 00 00 00 00 |................|
448-463: 00 00 00 00 00 00 00 00 00 00 01 00 d8 00 00 00 |................|
464-479: 00 00 00 00 00 00 00 00 00 00 00 00 00 00 00 00 |................|
480-495: 00 00 01 00 d9 00 00 00 00 00 00 00 00 00 00 00 |................|
496-511: 00 00 00 00 00 00 00 00 00 00 00 00 0e 00 00 df |................|
===== [SMART READ LOG] DATA END (512 Bytes) =====

SMART Self-test log structure revision number 1
Num  Test_Description    Status                  Remaining  LifeTime(hours)  LBA_of_first_error
# 1  Short offline       Completed without error       00%        23         -
# 2  Short offline       Completed without error       00%        23         -
# 3  Short offline       Completed without error       00%        18         -
# 4  Extended offline    Completed without error       00%       254         -
# 5  Short offline       Completed without error       00%       250         -
# 6  Short offline       Completed without error       00%       243         -
# 7  Short offline       Completed without error       00%       237         -
# 8  Short offline       Completed without error       00%       236         -
# 9  Short offline       Completed without error       00%       233         -
#10  Short offline       Completed without error       00%       232         -
#11  Short offline       Completed without error       00%       228         -
#12  Extended offline    Completed without error       00%       227         -
#13  Extended offline    Completed without error       00%       226         -
#14  Short offline       Completed without error       00%       222         -
#15  Short offline       Completed without error       00%       217         -
#16  Short offline       Completed without error       00%       216         -
#17  Short offline       Completed without error       00%       214         -
#18  Short offline       Completed without error       00%       204         -
#19  Short offline       Completed without error       00%       197         -
#20  Extended offline    Completed without error       00%       195         -
#21  Short offline       Completed without error       00%       194         -

