smartctl 7.4 2023-08-01 r5530 [x86_64-linux-4.14.23-ck1-mainline-core2-rjvb] (local build)
Copyright (C) 2002-23, Bruce Allen, Christian Franke, www.smartmontools.org

=== START OF INFORMATION SECTION ===
Model Family:     Silicon Motion based SSDs
Device Model:     KINGSTON SKC600MS256G
Serial Number:    50026B77856B72A3
LU WWN Device Id: 5 0026b7 7856b72a3
Firmware Version: S4800105
User Capacity:    256,060,514,304 bytes [256 GB]
Sector Sizes:     512 bytes logical, 4096 bytes physical
Rotation Rate:    Solid State Device
Form Factor:      2.5 inches
TRIM Command:     Available, deterministic, zeroed
Device is:        In smartctl database 7.3/5533
ATA Version is:   ACS-3 T13/2161-D revision 5
SATA Version is:  SATA 3.3, 6.0 Gb/s (current: 6.0 Gb/s)
Local Time is:    Sat Sep  9 18:44:22 2023 CEST
SMART support is: Available - device has SMART capability.
SMART support is: Enabled
AAM feature is:   Unavailable
APM level is:     254 (maximum performance)
Rd look-ahead is: Enabled
Write cache is:   Enabled
DSN feature is:   Unavailable
ATA Security is:  Disabled, NOT FROZEN [SEC1]
Wt Cache Reorder: Unknown

=== START OF READ SMART DATA SECTION ===
SMART overall-health self-assessment test result: PASSED

General SMART Values:
Offline data collection status:  (0x82)	Offline data collection activity
					was completed without error.
					Auto Offline Data Collection: Enabled.
Self-test execution status:      (   0)	The previous self-test routine completed
					without error or no self-test has ever 
					been run.
Total time to complete Offline 
data collection: 		(    0) seconds.
Offline data collection
capabilities: 			 (0x7b) SMART execute Offline immediate.
					Auto Offline data collection on/off support.
					Suspend Offline collection upon new
					command.
					Offline surface scan supported.
					Self-test supported.
					Conveyance Self-test supported.
					Selective Self-test supported.
SMART capabilities:            (0x0002)	Does not save SMART data before
					entering power-saving mode.
					Supports SMART auto save timer.
Error logging capability:        (0x01)	Error logging supported.
					General Purpose Logging supported.
Short self-test routine 
recommended polling time: 	 (   2) minutes.
Extended self-test routine
recommended polling time: 	 (  30) minutes.
Conveyance self-test routine
recommended polling time: 	 (   2) minutes.
SCT capabilities: 	       (0x0031)	SCT Status supported.
					SCT Feature Control supported.
					SCT Data Table supported.

SMART Attributes Data Structure revision number: 16
Vendor Specific SMART Attributes with Thresholds:
ID# ATTRIBUTE_NAME          FLAGS    VALUE WORST THRESH FAIL RAW_VALUE
  1 Raw_Read_Error_Rate     ------   100   100   000    -    0
  5 Reallocated_Sector_Ct   ------   100   100   000    -    0
  9 Power_On_Hours          ------   100   100   000    -    5
 12 Power_Cycle_Count       ------   100   100   000    -    2
148 Total_SLC_Erase_Ct      ------   100   100   000    -    19
149 Max_SLC_Erase_Ct        ------   100   100   000    -    2
150 Min_SLC_Erase_Ct        ------   100   100   000    -    0
151 Average_SLC_Erase_Ct    ------   100   100   000    -    1
159 DRAM_1_Bit_Error_Count  ------   100   100   000    -    0
160 Uncorrectable_Error_Cnt ------   100   100   000    -    0
161 Valid_Spare_Block_Cnt   ------   100   100   000    -    37
164 Total_Erase_Count       ------   100   100   000    -    1487
165 Max_Erase_Count         ------   100   100   000    -    6
166 Min_Erase_Count         ------   100   100   000    -    2
167 Average_Erase_Count     ------   100   100   000    -    2
169 Remaining_Lifetime_Perc ------   100   100   000    -    100
177 Wear_Leveling_Count     ------   100   100   050    -    0
181 Program_Fail_Cnt_Total  ------   100   100   000    -    0
182 Erase_Fail_Count_Total  ------   100   100   000    -    0
192 Power-Off_Retract_Count ------   100   100   000    -    0
194 Temperature_Celsius     ------   043   063   000    -    43
195 Hardware_ECC_Recovered  ------   100   100   000    -    0
196 Reallocated_Event_Count ------   100   100   016    -    0
199 UDMA_CRC_Error_Count    ------   100   100   050    -    0
231 SSD_Life_Left           ------   100   100   000    -    100
232 Available_Reservd_Space ------   100   100   000    -    100
241 Host_Writes_32MiB       ------   100   100   000    -    13512
242 Host_Reads_32MiB        ------   100   100   000    -    0
245 TLC_Writes_32MiB        ------   100   100   000    -    24535
                            ||||||_ K auto-keep
                            |||||__ C event count
                            ||||___ R error rate
                            |||____ S speed/performance
                            ||_____ O updated online
                            |______ P prefailure warning

General Purpose Log Directory Version 1
SMART           Log Directory Version 1 [multi-sector log support]
Address    Access  R/W   Size  Description
0x00       GPL,SL  R/O      1  Log Directory
0x01           SL  R/O      1  Summary SMART error log
0x02           SL  R/O      1  Comprehensive SMART error log
0x03       GPL     R/O      1  Ext. Comprehensive SMART error log
0x04       GPL,SL  R/O      8  Device Statistics log
0x06           SL  R/O      1  SMART self-test log
0x07       GPL     R/O      1  Extended self-test log
0x09           SL  R/W      1  Selective self-test log
0x10       GPL     R/O      1  NCQ Command Error log
0x11       GPL     R/O      1  SATA Phy Event Counters log
0x24       GPL     R/O     88  Current Device Internal Status Data log
0x25       GPL     R/O    128  Saved Device Internal Status Data log
0x30       GPL,SL  R/O      9  IDENTIFY DEVICE data log
0x80-0x9f  GPL,SL  R/W     16  Host vendor specific log
0xd1       GPL,SL  VS     128  Device vendor specific log
0xd2       GPL,SL  VS       8  Device vendor specific log
0xe0       GPL,SL  R/W      1  SCT Command/Status
0xe1       GPL,SL  R/W      1  SCT Data Transfer

SMART Extended Comprehensive Error Log Version: 1 (1 sectors)
No Errors Logged

SMART Error Log Version: 1
Warning: ATA error count 0 inconsistent with error log pointer 1

ATA Error Count: 0
	CR = Command Register [HEX]
	FR = Features Register [HEX]
	SC = Sector Count Register [HEX]
	SN = Sector Number Register [HEX]
	CL = Cylinder Low Register [HEX]
	CH = Cylinder High Register [HEX]
	DH = Device/Head Register [HEX]
	DC = Device Command Register [HEX]
	ER = Error register [HEX]
	ST = Status register [HEX]
Powered_Up_Time is measured from power on, and printed as
DDd+hh:mm:SS.sss where DD=days, hh=hours, mm=minutes,
SS=sec, and sss=millisec. It "wraps" after 49.710 days.

Error 0 occurred at disk power-on lifetime: 0 hours (0 days + 0 hours)
  When the command that caused the error occurred, the device was in an unknown state.

  After command completion occurred, registers were:
  ER ST SC SN CL CH DH
  -- -- -- -- -- -- --
  00 ec 00 00 00 00 00

  Commands leading to the command that caused the error were:
  CR FR SC SN CL CH DH DC   Powered_Up_Time  Command/Feature_Name
  -- -- -- -- -- -- -- --  ----------------  --------------------
  ec 00 00 00 00 00 00 00      00:00:00.000  IDENTIFY DEVICE
  ec 00 00 00 00 00 00 00      00:00:00.000  IDENTIFY DEVICE
  ec 00 00 00 00 00 00 00      00:00:00.000  IDENTIFY DEVICE
  ec 00 00 00 00 00 00 00      00:00:00.000  IDENTIFY DEVICE
  c8 00 00 00 00 00 00 00      00:00:00.000  READ DMA

SMART Extended Self-test Log Version: 1 (1 sectors)
Num  Test_Description    Status                  Remaining  LifeTime(hours)  LBA_of_first_error
# 1  Extended offline    Completed without error       00%         4         -

SMART Self-test log structure revision number 1
Num  Test_Description    Status                  Remaining  LifeTime(hours)  LBA_of_first_error
# 1  Extended offline    Completed without error       00%         4         -

SMART Selective self-test log data structure revision number 1
 SPAN  MIN_LBA  MAX_LBA  CURRENT_TEST_STATUS
    1        0        0  Not_testing
    2        0        0  Not_testing
    3        0        0  Not_testing
    4        0        0  Not_testing
    5        0        0  Not_testing
Selective self-test flags (0x0):
  After scanning selected spans, do NOT read-scan remainder of disk.
If Selective self-test is pending on power-up, resume after 0 minute delay.

SCT Status Version:                  3
SCT Version (vendor specific):       1 (0x0001)
Device State:                        Active (0)
Current Temperature:                    43 Celsius
Power Cycle Min/Max Temperature:     26/63 Celsius
Lifetime    Min/Max Temperature:     26/63 Celsius
Under/Over Temperature Limit Count:   0/0

SCT Temperature History Version:     2
Temperature Sampling Period:         1 minute
Temperature Logging Interval:        1 minute
Min/Max recommended Temperature:      0/100 Celsius
Min/Max Temperature Limit:            0/100 Celsius
Temperature History Size (Index):    128 (92)

Index    Estimated Time   Temperature Celsius
  93    2023-09-09 16:37     0  -
 ...    ..( 33 skipped).    ..  -
 127    2023-09-09 17:11     0  -
   0    2023-09-09 17:12     ?  -
   1    2023-09-09 17:13     ?  -
   2    2023-09-09 17:14     ?  -
   3    2023-09-09 17:15    28  *********
   4    2023-09-09 17:16    34  ***************
   5    2023-09-09 17:17    37  ******************
   6    2023-09-09 17:18    38  *******************
   7    2023-09-09 17:19    44  *************************
   8    2023-09-09 17:20    46  ***************************
   9    2023-09-09 17:21    51  ********************************
  10    2023-09-09 17:22    53  **********************************
  11    2023-09-09 17:23    54  ***********************************
  12    2023-09-09 17:24    54  ***********************************
  13    2023-09-09 17:25    56  *************************************
 ...    ..(  2 skipped).    ..  *************************************
  16    2023-09-09 17:28    56  *************************************
  17    2023-09-09 17:29    57  **************************************
 ...    ..(  3 skipped).    ..  **************************************
  21    2023-09-09 17:33    57  **************************************
  22    2023-09-09 17:34    58  ***************************************
  23    2023-09-09 17:35    56  *************************************
  24    2023-09-09 17:36    56  *************************************
  25    2023-09-09 17:37    57  **************************************
  26    2023-09-09 17:38    56  *************************************
 ...    ..(  2 skipped).    ..  *************************************
  29    2023-09-09 17:41    56  *************************************
  30    2023-09-09 17:42    54  ***********************************
  31    2023-09-09 17:43    55  ************************************
  32    2023-09-09 17:44    55  ************************************
  33    2023-09-09 17:45    56  *************************************
  34    2023-09-09 17:46    56  *************************************
  35    2023-09-09 17:47    56  *************************************
  36    2023-09-09 17:48    57  **************************************
  37    2023-09-09 17:49    57  **************************************
  38    2023-09-09 17:50    56  *************************************
  39    2023-09-09 17:51    57  **************************************
  40    2023-09-09 17:52    57  **************************************
  41    2023-09-09 17:53    58  ***************************************
  42    2023-09-09 17:54    58  ***************************************
  43    2023-09-09 17:55    57  **************************************
  44    2023-09-09 17:56    59  ****************************************
  45    2023-09-09 17:57    59  ****************************************
  46    2023-09-09 17:58    63  ***************************************+
  47    2023-09-09 17:59    60  ***************************************+
  48    2023-09-09 18:00    59  ****************************************
  49    2023-09-09 18:01    59  ****************************************
  50    2023-09-09 18:02    57  **************************************
  51    2023-09-09 18:03     ?  -
  52    2023-09-09 18:04    46  ***************************
  53    2023-09-09 18:05    44  *************************
  54    2023-09-09 18:06    44  *************************
  55    2023-09-09 18:07    44  *************************
  56    2023-09-09 18:08     ?  -
  57    2023-09-09 18:09    44  *************************
  58    2023-09-09 18:10    44  *************************
  59    2023-09-09 18:11    46  ***************************
  60    2023-09-09 18:12    48  *****************************
  61    2023-09-09 18:13    48  *****************************
  62    2023-09-09 18:14    50  *******************************
  63    2023-09-09 18:15    50  *******************************
  64    2023-09-09 18:16    50  *******************************
  65    2023-09-09 18:17    51  ********************************
  66    2023-09-09 18:18    51  ********************************
  67    2023-09-09 18:19    51  ********************************
  68    2023-09-09 18:20    52  *********************************
 ...    ..(  5 skipped).    ..  *********************************
  74    2023-09-09 18:26    52  *********************************
  75    2023-09-09 18:27    53  **********************************
  76    2023-09-09 18:28    52  *********************************
  77    2023-09-09 18:29    53  **********************************
 ...    ..(  2 skipped).    ..  **********************************
  80    2023-09-09 18:32    53  **********************************
  81    2023-09-09 18:33     ?  -
  82    2023-09-09 18:34    47  ****************************
  83    2023-09-09 18:35     ?  -
  84    2023-09-09 18:36    44  *************************
  85    2023-09-09 18:37    44  *************************
  86    2023-09-09 18:38    43  ************************
  87    2023-09-09 18:39     ?  -
  88    2023-09-09 18:40    43  ************************
 ...    ..(  3 skipped).    ..  ************************
  92    2023-09-09 18:44    43  ************************

SCT Error Recovery Control command not supported

Device Statistics (GP Log 0x04)
Page  Offset Size        Value Flags Description
0x01  =====  =               =  ===  == General Statistics (rev 1) ==
0x01  0x008  4               2  ---  Lifetime Power-On Resets
0x01  0x010  4               5  ---  Power-on Hours
0x01  0x018  6       885582272  ---  Logical Sectors Written
0x01  0x020  6          872419  ---  Number of Write Commands
0x01  0x028  6           11428  ---  Logical Sectors Read
0x01  0x030  6            1141  ---  Number of Read Commands
0x01  0x038  6        18517865  ---  Date and Time TimeStamp
0x04  =====  =               =  ===  == General Errors Statistics (rev 1) ==
0x04  0x008  4               0  ---  Number of Reported Uncorrectable Errors
0x04  0x010  4               0  ---  Resets Between Cmd Acceptance and Completion
0x05  =====  =               =  ===  == Temperature Statistics (rev 1) ==
0x05  0x008  1              43  ---  Current Temperature
0x05  0x010  1              50  ---  Average Short Term Temperature
0x05  0x018  1              52  ---  Average Long Term Temperature
0x05  0x020  1              63  ---  Highest Temperature
0x05  0x028  1              26  ---  Lowest Temperature
0x05  0x030  1              56  ---  Highest Average Short Term Temperature
0x05  0x038  1               0  ---  Lowest Average Short Term Temperature
0x05  0x040  1              52  ---  Highest Average Long Term Temperature
0x05  0x048  1               0  ---  Lowest Average Long Term Temperature
0x05  0x050  4               0  ---  Time in Over-Temperature
0x05  0x058  1              70  ---  Specified Maximum Operating Temperature
0x05  0x060  4               0  ---  Time in Under-Temperature
0x05  0x068  1               0  ---  Specified Minimum Operating Temperature
0x06  =====  =               =  ===  == Transport Statistics (rev 1) ==
0x06  0x008  4               5  ---  Number of Hardware Resets
0x06  0x010  4               0  ---  Number of ASR Events
0x06  0x018  4               0  ---  Number of Interface CRC Errors
0x07  =====  =               =  ===  == Solid State Device Statistics (rev 1) ==
0x07  0x008  1               0  ---  Percentage Used Endurance Indicator
                                |||_ C monitored condition met
                                ||__ D supports DSN
                                |___ N normalized value

Pending Defects log (GP Log 0x0c) not supported

SATA Phy Event Counters (GP Log 0x11)
ID      Size     Value  Description
0x0001  2            0  Command failed due to ICRC error
0x0002  2            0  R_ERR response for data FIS
0x0003  2            0  R_ERR response for device-to-host data FIS
0x0004  2            0  R_ERR response for host-to-device data FIS
0x0005  2            0  R_ERR response for non-data FIS
0x0006  2            0  R_ERR response for device-to-host non-data FIS
0x0007  2            0  R_ERR response for host-to-device non-data FIS
0x0008  2            0  Device-to-host non-data FIS retries
0x0009  2            0  Transition from drive PhyRdy to drive PhyNRdy
0x000a  2            1  Device-to-host register FISes sent due to a COMRESET
0x000b  2            0  CRC errors within host-to-device FIS
0x000d  2            0  Non-CRC errors within host-to-device FIS
0x000f  2            0  R_ERR response for host-to-device data FIS, CRC
0x0010  2            0  R_ERR response for host-to-device data FIS, non-CRC
0x0012  2            0  R_ERR response for host-to-device non-data FIS, CRC
0x0013  2            0  R_ERR response for host-to-device non-data FIS, non-CRC

